11-25 17:32:29.081  1179  3593 D ACDB-LOADER: ACDB -> send_audstrmtable
11-25 17:32:29.081  4146  4146 I GoogleInputMethodService: GoogleInputMethodService.onFinishInput():3293 
11-25 17:32:29.081  1179  3593 D ACDB-LOADER: ACDB -> ACDB_CMD_GET_AUDPROC_INSTANCE_STREAM_TABLE
11-25 17:32:29.081  1179  3593 D ACDB-LOADER: ACDB -> audstrm_cal->cal_type.cal_data.cal_size = 536
11-25 17:32:29.081  1179  3593 D ACDB-LOADER: ACDB -> send_afe_topology
11-25 17:32:29.081  1179  3593 D ACDB-LOADER: ACDB -> ACDB_CMD_GET_AFE_TOPOLOGY_ID
11-25 17:32:29.081  1179  3593 D ACDB-LOADER: ACDB -> GET_AFE_TOPOLOGY_ID for adcd_id 513, Topology Id 112fc
11-25 17:32:29.081  1179  3593 D ACDB-LOADER: ACDB -> send_afe_cal
11-25 17:32:29.081  1179  3593 D ACDB-LOADER: ACDB -> ACDB_CMD_GET_AFE_INSTANCE_COMMON_TABLE_SIZE
11-25 17:32:29.081  1179  3593 D android.hardware.audio.service: Failed to fetch the lookup information of the device 00000201 
11-25 17:32:29.081  1179  3593 D ACDB-LOADER: Error: ACDB_CMD_GET_AFE_INSTANCE_COMMON_TABLE_SIZE Returned = -19
11-25 17:32:29.081  1179  3593 D ACDB-LOADER: ACDB -> ACDB_CMD_GET_AFE_INSTANCE_COMMON_TABLE
11-25 17:32:29.081  1179  3593 D android.hardware.audio.service: Failed to fetch the lookup information of the device 00000201 
11-25 17:32:29.081  1179  3593 D ACDB-LOADER: Error: ACDB AFE returned = -19
11-25 17:32:29.081  1179  3593 D ACDB-LOADER: ACDB -> AUDIO_SET_AFE_CAL cal_type[16] acdb_id[513]
11-25 17:32:29.081  1179  3593 D ACDB-LOADER: ACDB -> send_hw_delay : acdb_id = 513 path = 0
11-25 17:32:29.081  1179  3593 D ACDB-LOADER: ACDB -> ACDB_AVSYNC_INFO: ACDB_CMD_GET_DEVICE_PROPERTY
11-25 17:32:29.081  1179  3593 D audio_hw_primary: enable_audio_route: apply mixer and update path: low-latency-playback speaker
11-25 17:32:29.081  1179  3593 D audio_route: Apply path: low-latency-playback speaker
11-25 17:32:29.083  4146  4146 I GoogleInputMethodService: GoogleInputMethodService.onStartInput():1981 
11-25 17:32:29.084  4146  4146 I DeviceUnlockedTag: DeviceUnlockedTag.notifyDeviceLockStatusChanged():79 Notify device unlocked.
11-25 17:32:29.088  1159  1159 D Zygote  : Forked child process 18794
11-25 17:32:29.088  1826  2015 I ActivityManager: Start proc 18794:sample.mapsted.com/u0a329 for pre-top-activity {sample.mapsted.com/sample.mapsted.com.SampleMainLaunchActivity}
11-25 17:32:29.093  1179  3593 D msm8974_platform: platform_set_channel_map mixer_ctl_name:Playback Channel Map13
11-25 17:32:29.093  1179  3593 D msm8974_platform: platform_set_channel_map: set mapping(1 2 0 0 0 0 0 0) for channel:2
11-25 17:32:29.096  6264  6368 I AssistantForeground: Get launcher package: com.google.android.apps.nexuslauncher
11-25 17:32:29.103 18768 18768 I baba    : SslGuard completed installation.
11-25 17:32:29.105 18794 18794 I ple.mapsted.co: Late-enabling -Xcheck:jni
11-25 17:32:29.124 18768 18768 I Bugle   : BugleApplicationBase: Bugle version: 10.4.465 (10.4.460_rc05.phone_dynamic)
11-25 17:32:29.126 18768 18768 I Bugle   : DarkModeManager: setDarkMode: -1
11-25 17:32:29.128  1541  1648 I adbd    : jdwp connection from 18794
11-25 17:32:29.137 18794 18794 D ProcessState: Binder ioctl to enable oneway spam detection failed: Invalid argument
11-25 17:32:29.169  6264  6264 I GsaVoiceInteractionSrv: Handling ACTION_STOP_HOTWORD
11-25 17:32:29.176 18794 18794 D CompatibilityChangeReporter: Compat change id reported: 171979766; UID 10329; state: ENABLED
11-25 17:32:29.255 18768 18796 I Bugle   : Initializing EmojiCompat
11-25 17:32:29.258 18768 18796 I CarrierServices: [42] anzr.b: Initializing Carrier Services Library.
11-25 17:32:29.265  9078  9091 I FontLog : Received query Noto Color Emoji Compat, URI content://com.google.android.gms.fonts [CONTEXT service_id=132 ]
11-25 17:32:29.265  9078  9091 I FontLog : Query [Noto Color Emoji Compat] resolved to {Noto Color Emoji Compat, wdth 100.0, wght 400, ital 0.0, bestEffort false} [CONTEXT service_id=132 ]
11-25 17:32:29.268  9078  9091 I FontLog : Fetch {Noto Color Emoji Compat, wdth 100.0, wght 400, ital 0.0, bestEffort false} end status Status{statusCode=SUCCESS, resolution=null} [CONTEXT service_id=132 ]
11-25 17:32:29.281  9078  9091 I FontLog : Pulling font file for id = 25, cache size = 5 [CONTEXT service_id=132 ]
11-25 17:32:29.292  1179  2005 D audio_hw_waves: ma_set_source_metadata_l: All tracks was removed from app_type(69936) device_type(2)
11-25 17:32:29.295  9078 23561 I FontLog : Pulling font file for id = 25, cache size = 5 [CONTEXT service_id=132 ]
11-25 17:32:29.327 18768 18796 I CarrierServices: [42] aokg.l: Reinitialize CSLib Flags: com.google.android.ims.library
11-25 17:32:29.390 18768 18796 I CarrierServices: [42] anzr.a: Initializing Carrier Services Logging.
11-25 17:32:29.407 18768 18796 I LogSaver: LogSaver new instance with filename: carrier_services
11-25 17:32:29.447 18768 18796 I BugleBackup: Registering preference change listener for "bugle".
11-25 17:32:29.487 18768 18824 W .apps.messagin: Accessing hidden field Ljava/util/Collections$SynchronizedCollection;->mutex:Ljava/lang/Object; (max-target-o, reflection, denied)
11-25 17:32:29.488 18768 18824 W .apps.messagin: Accessing hidden method Ljava/util/Collections$SynchronizedSet;-><init>(Ljava/util/Set;Ljava/lang/Object;)V (max-target-o, reflection, denied)
11-25 17:32:29.488 18768 18824 W .apps.messagin: Accessing hidden method Ljava/util/Collections$SynchronizedCollection;-><init>(Ljava/util/Collection;Ljava/lang/Object;)V (max-target-o, reflection, denied)
11-25 17:32:29.539 18768 18786 W Bugle   : SubscriptionMetadataUtils get: invalid subId = -1
11-25 17:32:29.543 18768 18786 I Bugle   : TelephonyManagerFactory: Returning per-subscription TelephonyManager (>= N) subscription{id:-1}
11-25 17:32:29.549 18768 18786 W Bugle   : SubscriptionMetadataUtils get: invalid subId = -1
11-25 17:32:29.552 18768 18786 W Bugle   : SubscriptionMetadataUtils get: invalid subId = -1
11-25 17:32:29.554 18768 18786 W Bugle   : SubscriptionMetadataUtils get: invalid subId = -1
11-25 17:32:29.555 18768 18786 W Bugle   : SubscriptionMetadataUtils get: invalid subId = -1
11-25 17:32:29.589 18794 18794 V GraphicsEnvironment: ANGLE Developer option for 'sample.mapsted.com' set to: 'default'
11-25 17:32:29.590 18794 18794 V GraphicsEnvironment: Updatable production driver is not supported on the device.
11-25 17:32:29.592 18794 18794 D NetworkSecurityConfig: No Network Security Config specified, using platform default
11-25 17:32:29.592 18794 18794 D NetworkSecurityConfig: No Network Security Config specified, using platform default
11-25 17:32:29.597 18794 18794 D WM-WrkMgrInitializer: Initializing WorkManager with default configuration.
11-25 17:32:29.635 16835 16835 I WallpaperService: engine paused
11-25 17:32:29.637  1211  1211 I sensors-hal: [hal]activate_physical_sensor:256, android.sensor.gyroscope/41 en=0
11-25 17:32:29.637  1211  1211 E QMI_FW  : qmi_cci_get_ref: ref count increased 2
11-25 17:32:29.637  1211  1211 E QMI_FW  : qmi_cci_get_ref: ref count increased 2
11-25 17:32:29.642  1211  1211 E QMI_FW  : qmi_cci_get_ref: ref count increased 2
11-25 17:32:29.642  1211  1211 E QMI_FW  : qmi_cci_get_ref: ref count increased 2
11-25 17:32:29.643  1211  1211 D Diag_Lib: diag: Diag_LSM_DeInit done for pid: 1211
11-25 17:32:29.643  1211  1211 E QMI_FW  : qmi_cci_get_ref: ref count increased 2
11-25 17:32:29.643  1211  1211 E QMI_FW  : qmi_cci_get_ref: ref count increased 2
11-25 17:32:29.644  1211  1211 D Diag_Lib: diag: Diag_LSM_DeInit done for pid: 1211
11-25 17:32:29.646  1211  1211 I sensors-hal: [hal]activate_physical_sensor:267, android.sensor.gyroscope/41 en=0 completed
11-25 17:32:29.656  6217  6217 I A       : onApplyWindowInsets: systemWindowInsets=Insets{left=0, top=136, right=0, bottom=44}
11-25 17:32:29.656  6217  6217 I A       : onApplyWindowInsets: systemWindowInsets=Insets{left=0, top=136, right=0, bottom=44}
11-25 17:32:29.670 18794 18826 D CompatibilityChangeReporter: Compat change id reported: 160794467; UID 10329; state: ENABLED
11-25 17:32:29.757 18794 18794 W ple.mapsted.co: Accessing hidden method Landroid/view/View;->computeFitSystemWindows(Landroid/graphics/Rect;Landroid/graphics/Rect;)Z (unsupported, reflection, allowed)
11-25 17:32:29.758 18794 18794 W ple.mapsted.co: Accessing hidden method Landroid/view/ViewGroup;->makeOptionalFitsSystemWindows()V (unsupported, reflection, allowed)
11-25 17:32:29.902 18794 18827 I AdrenoGLES-0: QUALCOMM build                   : 85da404, I46ff5fc46f
11-25 17:32:29.902 18794 18827 I AdrenoGLES-0: Build Date                       : 11/30/20
11-25 17:32:29.902 18794 18827 I AdrenoGLES-0: OpenGL ES Shader Compiler Version: EV031.31.04.01
11-25 17:32:29.902 18794 18827 I AdrenoGLES-0: Local Branch                     : promo490_3_Google
11-25 17:32:29.902 18794 18827 I AdrenoGLES-0: Remote Branch                    : 
11-25 17:32:29.902 18794 18827 I AdrenoGLES-0: Remote Branch                    : 
11-25 17:32:29.902 18794 18827 I AdrenoGLES-0: Reconstruct Branch               : 
11-25 17:32:29.902 18794 18827 I AdrenoGLES-0: Build Config                     : S P 10.0.4 AArch64
11-25 17:32:29.902 18794 18827 I AdrenoGLES-0: Driver Path                      : /vendor/lib64/egl/libGLESv2_adreno.so
11-25 17:32:29.903 18794 18827 D hw-ProcessState: Binder ioctl to enable oneway spam detection failed: Invalid argument
11-25 17:32:29.909 18794 18827 I AdrenoGLES-0: PFP: 0x016ee190, ME: 0x00000000
11-25 17:32:29.911 18794 18827 W AdrenoUtils: <ReadGpuID_from_sysfs:197>: Failed to open /sys/class/kgsl/kgsl-3d0/gpu_model
11-25 17:32:29.911 18794 18827 W AdrenoUtils: <ReadGpuID:221>: Failed to read chip ID from gpu_model. Fallback to use the GSL path
11-25 17:32:29.917   674   721 I SDM     : HWCDisplay::GetColorModeCount: Supported color mode count = 3
11-25 17:32:29.918 18794 18827 D hw-ProcessState: Binder ioctl to enable oneway spam detection failed: Invalid argument
11-25 17:32:29.920  9078  9086 I .gms.persisten: Background young concurrent copying GC freed 1449627(77MB) AllocSpace objects, 167(11MB) LOS objects, 57% free, 62MB/146MB, paused 212us,81us total 219.047ms
11-25 17:32:29.963 18768 18796 I BugleRcsEngine: [42] aokg.l: Reinitialize CSLib Flags: com.google.android.ims.library
11-25 17:32:29.964  1826  1943 I ActivityTaskManager: Displayed sample.mapsted.com/.SampleMainLaunchActivity: +933ms
11-25 17:32:29.984 18768 18796 I BugleRcsEngine: [42] aokg.l: Reinitialize CSLib Flags: com.google.android.ims.library
11-25 17:32:29.985  4146  4146 I GoogleInputMethodService: GoogleInputMethodService.onFinishInput():3293 
11-25 17:32:29.986  4146  4146 I GoogleInputMethodService: GoogleInputMethodService.onStartInput():1981 
11-25 17:32:29.986  4146  4146 I DeviceUnlockedTag: DeviceUnlockedTag.notifyDeviceLockStatusChanged():79 Notify device unlocked.
11-25 17:32:29.994 18768 18796 I Bugle   : RcsAvailabilityUtilForProvisioningEngineV2: updateAvailabilityAsync, hint: NO_HINT
11-25 17:32:30.003 18768 18787 W BugleRcsEngine: [37] apax.a: [SR]: Single Registration is disabled. Skipping Single Registration capability check for subId: 2
11-25 17:32:30.008  1826  1950 W ProcessStats: Tracking association SourceState{e40094d com.google.android.googlequicksearchbox:search/10189 BTopFgs #282942} whose proc state 2 is better than process ProcessState{a841e78 com.google.android.gms.persistent/10183 pkg=com.google.android.gms} proc state 3 (5 skipped)
11-25 17:32:30.014 18768 18796 I BugleRcsEngine: [42] aokg.l: Reinitialize CSLib Flags: com.google.android.ims.library
11-25 17:32:30.032 18768 18796 I BugleRcsEngine: [42] apid.e: RcsProvisioningManager: combineConfigurationWithAvailability, simId = redacted-pii:sim_id[chars:19], hasConfig = false
11-25 17:32:30.033 18768 18796 W BugleRcsEngine: [42] apid.e: RcsProvisioningManager: combineConfigurationWithAvailability, RCS is not available (RcsAvailability{mAvailability=BUGLE_LOADING_AVAILABILITY_IN_PROGRESS (Bugle client is still loading the status)}), return empty configuration
11-25 17:32:30.036 18768 18796 I BugleRcsEngine: [42] apid.e: RcsProvisioningManager: combineConfigurationWithAvailability, simId = redacted-pii:sim_id[chars:19], hasConfig = false
11-25 17:32:30.037 18768 18796 W BugleRcsEngine: [42] apid.e: RcsProvisioningManager: combineConfigurationWithAvailability, RCS is not available (RcsAvailability{mAvailability=BUGLE_LOADING_AVAILABILITY_IN_PROGRESS (Bugle client is still loading the status)}), return empty configuration
11-25 17:32:30.045 18768 18796 I BugleRcsProvisioning: BugleSystemBindingManager: onBuglePhenotypeFlagChanged
11-25 17:32:30.047 18768 18796 I BugleRcsProvisioning: BugleSystemBindingManager: onCsLibPhenotypeUpdated
11-25 17:32:30.048 18768 18796 I BugleRcsEngine: [42] afjk.b: SystemBindingManager: force P/H Flag update scheduled and start updateBinding
11-25 17:32:30.053 18768 18785 I BugleRcsEngine: [35] anss.run: SystemBindingManager: SystemBinding enabled: false
11-25 17:32:30.065 18768 18786 W BugleRcsEngine: [36] apax.a: [SR]: Single Registration is disabled. Skipping Single Registration capability check for subId: 2
11-25 17:32:30.110 18768 18785 I BugleRcsEngine: [35] anst.b: System Binding updated
11-25 17:32:30.116 18768 18813 I BugleRcsEngine: [44] apme.b: Using config server URL from anyq
11-25 17:32:30.121 18768 18796 D CompatibilityChangeReporter: Compat change id reported: 160794467; UID 10213; state: ENABLED
11-25 17:32:30.130 18768 18786 I BugleRcsProvisioning: RcsAvailabilityUpdaterLocal: [SR]: SingleRegistration configuration, singleRegistrationRcsConfigAvailableAndEnabled: false, simId: redacted-pii:sim_id[chars:19]
11-25 17:32:30.134 18768 18787 I BugleRcsProvisioning: RcsAvailabilityUpdaterLocal: [SR]: SingleRegistration configuration, singleRegistrationRcsConfigAvailableAndEnabled: false, simId: redacted-pii:sim_id[chars:19]
11-25 17:32:30.145  6055  6078 I CarrierServices: [34] dbn.d: Received Provisioning Event: [Bugle information (100)]
11-25 17:32:30.146  6055  6078 I CarrierServices: [34] dbn.d: JibeService is running, passing event to provisioning engine.
11-25 17:32:30.160 18768 18816 W Bugle   : SubscriptionMetadataUtils get: invalid subId = -1
11-25 17:32:30.163 18768 18816 I Bugle   : CountryCodeDetector: updateMainDeviceCountry from default subscription network country. detected country: in
11-25 17:32:30.184 18768 18787 I BugleRcsProvisioning: RcsAvailabilityUpdaterLocal: updateRcsAvailability, currentAvailability: 1, newAvailability: 9, hint: NO_HINT
11-25 17:32:30.186 18768 18786 I BugleRcsProvisioning: RcsAvailabilityUpdaterLocal: updateRcsAvailability, currentAvailability: 1, newAvailability: 9, hint: NO_HINT
11-25 17:32:30.202 18768 18864 I BugleTransport: isChatAvailable: RcsAvailability is DISABLED_SIM_ABSENT (RCS is disabled due to SIM absent)
11-25 17:32:30.263 18768 18816 W Bugle   : SubscriptionMetadataUtils get: invalid subId = -1
11-25 17:32:30.281 18768 18796 I BugleTransport: isChatAvailable: false, enabledTransport: 1
11-25 17:32:30.327  1826  5850 W InputManager-JNI: Input channel object 'ee0aede Splash Screen sample.mapsted.com (client)' was disposed without first being removed with the input manager!
11-25 17:32:30.343  9078 31384 I FontLog : Received query Noto Color Emoji Compat, URI content://com.google.android.gms.fonts [CONTEXT service_id=132 ]
11-25 17:32:30.344  9078 31384 I FontLog : Query [emojicompat-emoji-font] resolved to {Noto Color Emoji Compat, wdth 100.0, wght 400, ital 0.0, bestEffort false} [CONTEXT service_id=132 ]
11-25 17:32:30.345  9078 31384 I FontLog : Fetch {Noto Color Emoji Compat, wdth 100.0, wght 400, ital 0.0, bestEffort false} end status Status{statusCode=SUCCESS, resolution=null} [CONTEXT service_id=132 ]
11-25 17:32:30.350  9078 31384 I FontLog : Pulling font file for id = 26, cache size = 6 [CONTEXT service_id=132 ]
11-25 17:32:30.354  9078 31384 I FontLog : Pulling font file for id = 26, cache size = 6 [CONTEXT service_id=132 ]
11-25 17:32:30.390 18768 18813 I RcsClientLib: Connecting RcsEngineLifecycleService
11-25 17:32:30.394 18768 18813 I RcsClientLib: shouldUseCarrierServicesJibeService: true, CarrierServices rcs service found: true
11-25 17:32:30.405 18768 18768 I RcsClientLib: com.google.android.rcs.client.lifecycle.RcsEngineLifecycleService connected
11-25 17:32:30.416  6055  6113 I CarrierServices: [48] crj.handleMessage: RCS engine STOP RCS stack
11-25 17:32:30.417  2932  3223 E PhoneInterfaceManager: [PhoneIntfMgr] getCarrierPrivilegeStatus: Invalid subId
11-25 17:32:30.418 18768 18871 I RcsClientLib: Disconnecting RcsEngineLifecycleService
11-25 17:32:30.476 29765 29906 V LOGMAPSTED:MapstedPositioning: onPositionChange: position com.mapsted.corepositioning.cppObjects.swig.Position@9c629d, X=8938018.14567781, Y=3056553.1972195003, Z=0.0, propertyId=-1, buildingId=-1, floorId -1
11-25 17:32:30.476 29765 30001 V LOGMAPSTED:PostUserPosition: post: cppPosition com.mapsted.corepositioning.cppObjects.swig.Position@b100312, last sent 9989.0 ms ago
11-25 17:32:30.478 29765 30001 V LOGMAPSTED:PostUserPosition: doPost: userLivePositionPackageJson = {"Position":{"buildingId":-1,"covXY":0.0,"floorId":-1,"propertyId":-1,"unixTimestampMs":1.6378417504750679E12,"varX":89.22751,"varY":89.22751,"x":8938018.14567781,"y":3056553.1972195003},"UserUID":"910c108e-0889-4713-84d4-5c97ca54a764"}
11-25 17:32:30.479 29765 23442 V OkHttp  : --> POST https://positioning-stage.mapsted.com/v4.5/api//analytics/PostUserLivePosition
11-25 17:32:30.480 29765 23442 V OkHttp  : Content-Type: application/json; charset=utf-8
11-25 17:32:30.480 29765 23442 V OkHttp  : Content-Length: 236
11-25 17:32:30.480 29765 23442 V OkHttp  : 
11-25 17:32:30.480 29765 23442 V OkHttp  : {"Position":{"buildingId":-1,"covXY":0.0,"floorId":-1,"propertyId":-1,"unixTimestampMs":1.6378417504750679E12,"varX":89.22751,"varY":89.22751,"x":8938018.14567781,"y":3056553.1972195003},"UserUID":"910c108e-0889-4713-84d4-5c97ca54a764"}
11-25 17:32:30.480 29765 23442 V OkHttp  : --> END POST (236-byte body)
11-25 17:32:31.764  1826  2460 D ConnectivityService: NetReassign [no changes]
11-25 17:32:32.265  1179  2005 D audio_hw_primary: out_standby: enter: stream (0xf24c4330) usecase(1: low-latency-playback)
11-25 17:32:32.304  1179  2005 D audio_hw_primary: disable_audio_route: reset and update mixer path: low-latency-playback speaker
11-25 17:32:32.307  1179  2005 D soundtrigger: audio_extn_sound_trigger_update_stream_status: uc_info->id 1 of type 0 for Event 2, with Raise=0
11-25 17:32:32.308  1179  2005 D hardware_info: hw_info_append_hw_type : device_name = speaker
11-25 17:32:32.308  1179  2005 D audio_hw_primary: disable_snd_device: snd_device(2: speaker)
11-25 17:32:32.350  1179  2005 D audio_hw_primary: disable_audio_route: reset and update mixer path: spkr-vi-record vi-feedback
11-25 17:32:32.351  1179  2005 D soundtrigger: audio_extn_sound_trigger_update_stream_status: uc_info->id 53 of type 1 for Event 2, with Raise=0
11-25 17:32:32.351  1179  2005 D hardware_info: hw_info_append_hw_type : device_name = vi-feedback
11-25 17:32:32.351  1179  2005 D audio_hw_primary: disable_snd_device: snd_device(222: vi-feedback)
11-25 17:32:32.351  1179  2005 I soundtrigger: audio_extn_sound_trigger_update_device_status: device 0xde of type 1 for Event 0, with Raise=0
11-25 17:32:32.351  1179  2005 W audio_hw_cirrus_playback: spkr_prot_stop_processing: state: 2, snd_device: 2
11-25 17:32:32.353  1179  2005 I soundtrigger: audio_extn_sound_trigger_update_device_status: device 0x2 of type 0 for Event 0, with Raise=0
11-25 17:32:32.423 29765 23442 V OkHttp  : <-- 500 https://positioning-stage.mapsted.com/v4.5/api//analytics/PostUserLivePosition (1943ms)
11-25 17:32:32.423 29765 23442 V OkHttp  : cache-control: no-cache
11-25 17:32:32.423 29765 23442 V OkHttp  : pragma: no-cache
11-25 17:32:32.423 29765 23442 V OkHttp  : content-type: application/json; charset=utf-8
11-25 17:32:32.423 29765 23442 V OkHttp  : expires: -1
11-25 17:32:32.423 29765 23442 V OkHttp  : server: Microsoft-IIS/10.0
11-25 17:32:32.423 29765 23442 V OkHttp  : x-aspnet-version: 4.0.30319
11-25 17:32:32.423 29765 23442 V OkHttp  : x-powered-by: ASP.NET
11-25 17:32:32.423 29765 23442 V OkHttp  : date: Thu, 25 Nov 2021 12:02:31 GMT
11-25 17:32:32.423 29765 23442 V OkHttp  : content-length: 55
11-25 17:32:32.424 29765 23442 V OkHttp  : 
11-25 17:32:32.424 29765 23442 V OkHttp  : "Object reference not set to an instance of an object."
11-25 17:32:32.424 29765 23442 V OkHttp  : <-- END HTTP (55-byte body)
11-25 17:32:32.425 29765 23442 V LOGMAPSTED:PostUserPosition$1: onResponse: Response{protocol=h2, code=500, message=, url=https://positioning-stage.mapsted.com/v4.5/api//analytics/PostUserLivePosition}
11-25 17:32:32.729  1826  1863 I ActivityTaskManager: START u0 {cmp=sample.mapsted.com/.activities.SampleMapWithUiToolsActivity} from uid 10329
11-25 17:32:32.736  1179  3593 D audio_hw_primary: start_output_stream: enter: stream(0xf24c4330)usecase(1: low-latency-playback)  devices(0x2) is_haptic_usecase(0)
11-25 17:32:32.736  1179  3593 D audio_hw_primary: select_devices for use case (low-latency-playback)
11-25 17:32:32.736  1179  3593 I msm8974_platform: platform_check_and_set_codec_backend_cfg:becf: afe: bitwidth 24, samplerate 48000 channels 2, backend_idx 0 usecase = 1 device (speaker)
11-25 17:32:32.736  1179  3593 I msm8974_platform: platform_check_and_set_codec_backend_cfg: new_snd_devices[0] is 2
11-25 17:32:32.736  1179  3593 I msm8974_platform: platform_check_codec_backend_cfg:becf: afe: bitwidth 24, samplerate 48000 channels 2, backend_idx 0 usecase = 1 device (speaker)
11-25 17:32:32.739  1179  3593 D msm8974_platform: platform_check_codec_backend_cfg:becf: updated afe: bitwidth 24, samplerate 48000 channels 2,backend_idx 0 usecase = 1 device (speaker)
11-25 17:32:32.739  1179  3593 I msm8974_platform: platform_check_codec_backend_cfg:becf: afe: Codec selected backend: 0 updated bit width: 24 and sample rate: 48000
11-25 17:32:32.739  1179  3593 I msm8974_platform: platform_check_codec_backend_cfg:becf: afe: Codec backend needs to be updated. new bit width: 24new sample rate: 48000 new channels: 2
11-25 17:32:32.739  1179  3593 I msm8974_platform: platform_set_codec_backend_cfg:becf: afe: bitwidth 24, samplerate 48000 channels 2 format 1, backend_idx 0 device (speaker)
11-25 17:32:32.739  1179  3593 E msm8974_platform: platform_set_codec_backend_cfg:becf: afe: Could not get ctl for mixer command - SLIM_0_RX Format
11-25 17:32:32.739  1179  3593 D audio_hw_primary: check_usecases_codec_backend:becf: force routing 0
11-25 17:32:32.739  1179  3593 D audio_hw_primary: check_usecases_codec_backend:becf: (78) check_usecases curr device: speaker, usecase device: backends match 0
11-25 17:32:32.739  1179  3593 D audio_hw_primary: check_usecases_codec_backend:becf: check_usecases num.of Usecases to switch 0
11-25 17:32:32.739  1179  3593 D hardware_info: hw_info_append_hw_type : device_name = speaker
11-25 17:32:32.739  1179  3593 D audio_route: Apply path: speaker
11-25 17:32:32.751  1826  1863 W ActivityTaskManager: Tried to set launchTime (0) < mLastActivityLaunchTime (138413016)
11-25 17:32:32.759  1179  3593 D hardware_info: hw_info_append_hw_type : device_name = vi-feedback
11-25 17:32:32.759  1179  3593 D audio_hw_primary: enable_snd_device: snd_device(222: vi-feedback)
11-25 17:32:32.759  1179  3593 D msm8974_platform: platform_get_island_cfg_on_device:island cfg status on snd_device = (vi-feedback 0)
11-25 17:32:32.759  1179  3593 I soundtrigger: audio_extn_sound_trigger_update_device_status: device 0xde of type 1 for Event 1, with Raise=0
11-25 17:32:32.760  1179  3593 D audio_route: Apply path: vi-feedback
11-25 17:32:32.760  1179  3593 D soundtrigger: audio_extn_sound_trigger_update_stream_status: uc_info->id 53 of type 1 for Event 3, with Raise=0
11-25 17:32:32.760  1179  3593 D audio_hw_utils: audio_extn_utils_send_app_type_cfg: usecase->in_snd_device vi-feedback
11-25 17:32:32.760  1179  3593 E audio_hw_utils: send_app_type_cfg_for_device: Could not get ctl for mixer cmd - Audio Stream Capture 103 App Type Cfg
11-25 17:32:32.760  1179  3593 D audio_hw_waves: ma_set_device: 53 is not supported usecase
11-25 17:32:32.760  1179  3593 D ACDB-LOADER: ACDB -> send_audio_cal, acdb_id = 512, path = 1, app id = 0x11132, sample rate = 8000, afe_sample_rate = 8000
11-25 17:32:32.760  1179  3593 D ACDB-LOADER: ACDB -> send_asm_topology
11-25 17:32:32.760  1179  3593 D ACDB-LOADER: ACDB -> ACDB_CMD_GET_AUDPROC_STREAM_TOPOLOGY_ID
11-25 17:32:32.760  1179  3593 D ACDB-LOADER: ACDB -> send_adm_topology
11-25 17:32:32.760  1179  3593 D ACDB-LOADER: ACDB -> ACDB_CMD_GET_AUDPROC_COMMON_TOPOLOGY_ID
11-25 17:32:32.760  1179  3593 D ACDB-LOADER: ACDB -> send_audtable
11-25 17:32:32.760  1179  3593 D ACDB-LOADER: ACDB -> ACDB_CMD_GET_AUDPROC_INSTANCE_COMMON_TABLE_SIZE
11-25 17:32:32.760  1179  3593 D android.hardware.audio.service: Failed to fetch the lookup information of the device 00000200 
11-25 17:32:32.760  1179  3593 D ACDB-LOADER: Error: ACDB_CMD_GET_AUDPROC_INSTANCE_COMMON_TABLE_SIZE Returned = -19
11-25 17:32:32.760  1179  3593 D ACDB-LOADER: ACDB -> ACDB_CMD_GET_AUDPROC_INSTANCE_COMMON_TABLE
11-25 17:32:32.760  1179  3593 D android.hardware.audio.service: Failed to fetch the lookup information of the device 00000200 
11-25 17:32:32.760  1179  3593 D ACDB-LOADER: Error: ACDB audproc returned = -19
11-25 17:32:32.760  1179  3593 D ACDB-LOADER: ACDB -> AUDIO_SET_AUDPROC_CAL cal_type[11] acdb_id[512] app_type[69938]
11-25 17:32:32.760  1179  3593 D ACDB-LOADER: ACDB -> ACDB_CMD_GET_AUDPROC_INSTANCE_STREAM_TABLE_SIZE
11-25 17:32:32.760  1179  3593 D ACDB-LOADER: ACDB -> send_audstrmtable
11-25 17:32:32.760  1179  3593 D ACDB-LOADER: ACDB -> ACDB_CMD_GET_AUDPROC_INSTANCE_STREAM_TABLE
11-25 17:32:32.760  1179  3593 D ACDB-LOADER: ACDB -> audstrm_cal->cal_type.cal_data.cal_size = 20
11-25 17:32:32.760  1179  3593 D ACDB-LOADER: ACDB -> send_afe_topology
11-25 17:32:32.760  1179  3593 D ACDB-LOADER: ACDB -> ACDB_CMD_GET_AFE_TOPOLOGY_ID
11-25 17:32:32.760  1179  3593 D ACDB-LOADER: ACDB -> GET_AFE_TOPOLOGY_ID for adcd_id 512, Topology Id 112fb
11-25 17:32:32.760  1179  3593 D ACDB-LOADER: ACDB -> send_afe_cal
11-25 17:32:32.760  1179  3593 D ACDB-LOADER: ACDB -> ACDB_CMD_GET_AFE_INSTANCE_COMMON_TABLE_SIZE
11-25 17:32:32.760  1179  3593 D android.hardware.audio.service: Failed to fetch the lookup information of the device 00000200 
11-25 17:32:32.760  1179  3593 D ACDB-LOADER: Error: ACDB_CMD_GET_AFE_INSTANCE_COMMON_TABLE_SIZE Returned = -19
11-25 17:32:32.760  1179  3593 D ACDB-LOADER: ACDB -> ACDB_CMD_GET_AFE_INSTANCE_COMMON_TABLE
11-25 17:32:32.760  1179  3593 D android.hardware.audio.service: Failed to fetch the lookup information of the device 00000200 
11-25 17:32:32.760  1179  3593 D ACDB-LOADER: Error: ACDB AFE returned = -19
11-25 17:32:32.760  1179  3593 D ACDB-LOADER: ACDB -> AUDIO_SET_AFE_CAL cal_type[17] acdb_id[512]
11-25 17:32:32.760  1179  3593 D ACDB-LOADER: ACDB -> send_hw_delay : acdb_id = 512 path = 1
11-25 17:32:32.760  1179  3593 D ACDB-LOADER: ACDB -> ACDB_AVSYNC_INFO: ACDB_CMD_GET_DEVICE_PROPERTY
11-25 17:32:32.760  1179  3593 D audio_hw_primary: enable_audio_route: apply mixer and update path: spkr-vi-record vi-feedback
11-25 17:32:32.760  1179  3593 D audio_route: Apply path: spkr-vi-record vi-feedback
11-25 17:32:32.777  1179  3593 W audio_hw_cirrus_playback: spkr_prot_start_processing: ret: 0, state: 3, snd_device: 2
11-25 17:32:32.777  1179  3593 D soundtrigger: audio_extn_sound_trigger_update_stream_status: uc_info->id 1 of type 0 for Event 3, with Raise=0
11-25 17:32:32.777  1179  3593 D audio_hw_utils: audio_extn_utils_send_app_type_cfg: usecase->out_snd_device speaker
11-25 17:32:32.777  1179  3593 I audio_hw_utils: send_app_type_cfg_for_device PLAYBACK app_type 69936, acdb_dev_id 513, sample_rate 48000, snd_device_be_idx 71
11-25 17:32:32.778  1179  3593 E ACDB-LOADER: [acdb_loader_adsp_set_audio_cal] active device/stream not found (result=-100) for topology 0x1000dffb and apptype 0x11130
11-25 17:32:32.778  1179  3593 E ACDB-LOADER: [acdb_loader_adsp_set_audio_cal] set parameters failed with status -100
11-25 17:32:32.779  1179  3593 D ACDB-LOADER: ACDB -> send_audio_cal, acdb_id = 513, path = 0, app id = 0x11130, sample rate = 48000, afe_sample_rate = 48000
11-25 17:32:32.779  1179  3593 D ACDB-LOADER: ACDB -> send_asm_topology
11-25 17:32:32.779  1179  3593 D ACDB-LOADER: ACDB -> ACDB_CMD_GET_AUDPROC_STREAM_TOPOLOGY_ID
11-25 17:32:32.779  1179  3593 D ACDB-LOADER: ACDB -> send_adm_topology
11-25 17:32:32.779  1179  3593 D ACDB-LOADER: ACDB -> ACDB_CMD_GET_AUDPROC_COMMON_TOPOLOGY_ID
11-25 17:32:32.779  1179  3593 D ACDB-LOADER: ACDB -> send_audtable
11-25 17:32:32.779  1179  3593 D ACDB-LOADER: ACDB -> ACDB_CMD_GET_AUDPROC_INSTANCE_COMMON_TABLE_SIZE
11-25 17:32:32.779  1179  3593 D ACDB-LOADER: ACDB -> ACDB_CMD_GET_AUDPROC_INSTANCE_COMMON_TABLE
11-25 17:32:32.779  1179  3593 D ACDB-LOADER: ACDB -> AUDIO_SET_AUDPROC_CAL cal_type[11] acdb_id[513] app_type[69936]
11-25 17:32:32.779  1179  3593 D ACDB-LOADER: ACDB -> send_audvoltable
11-25 17:32:32.779  1179  3593 D ACDB-LOADER: ACDB -> ACDB_CMD_GET_AUDPROC_INSTANCE_GAIN_DEP_STEP_TABLE_SIZE
11-25 17:32:32.779  1179  3593 D android.hardware.audio.service: Failed to fetch the lookup information of the device 00000201 
11-25 17:32:32.779  1179  3593 D ACDB-LOADER: Error: ACDB_CMD_GET_AUDPROC_INSTANCE_GAIN_DEP_STEP_TABLE_SIZE Returned = -19
11-25 17:32:32.779  1179  3593 D ACDB-LOADER: ACDB -> ACDB_CMD_GET_AUDPROC_INSTANCE_GAIN_DEP_STEP_TABLE, vol index 0
11-25 17:32:32.779  1179  3593 D android.hardware.audio.service: Failed to fetch the lookup information of the device 00000201 
11-25 17:32:32.779  1179  3593 D ACDB-LOADER: Error: ACDB AudProc vol returned = -19
11-25 17:32:32.779  1179  3593 D ACDB-LOADER: ACDB -> AUDIO_SET_VOL_CAL cal type = 12
11-25 17:32:32.779  1179  3593 D ACDB-LOADER: ACDB -> ACDB_CMD_GET_AUDPROC_INSTANCE_STREAM_TABLE_SIZE
11-25 17:32:32.779  1179  3593 D ACDB-LOADER: ACDB -> send_audstrmtable
11-25 17:32:32.779  1179  3593 D ACDB-LOADER: ACDB -> ACDB_CMD_GET_AUDPROC_INSTANCE_STREAM_TABLE
11-25 17:32:32.779  1179  3593 D ACDB-LOADER: ACDB -> audstrm_cal->cal_type.cal_data.cal_size = 536
11-25 17:32:32.779  1179  3593 D ACDB-LOADER: ACDB -> send_afe_topology
11-25 17:32:32.779  1179  3593 D ACDB-LOADER: ACDB -> ACDB_CMD_GET_AFE_TOPOLOGY_ID
11-25 17:32:32.779  1179  3593 D ACDB-LOADER: ACDB -> GET_AFE_TOPOLOGY_ID for adcd_id 513, Topology Id 112fc
11-25 17:32:32.779  1179  3593 D ACDB-LOADER: ACDB -> send_afe_cal
11-25 17:32:32.779  1179  3593 D ACDB-LOADER: ACDB -> ACDB_CMD_GET_AFE_INSTANCE_COMMON_TABLE_SIZE
11-25 17:32:32.779  1179  3593 D android.hardware.audio.service: Failed to fetch the lookup information of the device 00000201 
11-25 17:32:32.779  1179  3593 D ACDB-LOADER: Error: ACDB_CMD_GET_AFE_INSTANCE_COMMON_TABLE_SIZE Returned = -19
11-25 17:32:32.779  1179  3593 D ACDB-LOADER: ACDB -> ACDB_CMD_GET_AFE_INSTANCE_COMMON_TABLE
11-25 17:32:32.779  1179  3593 D android.hardware.audio.service: Failed to fetch the lookup information of the device 00000201 
11-25 17:32:32.779  1179  3593 D ACDB-LOADER: Error: ACDB AFE returned = -19
11-25 17:32:32.779  1179  3593 D ACDB-LOADER: ACDB -> AUDIO_SET_AFE_CAL cal_type[16] acdb_id[513]
11-25 17:32:32.779  1179  3593 D ACDB-LOADER: ACDB -> send_hw_delay : acdb_id = 513 path = 0
11-25 17:32:32.779  1179  3593 D ACDB-LOADER: ACDB -> ACDB_AVSYNC_INFO: ACDB_CMD_GET_DEVICE_PROPERTY
11-25 17:32:32.779  1179  3593 D audio_hw_primary: enable_audio_route: apply mixer and update path: low-latency-playback speaker
11-25 17:32:32.779  1179  3593 D audio_route: Apply path: low-latency-playback speaker
11-25 17:32:32.794  1179  3593 D msm8974_platform: platform_set_channel_map mixer_ctl_name:Playback Channel Map13
11-25 17:32:32.794  1179  3593 D msm8974_platform: platform_set_channel_map: set mapping(1 2 0 0 0 0 0 0) for channel:2
11-25 17:32:32.848 18794 18794 I SampleMapWithUiToolsActivity: ::setupMapstedSdk
11-25 17:32:32.990  1179  2005 D audio_hw_waves: ma_set_source_metadata_l: All tracks was removed from app_type(69936) device_type(2)
11-25 17:32:33.014  1826  1943 I ActivityTaskManager: Displayed sample.mapsted.com/.activities.SampleMapWithUiToolsActivity: +281ms
11-25 17:32:33.036  4146  4146 I GoogleInputMethodService: GoogleInputMethodService.onFinishInput():3293 
11-25 17:32:33.037  4146  4146 I GoogleInputMethodService: GoogleInputMethodService.onStartInput():1981 
11-25 17:32:33.038  4146  4146 I DeviceUnlockedTag: DeviceUnlockedTag.notifyDeviceLockStatusChanged():79 Notify device unlocked.
11-25 17:32:33.442 18794 18827 D OpenGLRenderer: endAllActiveAnimators on 0xb4000075e98412b0 (RippleDrawable) with handle 0xb4000074f986d850
11-25 17:32:34.269  1826  4367 W InputManager-JNI: Input channel object '55e1d0a sample.mapsted.com/sample.mapsted.com.activities.SampleMapWithUiToolsActivity (client)' was disposed without first being removed with the input manager!
11-25 17:32:34.291  1826  4367 I ActivityTaskManager: START u0 {act=android.content.pm.action.REQUEST_PERMISSIONS pkg=com.google.android.permissioncontroller cmp=com.google.android.permissioncontroller/com.android.permissioncontroller.permission.ui.GrantPermissionsActivity (has extras)} from uid 10329
11-25 17:32:34.310  1826  4367 W ActivityTaskManager: Tried to set launchTime (0) < mLastActivityLaunchTime (137986051)
11-25 17:32:34.320  6264  6368 I AssistantForeground: Get launcher package: com.google.android.apps.nexuslauncher
11-25 17:32:34.323  4146  4146 I GoogleInputMethodService: GoogleInputMethodService.onFinishInput():3293 
11-25 17:32:34.324  4146  4146 I GoogleInputMethodService: GoogleInputMethodService.onStartInput():1981 
11-25 17:32:34.325  4146  4146 I DeviceUnlockedTag: DeviceUnlockedTag.notifyDeviceLockStatusChanged():79 Notify device unlocked.
11-25 17:32:34.393  1826  1943 I ActivityTaskManager: Displayed com.google.android.permissioncontroller/com.android.permissioncontroller.permission.ui.GrantPermissionsActivity: +93ms
11-25 17:32:34.430  1179  2005 D audio_hw_waves: ma_set_source_metadata_l: All tracks was removed from app_type(69936) device_type(2)
11-25 17:32:34.784  1826  2460 D ConnectivityService: NetReassign [no changes]
11-25 17:32:35.476 29765 29906 V LOGMAPSTED:MapstedPositioning: onPositionChange: position com.mapsted.corepositioning.cppObjects.swig.Position@4aa2ce0, X=8938018.14567781, Y=3056553.1972195003, Z=0.0, propertyId=-1, buildingId=-1, floorId -1
11-25 17:32:35.477 29765 30001 V LOGMAPSTED:PostUserPosition: post: cppPosition com.mapsted.corepositioning.cppObjects.swig.Position@b618b99, last sent 4998.0 ms ago
11-25 17:32:35.993  8570  8570 V GrantPermissionsViewModel: Logged buttons presented and clicked permissionGroupName=android.permission-group.LOCATION uid=10329 selectedLocations=3 package=sample.mapsted.com presentedButtons=44 clickedButton=4 sessionId=3305796765116201575 targetSdk=31
11-25 17:32:36.000  8570  8570 V GrantPermissionsViewModel: Permission grant result requestId=3305796765116201575 callingUid=10329 callingPackage=sample.mapsted.com permission=android.permission.ACCESS_FINE_LOCATION isImplicit=false result=4
11-25 17:32:36.000  8570  8570 V GrantPermissionsViewModel: Permission grant result requestId=3305796765116201575 callingUid=10329 callingPackage=sample.mapsted.com permission=android.permission.ACCESS_COARSE_LOCATION isImplicit=true result=4
11-25 17:32:36.116  1826  2525 D CompatibilityChangeReporter: Compat change id reported: 168936375; UID 10329; state: ENABLED
11-25 17:32:36.122  1826  2525 D CompatibilityChangeReporter: Compat change id reported: 73144566; UID 10329; state: ENABLED
11-25 17:32:36.171  1179  2005 D audio_hw_waves: ma_set_source_metadata_l: All tracks was removed from app_type(69936) device_type(2)
11-25 17:32:36.174 18768 18768 V ClearcutMetricXmitter: Transmission is done.
11-25 17:32:36.179 18768 18768 V ClearcutMetricXmitter: Transmission is done.
11-25 17:32:36.247  1826  5850 W ServiceManager: Permission failure: android.permission.HIGH_SAMPLING_RATE_SENSORS from uid=10329 pid=18794
11-25 17:32:36.353  4146  4146 I GoogleInputMethodService: GoogleInputMethodService.onFinishInput():3293 
11-25 17:32:36.354  4146  4146 I GoogleInputMethodService: GoogleInputMethodService.onStartInput():1981 
11-25 17:32:36.355  4146  4146 I DeviceUnlockedTag: DeviceUnlockedTag.notifyDeviceLockStatusChanged():79 Notify device unlocked.
11-25 17:32:36.356 18794 18794 D AndroidRuntime: Shutting down VM
--------- beginning of crash
11-25 17:32:36.356 18794 18794 E AndroidRuntime: FATAL EXCEPTION: main
11-25 17:32:36.356 18794 18794 E AndroidRuntime: Process: sample.mapsted.com, PID: 18794
11-25 17:32:36.356 18794 18794 E AndroidRuntime: java.lang.IllegalArgumentException: sample.mapsted.com: Targeting S+ (version 31 and above) requires that one of FLAG_IMMUTABLE or FLAG_MUTABLE be specified when creating a PendingIntent.
11-25 17:32:36.356 18794 18794 E AndroidRuntime: Strongly consider using FLAG_IMMUTABLE, only use FLAG_MUTABLE if some functionality depends on the PendingIntent being mutable, e.g. if it needs to be used with inline replies or bubbles.
11-25 17:32:36.356 18794 18794 E AndroidRuntime: 	at android.app.PendingIntent.checkFlags(PendingIntent.java:375)
11-25 17:32:36.356 18794 18794 E AndroidRuntime: 	at android.app.PendingIntent.getActivityAsUser(PendingIntent.java:458)
11-25 17:32:36.356 18794 18794 E AndroidRuntime: 	at android.app.PendingIntent.getActivity(PendingIntent.java:444)
11-25 17:32:36.356 18794 18794 E AndroidRuntime: 	at android.app.PendingIntent.getActivity(PendingIntent.java:408)
11-25 17:32:36.356 18794 18794 E AndroidRuntime: 	at com.mapsted.positioning.MapstedForegroundService.(SourceFile:205)
11-25 17:32:36.356 18794 18794 E AndroidRuntime: 	at com.mapsted.positioning.MapstedForegroundService.(SourceFile:133)
11-25 17:32:36.356 18794 18794 E AndroidRuntime: 	at com.mapsted.positioning.MapstedCoreApi$4.onServiceConnected(SourceFile:249)
11-25 17:32:36.356 18794 18794 E AndroidRuntime: 	at android.app.LoadedApk$ServiceDispatcher.doConnected(LoadedApk.java:2077)
11-25 17:32:36.356 18794 18794 E AndroidRuntime: 	at android.app.LoadedApk$ServiceDispatcher$RunConnection.run(LoadedApk.java:2110)
11-25 17:32:36.356 18794 18794 E AndroidRuntime: 	at android.os.Handler.handleCallback(Handler.java:938)
11-25 17:32:36.356 18794 18794 E AndroidRuntime: 	at android.os.Handler.dispatchMessage(Handler.java:99)
11-25 17:32:36.356 18794 18794 E AndroidRuntime: 	at android.os.Looper.loopOnce(Looper.java:201)
11-25 17:32:36.356 18794 18794 E AndroidRuntime: 	at android.os.Looper.loop(Looper.java:288)
11-25 17:32:36.356 18794 18794 E AndroidRuntime: 	at android.app.ActivityThread.main(ActivityThread.java:7838)
11-25 17:32:36.356 18794 18794 E AndroidRuntime: 	at java.lang.reflect.Method.invoke(Native Method)
11-25 17:32:36.356 18794 18794 E AndroidRuntime: 	at com.android.internal.os.RuntimeInit$MethodAndArgsCaller.run(RuntimeInit.java:548)
11-25 17:32:36.356 18794 18794 E AndroidRuntime: 	at com.android.internal.os.ZygoteInit.main(ZygoteInit.java:1003)
11-25 17:32:36.359  1826 18911 I DropBoxManagerService: add tag=data_app_crash isTagEnabled=true flags=0x2
11-25 17:32:36.359  1826  8168 W ActivityTaskManager:   Force finishing activity sample.mapsted.com/.activities.SampleMapWithUiToolsActivity
11-25 17:32:36.362 18794 18794 I Process : Sending signal. PID: 18794 SIG: 9
11-25 17:32:36.365  1826  2014 W BroadcastQueue: Background execution not allowed: receiving Intent { act=android.intent.action.DROPBOX_ENTRY_ADDED flg=0x10 (has extras) } to com.google.android.gms/.stats.service.DropBoxEntryAddedReceiver
11-25 17:32:36.365  1826  2014 W BroadcastQueue: Background execution not allowed: receiving Intent { act=android.intent.action.DROPBOX_ENTRY_ADDED flg=0x10 (has extras) } to com.google.android.gms/.chimera.GmsIntentOperationService$PersistentTrustedReceiver
11-25 17:32:36.404  1826  5029 I WindowManager: WIN DEATH: Window{e00322d u0 sample.mapsted.com/sample.mapsted.com.activities.SampleMapWithUiToolsActivity}
11-25 17:32:36.404  1826  5029 W InputManager-JNI: Input channel object 'e00322d sample.mapsted.com/sample.mapsted.com.activities.SampleMapWithUiToolsActivity (client)' was disposed without first being removed with the input manager!
11-25 17:32:36.405  1159  1159 I Zygote  : Process 18794 exited due to signal 9 (Killed)
11-25 17:32:36.407  1826  3398 I ActivityManager: Process sample.mapsted.com (pid 18794) has died: fg  TOP 
11-25 17:32:36.407  1826  2043 I libprocessgroup: Successfully killed process cgroup uid 10329 pid 18794 in 0ms
11-25 17:32:36.412  1826  5032 I WindowManager: WIN DEATH: Window{d10aedd u0 sample.mapsted.com/sample.mapsted.com.SampleMainLaunchActivity}
11-25 17:32:36.412  1826  5032 W InputManager-JNI: Input channel object 'd10aedd sample.mapsted.com/sample.mapsted.com.SampleMainLaunchActivity (client)' was disposed without first being removed with the input manager!
11-25 17:32:36.418   671   671 E BpTransactionCompletedListener: Failed to transact (-32)
11-25 17:32:36.421  1826  3398 W ActivityManager: Scheduling restart of crashed service sample.mapsted.com/androidx.work.impl.background.systemjob.SystemJobService in 1000ms for connection
11-25 17:32:36.421  1826  3398 W ActivityManager: Scheduling restart of crashed service sample.mapsted.com/com.mapsted.positioning.MapstedForegroundService in 11000ms for start-requested
11-25 17:32:36.439  4249  4249 I AiAi    : onTrimMemory() with level 5
11-25 17:32:36.445  6264  6375 I AssistantForeground: Get launcher package: com.google.android.apps.nexuslauncher
11-25 17:32:36.451 29765 29765 W LOGMAPSTED:DemoApplication: onTrimMemory: level TRIM_MEMORY_RUNNING_MODERATE: the process is not an expendable background process, but the device is running moderately low on memory. Your running process may want to release some unneeded resources for use elsewhere.
11-25 17:32:36.451 29765 29765 W LOGMAPSTED:DemoApplication: java.lang.Exception
11-25 17:32:36.451 29765 29765 W LOGMAPSTED:DemoApplication: 	at com.mapsted.demo.DemoApplication.onTrimMemory(DemoApplication.java:46)
11-25 17:32:36.451 29765 29765 W LOGMAPSTED:DemoApplication: 	at android.app.ActivityThread.handleTrimMemory(ActivityThread.java:6341)
11-25 17:32:36.451 29765 29765 W LOGMAPSTED:DemoApplication: 	at android.app.ActivityThread.access$1300(ActivityThread.java:247)
11-25 17:32:36.451 29765 29765 W LOGMAPSTED:DemoApplication: 	at android.app.ActivityThread$ApplicationThread.lambda$scheduleTrimMemory$0(ActivityThread.java:1695)
11-25 17:32:36.451 29765 29765 W LOGMAPSTED:DemoApplication: 	at android.app.ActivityThread$ApplicationThread$$ExternalSyntheticLambda2.accept(Unknown Source:8)
11-25 17:32:36.451 29765 29765 W LOGMAPSTED:DemoApplication: 	at com.android.internal.util.function.pooled.PooledLambdaImpl.doInvoke(PooledLambdaImpl.java:281)
11-25 17:32:36.451 29765 29765 W LOGMAPSTED:DemoApplication: 	at com.android.internal.util.function.pooled.PooledLambdaImpl.invoke(PooledLambdaImpl.java:204)
11-25 17:32:36.451 29765 29765 W LOGMAPSTED:DemoApplication: 	at com.android.internal.util.function.pooled.OmniFunction.run(OmniFunction.java:97)
11-25 17:32:36.451 29765 29765 W LOGMAPSTED:DemoApplication: 	at android.view.Choreographer$CallbackRecord.run(Choreographer.java:1037)
11-25 17:32:36.451 29765 29765 W LOGMAPSTED:DemoApplication: 	at android.view.Choreographer.doCallbacks(Choreographer.java:845)
11-25 17:32:36.451 29765 29765 W LOGMAPSTED:DemoApplication: 	at android.view.Choreographer.doFrame(Choreographer.java:782)
11-25 17:32:36.451 29765 29765 W LOGMAPSTED:DemoApplication: 	at android.view.Choreographer$FrameDisplayEventReceiver.run(Choreographer.java:1022)
11-25 17:32:36.451 29765 29765 W LOGMAPSTED:DemoApplication: 	at android.os.Handler.handleCallback(Handler.java:938)
11-25 17:32:36.451 29765 29765 W LOGMAPSTED:DemoApplication: 	at android.os.Handler.dispatchMessage(Handler.java:99)
11-25 17:32:36.451 29765 29765 W LOGMAPSTED:DemoApplication: 	at android.os.Looper.loopOnce(Looper.java:201)
11-25 17:32:36.451 29765 29765 W LOGMAPSTED:DemoApplication: 	at android.os.Looper.loop(Looper.java:288)
11-25 17:32:36.451 29765 29765 W LOGMAPSTED:DemoApplication: 	at android.app.ActivityThread.main(ActivityThread.java:7838)
11-25 17:32:36.451 29765 29765 W LOGMAPSTED:DemoApplication: 	at java.lang.reflect.Method.invoke(Native Method)
11-25 17:32:36.451 29765 29765 W LOGMAPSTED:DemoApplication: 	at com.android.internal.os.RuntimeInit$MethodAndArgsCaller.run(RuntimeInit.java:548)
11-25 17:32:36.451 29765 29765 W LOGMAPSTED:DemoApplication: 	at com.android.internal.os.ZygoteInit.main(ZygoteInit.java:1003)
11-25 17:32:36.465  1826  1950 W ActivityManager: setHasOverlayUi called on unknown pid: 18794
11-25 17:32:36.467  1826  1950 D CompatibilityChangeReporter: Compat change id reported: 135634846; UID 10329; state: DISABLED
11-25 17:32:36.467  1826  1950 D CompatibilityChangeReporter: Compat change id reported: 177438394; UID 10329; state: DISABLED
11-25 17:32:36.467  1826  1950 D CompatibilityChangeReporter: Compat change id reported: 135772972; UID 10329; state: DISABLED
11-25 17:32:36.467  1826  1950 D CompatibilityChangeReporter: Compat change id reported: 135754954; UID 10329; state: ENABLED
11-25 17:32:36.469  1826  2015 D CompatibilityChangeReporter: Compat change id reported: 143937733; UID 10329; state: ENABLED
11-25 17:32:36.470 17558 17558 I A       : Trimming objects from memory, since app is in the background.
11-25 17:32:36.477  8297  8297 I Finsky  : [2] lql.onTrimMemory(1): Memory trim requested to level 40
11-25 17:32:36.480  1159  1159 D Zygote  : Forked child process 18918
11-25 17:32:36.483  1826  2015 I ActivityManager: Start proc 18918:sample.mapsted.com/u0a329 for top-activity {sample.mapsted.com/sample.mapsted.com.SampleMainLaunchActivity}
11-25 17:32:36.483 17949 17949 W BaseNSApplication: Trimming memory to level 80
11-25 17:32:36.486  8297  8297 I Finsky  : [2] lqk.accept(3): Flushing in-memory image cache
11-25 17:32:36.489 18918 18918 I ple.mapsted.co: Late-enabling -Xcheck:jni
11-25 17:32:36.490  4146  4146 I AppBase : AppBase.onTrimMemory():765 onTrimMemory(): 5
11-25 17:32:36.491  4146  4146 I GoogleInputMethodService: GoogleInputMethodService.onTrimMemory():4492 onTrimMemory(): 5
11-25 17:32:36.498 20581 20581 I qus     : Device under memory pressure. Cleaning up all caches.
11-25 17:32:36.515 18918 18918 D ProcessState: Binder ioctl to enable oneway spam detection failed: Invalid argument
11-25 17:32:36.517  1541  1648 I adbd    : jdwp connection from 18918
11-25 17:32:36.538 18918 18918 D CompatibilityChangeReporter: Compat change id reported: 171979766; UID 10329; state: ENABLED
11-25 17:32:36.579 18768 18785 W Bugle   : TextClassifierLibManagerImpl: Reclaiming memory at level: 40
11-25 17:32:36.860  1826  1950 W ActivityTaskManager: Activity top resumed state loss timeout for ActivityRecord{8f2bab9 u0 sample.mapsted.com/.activities.SampleMapWithUiToolsActivity t-1 f}}
11-25 17:32:36.952 18918 18918 V GraphicsEnvironment: ANGLE Developer option for 'sample.mapsted.com' set to: 'default'
11-25 17:32:36.952 18918 18918 V GraphicsEnvironment: Updatable production driver is not supported on the device.
11-25 17:32:36.954 18918 18918 D NetworkSecurityConfig: No Network Security Config specified, using platform default
11-25 17:32:36.955 18918 18918 D NetworkSecurityConfig: No Network Security Config specified, using platform default
11-25 17:32:36.959 18918 18918 D WM-WrkMgrInitializer: Initializing WorkManager with default configuration.
11-25 17:32:37.015 18918 18940 D CompatibilityChangeReporter: Compat change id reported: 160794467; UID 10329; state: ENABLED
11-25 17:32:37.076  1826  2010 W UsageStatsService: Unexpected activity event reported! (sample.mapsted.com/sample.mapsted.com.SampleMainLaunchActivity event : 23 instanceId : 34469867)
11-25 17:32:37.096 18918 18918 W ple.mapsted.co: Accessing hidden method Landroid/view/View;->computeFitSystemWindows(Landroid/graphics/Rect;Landroid/graphics/Rect;)Z (unsupported, reflection, allowed)
11-25 17:32:37.097 18918 18918 W ple.mapsted.co: Accessing hidden method Landroid/view/ViewGroup;->makeOptionalFitsSystemWindows()V (unsupported, reflection, allowed)
11-25 17:32:37.173  1826  1943 D CompanionDeviceManagerService: onPackageModified(packageName = sample.mapsted.com)
11-25 17:32:37.174  2584  2584 V MediaPlayerList: mPackageChangedBroadcastReceiver: action: android.intent.action.PACKAGE_CHANGED
11-25 17:32:37.174  2584  2584 D MediaPlayerList: Name of package changed: sample.mapsted.com
11-25 17:32:37.176  1826  2407 I RoleService: Granting default roles...
11-25 17:32:37.182  1826  2414 I InputReader: Reconfiguring input devices, changes=KEYBOARD_LAYOUTS | 
11-25 17:32:37.191  1826  1826 I Telecom : DefaultDialerCache: Refreshing default dialer for user 0: now com.google.android.dialer: DDC.oR@cqs
11-25 17:32:37.210  4290  4290 D RegisteredNfcFServicesCache: Service unchanged, not updating
11-25 17:32:37.214  2932  2932 E PhoneInterfaceManager: [PhoneIntfMgr] getCarrierPackageNamesForIntentAndPhone: No UICC
11-25 17:32:37.214  2932  2932 D CarrierSvcBindHelper: No carrier app for: 0
11-25 17:32:37.215  2932  2932 D ImsResolver: maybeAddedImsService, packageName: sample.mapsted.com
11-25 17:32:37.244  8140  8140 I EuiccGoogle: [2] EuiccServiceImpl.onCreate: onCreate Single-SIM mode: simCardState is 1
11-25 17:32:37.255  9078 18913 I Fitness : OnPackageChangedOperation got intent: Intent { act=android.intent.action.PACKAGE_CHANGED dat=package:sample.mapsted.com flg=0x45000010 pkg=com.google.android.gms cmp=com.google.android.gms/.chimera.PersistentIntentOperationService (has extras) } [CONTEXT service_id=17 ]
