11-25 17:32:37.269  8140 18978 I EuiccGoogle: [101] EuiccServiceImpl.onGetEuiccProfileInfoList: onGetEuiccProfileInfoList: slotId = -1
11-25 17:32:37.273  8140 18978 W EuiccGoogle: [101] EuiccServiceImpl.onGetEuiccProfileInfoList: slotId=-1. No eUICC is active. Return null.
11-25 17:32:37.318  9078 18960 I Fitness : FitCleanupIntentOperation received Intent android.intent.action.PACKAGE_CHANGED [CONTEXT service_id=17 ]
11-25 17:32:37.324  9078 23248 W ChimeraUtils: Module com.google.android.gms.nearby_en has empty metadata display_name_string_id
11-25 17:32:37.329  1826  2136 W ServiceManager: Permission failure: android.permission.HIGH_SAMPLING_RATE_SENSORS from uid=10329 pid=18918
11-25 17:32:37.343  9078 23248 W ChimeraUtils: Module com.google.android.gms.nearby_en has empty metadata display_name_string_id
11-25 17:32:37.344  8570 17003 I PermissionControllerServiceImpl: Updating user sensitive for uid 10329
11-25 17:32:37.351  9114  5506 I Icing   : IndexChimeraService.getServiceInterface callingPackage=com.google.android.gms componentName=AppsCorpus serviceId=36
11-25 17:32:37.352  9078 23248 W ChimeraUtils: Module com.google.android.gms.nearby_en has empty metadata display_name_string_id
11-25 17:32:37.379  9114  9621 I GmsCoreXrpcWrapper: Returning a channel provider with trafficStatsTag=12803 trafficStatsUid=-1
11-25 17:32:37.399  9114  9621 I Icing   : Usage reports ok 2, Failed Usage reports 0, indexed 0, rejected 0
11-25 17:32:37.415  9114  9263 I Icing   : IndexChimeraService.getServiceInterface callingPackage=com.google.android.gms componentName=null serviceId=30
11-25 17:32:37.426  9114  9621 I GmsCoreXrpcWrapper: Returning a channel provider with trafficStatsTag=12803 trafficStatsUid=-1
11-25 17:32:37.441  9114  9621 I Icing   : Usage reports ok 0, Failed Usage reports 0, indexed 0, rejected 0
11-25 17:32:37.442  1826  4367 W ActivityManager: Bringing down service while still waiting for start foreground: ServiceRecord{4d5e8c9 u0 sample.mapsted.com/com.mapsted.positioning.MapstedForegroundService}
11-25 17:32:37.446  9114  9621 I Icing   : Indexing com.google.android.gms-apps from com.google.android.gms
11-25 17:32:37.464  9114  9621 I Icing   : Indexing done com.google.android.gms-apps
11-25 17:32:37.493 18918 18941 I AdrenoGLES-0: QUALCOMM build                   : 85da404, I46ff5fc46f
11-25 17:32:37.493 18918 18941 I AdrenoGLES-0: Build Date                       : 11/30/20
11-25 17:32:37.493 18918 18941 I AdrenoGLES-0: OpenGL ES Shader Compiler Version: EV031.31.04.01
11-25 17:32:37.493 18918 18941 I AdrenoGLES-0: Local Branch                     : promo490_3_Google
11-25 17:32:37.493 18918 18941 I AdrenoGLES-0: Remote Branch                    : 
11-25 17:32:37.493 18918 18941 I AdrenoGLES-0: Remote Branch                    : 
11-25 17:32:37.493 18918 18941 I AdrenoGLES-0: Reconstruct Branch               : 
11-25 17:32:37.493 18918 18941 I AdrenoGLES-0: Build Config                     : S P 10.0.4 AArch64
11-25 17:32:37.493 18918 18941 I AdrenoGLES-0: Driver Path                      : /vendor/lib64/egl/libGLESv2_adreno.so
11-25 17:32:37.493 18918 18941 D hw-ProcessState: Binder ioctl to enable oneway spam detection failed: Invalid argument
11-25 17:32:37.499 18918 18941 I AdrenoGLES-0: PFP: 0x016ee190, ME: 0x00000000
11-25 17:32:37.500 18918 18941 W AdrenoUtils: <ReadGpuID_from_sysfs:197>: Failed to open /sys/class/kgsl/kgsl-3d0/gpu_model
11-25 17:32:37.500 18918 18941 W AdrenoUtils: <ReadGpuID:221>: Failed to read chip ID from gpu_model. Fallback to use the GSL path
11-25 17:32:37.506   674   721 I SDM     : HWCDisplay::GetColorModeCount: Supported color mode count = 3
11-25 17:32:37.507 18918 18941 D hw-ProcessState: Binder ioctl to enable oneway spam detection failed: Invalid argument
11-25 17:32:37.538 18918 18918 D BluetoothAdapter: isLeEnabled(): ON
11-25 17:32:37.538 18918 18918 D BluetoothLeScanner: could not find callback wrapper
11-25 17:32:37.572 18918 18918 E MapstedCpp: SDKPermissions reset
11-25 17:32:37.573 18918 18918 D AndroidRuntime: Shutting down VM
11-25 17:32:37.574 18918 18918 E AndroidRuntime: FATAL EXCEPTION: main
11-25 17:32:37.574 18918 18918 E AndroidRuntime: Process: sample.mapsted.com, PID: 18918
11-25 17:32:37.574 18918 18918 E AndroidRuntime: android.app.ForegroundServiceDidNotStartInTimeException: Context.startForegroundService() did not then call Service.startForeground(): ServiceRecord{4d5e8c9 u0 sample.mapsted.com/com.mapsted.positioning.MapstedForegroundService}
11-25 17:32:37.574 18918 18918 E AndroidRuntime: 	at android.app.ActivityThread.throwRemoteServiceException(ActivityThread.java:1923)
11-25 17:32:37.574 18918 18918 E AndroidRuntime: 	at android.app.ActivityThread.access$2700(ActivityThread.java:247)
11-25 17:32:37.574 18918 18918 E AndroidRuntime: 	at android.app.ActivityThread$H.handleMessage(ActivityThread.java:2148)
11-25 17:32:37.574 18918 18918 E AndroidRuntime: 	at android.os.Handler.dispatchMessage(Handler.java:106)
11-25 17:32:37.574 18918 18918 E AndroidRuntime: 	at android.os.Looper.loopOnce(Looper.java:201)
11-25 17:32:37.574 18918 18918 E AndroidRuntime: 	at android.os.Looper.loop(Looper.java:288)
11-25 17:32:37.574 18918 18918 E AndroidRuntime: 	at android.app.ActivityThread.main(ActivityThread.java:7838)
11-25 17:32:37.574 18918 18918 E AndroidRuntime: 	at java.lang.reflect.Method.invoke(Native Method)
11-25 17:32:37.574 18918 18918 E AndroidRuntime: 	at com.android.internal.os.RuntimeInit$MethodAndArgsCaller.run(RuntimeInit.java:548)
11-25 17:32:37.574 18918 18918 E AndroidRuntime: 	at com.android.internal.os.ZygoteInit.main(ZygoteInit.java:1003)
11-25 17:32:37.579  1826 19000 I DropBoxManagerService: add tag=data_app_crash isTagEnabled=true flags=0x2
11-25 17:32:37.579  1826  2136 W ActivityTaskManager:   Force finishing activity sample.mapsted.com/.SampleMainLaunchActivity
11-25 17:32:37.609  1826  2014 W BroadcastQueue: Background execution not allowed: receiving Intent { act=android.intent.action.DROPBOX_ENTRY_ADDED flg=0x10 (has extras) } to com.google.android.gms/.stats.service.DropBoxEntryAddedReceiver
11-25 17:32:37.609  1826  2014 W BroadcastQueue: Background execution not allowed: receiving Intent { act=android.intent.action.DROPBOX_ENTRY_ADDED flg=0x10 (has extras) } to com.google.android.gms/.chimera.GmsIntentOperationService$PersistentTrustedReceiver
11-25 17:32:37.645  1826  1945 D CompatibilityChangeReporter: Compat change id reported: 168419799; UID 1000; state: DISABLED
11-25 17:32:37.664  1826  1952 D CompatibilityChangeReporter: Compat change id reported: 158002302; UID 1000; state: ENABLED
11-25 17:32:37.666  6264  6368 I AssistantForeground: Get launcher package: com.google.android.apps.nexuslauncher
11-25 17:32:37.799  1826  2460 D ConnectivityService: NetReassign [no changes]
11-25 17:32:37.865  1826  5032 W InputManager-JNI: Input channel object 'd9ea519 Splash Screen sample.mapsted.com (client)' was disposed without first being removed with the input manager!
11-25 17:32:38.081  1826  1950 W ActivityTaskManager: Activity top resumed state loss timeout for ActivityRecord{c3e5948 u0 sample.mapsted.com/.SampleMainLaunchActivity t237 f}}
11-25 17:32:38.102  1826  1950 W ActivityTaskManager: Activity pause timeout for ActivityRecord{c3e5948 u0 sample.mapsted.com/.SampleMainLaunchActivity t237 f}}
11-25 17:32:38.139  6217  6217 I A       : onApplyWindowInsets: systemWindowInsets=Insets{left=0, top=136, right=0, bottom=44}
11-25 17:32:38.139  6217  6217 I A       : onApplyWindowInsets: systemWindowInsets=Insets{left=0, top=136, right=0, bottom=44}
11-25 17:32:38.168 16835 16835 I WallpaperService: engine resumed
11-25 17:32:38.169  1826  5032 W ServiceManager: Permission failure: android.permission.HIGH_SAMPLING_RATE_SENSORS from uid=10151 pid=16835
11-25 17:32:38.170  1826  3101 W ServiceManager: Permission failure: android.permission.HIGH_SAMPLING_RATE_SENSORS from uid=10151 pid=16835
11-25 17:32:38.171  1211  1211 I sensors-hal: [hal]batch_physical_sensor:319, android.sensor.gyroscope/41, period=20000000, max_latency=0
11-25 17:32:38.171  1211  1211 I sensors-hal: [sensor]set_config:64, sample_period_ns is adjusted to 20000000 based on min/max delay_ns
11-25 17:32:38.171  1211  1211 I sensors-hal: [hal]batch_physical_sensor:328, android.sensor.gyroscope/41, period=20000000, max_latency=0 request completed
11-25 17:32:38.171  1211  1211 I sensors-hal: [hal]activate_physical_sensor:256, android.sensor.gyroscope/41 en=1
11-25 17:32:38.171  1211  1211 I sensors-hal: [ssc_utils]get_qmi_debug_flag:243, support_qmi_debug : false
11-25 17:32:38.171  1211  1211 E QMI_FW  : qmi_cci_get_ref: ref count increased 2
11-25 17:32:38.171  6264  6264 I GsaVoiceInteractionSrv: Handling ACTION_START_HOTWORD
11-25 17:32:38.172  1211  1211 E QMI_FW  : qmi_cci_get_ref: ref count increased 2
11-25 17:32:38.172  1211  1211 E QMI_FW  : qmi_cci_get_ref: ref count increased 2
11-25 17:32:38.172  1211  1211 E QMI_FW  : qmi_cci_get_ref: ref count increased 2
11-25 17:32:38.173  1211  1211 E QMI_FW  : qmi_cci_get_ref: ref count increased 2
11-25 17:32:38.174  6264  6339 I GsaVoiceInteractionSrv: disregardVoiceMatch: false
11-25 17:32:38.174  6264  6339 I GsaVoiceInteractionSrv: Cannot start hotword, hotword has been explicitly disabled.
11-25 17:32:38.175  1211  1211 E QMI_FW  : qmi_cci_get_ref: ref count increased 2
11-25 17:32:38.175  1211  1211 D Diag_Lib:  Diag_LSM_Init: Failed to open handle to diag driver, error = 13
11-25 17:32:38.176  1211  1211 E QMI_FW  : qmi_cci_get_ref: ref count increased 2
11-25 17:32:38.176  1211  1211 D Diag_Lib:  Diag_LSM_Init: Failed to open handle to diag driver, error = 13
11-25 17:32:38.176  1211  1211 I sensors-hal: [ssc_sensor]update_handle:559, handle=331, type=33, wakeup=0, hwid=0, base=331
11-25 17:32:38.176  1211  1211 I sensors-hal: [sensor]set_config:64, sample_period_ns is adjusted to 1000000000 based on min/max delay_ns
11-25 17:32:38.176  1211  1211 I sensors-hal: [ssc_utils]get_qmi_debug_flag:243, support_qmi_debug : false
11-25 17:32:38.176  1211  1211 E QMI_FW  : qmi_cci_get_ref: ref count increased 2
11-25 17:32:38.176  1211  1211 E QMI_FW  : qmi_cci_get_ref: ref count increased 2
11-25 17:32:38.176  1211  1211 E QMI_FW  : qmi_cci_get_ref: ref count increased 2
11-25 17:32:38.176  1211  1211 E QMI_FW  : qmi_cci_get_ref: ref count increased 2
11-25 17:32:38.169  1211  1211 W sensors@2.0-ser: type=1400 audit(0.0:9720): avc: denied { read write } for name="diag" dev="tmpfs" ino=17926 scontext=u:r:hal_sensors_default:s0 tcontext=u:object_r:diag_device:s0 tclass=chr_file permissive=0
11-25 17:32:38.177  1211  1211 E QMI_FW  : qmi_cci_get_ref: ref count increased 2
11-25 17:32:38.179  1211  1211 E QMI_FW  : qmi_cci_get_ref: ref count increased 2
11-25 17:32:38.180  1211  1211 E QMI_FW  : qmi_cci_get_ref: ref count increased 2
11-25 17:32:38.173  1211  1211 W sensors@2.0-ser: type=1400 audit(0.0:9721): avc: denied { read write } for name="diag" dev="tmpfs" ino=17926 scontext=u:r:hal_sensors_default:s0 tcontext=u:object_r:diag_device:s0 tclass=chr_file permissive=0
11-25 17:32:38.180  1211  1211 I sensors-hal: [ssc_utils]get_qmi_debug_flag:243, support_qmi_debug : false
11-25 17:32:38.180  1211  1211 E QMI_FW  : qmi_cci_get_ref: ref count increased 2
11-25 17:32:38.181  1211 19010 I sensors-hal: [ssc_sensor]ssc_conn_resp_cb:685, resp_value = 0
11-25 17:32:38.181  4249  4477 I AiAiEcho: Predicting[1]: { Feature:WEATHER, creation:2021-11-25T11:46:11.088Z, expiry:2021-11-25T17:46:11.088Z, isExpired: false}
11-25 17:32:38.181  1826  5032 W InputManager-JNI: Input channel object '30f2d27 com.google.android.permissioncontroller/com.android.permissioncontroller.permission.ui.GrantPermissionsActivity (client)' was disposed without first being removed with the input manager!
11-25 17:32:38.182  4249  4477 I AiAiEcho: Ranked targets strategy: SORT, count: 1, ranking metadata: { cardId: WEATHER-1905757503, card type: WEATHER, update time: 2021-11-25T11:46:11.088Z, expiration time: 2021-11-25T17:46:11.088Z, ranking metadata: RankingMetaData(urgency=0.0, priority=0.0, recency=0.0, rankScore=0.0, importantTimePoints=# ipz@7bca4) }
11-25 17:32:38.185  1211  1211 E QMI_FW  : qmi_cci_get_ref: ref count increased 2
11-25 17:32:38.185  1211  1211 E QMI_FW  : qmi_cci_get_ref: ref count increased 2
11-25 17:32:38.185  1211  1211 E QMI_FW  : qmi_cci_get_ref: ref count increased 2
11-25 17:32:38.186  1211  1211 E QMI_FW  : qmi_cci_get_ref: ref count increased 2
11-25 17:32:38.187  3081  3081 W BcSmartspaceCard: No title view to update
11-25 17:32:38.188  6217  9265 I OpenGLRenderer: Davey! duration=1118892ms; Flags=1, FrameTimelineVsyncId=9947555, IntendedVsync=137303127591844, Vsync=137303127591844, InputEventId=1768431470, HandleInputStart=137303132527370, AnimationStart=137303132529505, PerformTraversalsStart=137303132529974, DrawStart=137303166346071, FrameDeadline=137303160758510, FrameInterval=137303132465286, FrameStartTime=16666666, SyncQueued=137303173431488, SyncStart=137303174065030, IssueDrawCommandsStart=137303175215395, SwapBuffers=137303180009926, FrameCompleted=138422020249196, DequeueBufferDuration=27969, QueueBufferDuration=958385, GpuCompleted=138422020249196, SwapBuffersCompleted=137303181875500, DisplayPresentTime=0, 
11-25 17:32:38.190  2600  2600 W BcSmartspaceCard: No title view to update
11-25 17:32:38.190  1211  1211 E QMI_FW  : qmi_cci_get_ref: ref count increased 2
11-25 17:32:38.190  1211  1211 E QMI_FW  : qmi_cci_get_ref: ref count increased 2
11-25 17:32:38.190  1211  1211 I sensors-hal: [hal]activate_physical_sensor:267, android.sensor.gyroscope/41 en=1 completed
11-25 17:32:38.191  1211 19013 I sensors-hal: [ssc_sensor]ssc_conn_resp_cb:685, resp_value = 0
11-25 17:32:39.148  1179  2005 D audio_hw_primary: out_standby: enter: stream (0xf24c4330) usecase(1: low-latency-playback)
11-25 17:32:39.185  1179  2005 D audio_hw_primary: disable_audio_route: reset and update mixer path: low-latency-playback speaker
11-25 17:32:39.189  1179  2005 D soundtrigger: audio_extn_sound_trigger_update_stream_status: uc_info->id 1 of type 0 for Event 2, with Raise=0
11-25 17:32:39.189  1179  2005 D hardware_info: hw_info_append_hw_type : device_name = speaker
11-25 17:32:39.189  1179  2005 D audio_hw_primary: disable_snd_device: snd_device(2: speaker)
11-25 17:32:39.223  1179  2005 D audio_hw_primary: disable_audio_route: reset and update mixer path: spkr-vi-record vi-feedback
11-25 17:32:39.223  1179  2005 D soundtrigger: audio_extn_sound_trigger_update_stream_status: uc_info->id 53 of type 1 for Event 2, with Raise=0
11-25 17:32:39.223  1179  2005 D hardware_info: hw_info_append_hw_type : device_name = vi-feedback
11-25 17:32:39.223  1179  2005 D audio_hw_primary: disable_snd_device: snd_device(222: vi-feedback)
11-25 17:32:39.223  1179  2005 I soundtrigger: audio_extn_sound_trigger_update_device_status: device 0xde of type 1 for Event 0, with Raise=0
11-25 17:32:39.223  1179  2005 W audio_hw_cirrus_playback: spkr_prot_stop_processing: state: 2, snd_device: 2
11-25 17:32:39.225  1179  2005 I soundtrigger: audio_extn_sound_trigger_update_device_status: device 0x2 of type 0 for Event 0, with Raise=0
11-25 17:32:40.479 29765 29906 V LOGMAPSTED:MapstedPositioning: onPositionChange: position com.mapsted.corepositioning.cppObjects.swig.Position@f35370c, X=8938018.14567781, Y=3056553.1972195003, Z=0.0, propertyId=-1, buildingId=-1, floorId -1
11-25 17:32:40.482 29765 30001 V LOGMAPSTED:PostUserPosition: post: cppPosition com.mapsted.corepositioning.cppObjects.swig.Position@164e26a, last sent 10002.0 ms ago
11-25 17:32:40.486 29765 30001 V LOGMAPSTED:PostUserPosition: doPost: userLivePositionPackageJson = {"Position":{"buildingId":-1,"covXY":0.0,"floorId":-1,"propertyId":-1,"unixTimestampMs":1.6378417604754246E12,"varX":89.22751,"varY":89.22751,"x":8938018.14567781,"y":3056553.1972195003},"UserUID":"910c108e-0889-4713-84d4-5c97ca54a764"}
11-25 17:32:40.489 29765 23442 V OkHttp  : --> POST https://positioning-stage.mapsted.com/v4.5/api//analytics/PostUserLivePosition
11-25 17:32:40.489 29765 23442 V OkHttp  : Content-Type: application/json; charset=utf-8
11-25 17:32:40.489 29765 23442 V OkHttp  : Content-Length: 236
11-25 17:32:40.489 29765 23442 V OkHttp  : 
11-25 17:32:40.490 29765 23442 V OkHttp  : {"Position":{"buildingId":-1,"covXY":0.0,"floorId":-1,"propertyId":-1,"unixTimestampMs":1.6378417604754246E12,"varX":89.22751,"varY":89.22751,"x":8938018.14567781,"y":3056553.1972195003},"UserUID":"910c108e-0889-4713-84d4-5c97ca54a764"}
11-25 17:32:40.490 29765 23442 V OkHttp  : --> END POST (236-byte body)
11-25 17:32:40.823  2846  3703 D QCNEJ/WlanStaInfoRelay: Received action: android.net.wifi.RSSI_CHANGED
11-25 17:32:40.855  6055  6115 I CarrierServices: [49] byk.c: Connected state: [1], networkType: [WIFI]
11-25 17:32:40.856  2932  2966 E PhoneInterfaceManager: [PhoneIntfMgr] getCarrierPrivilegeStatus: Invalid subId
11-25 17:32:40.864  1826  2460 D ConnectivityService: NetReassign [no changes]
11-25 17:32:42.623  1826  2413 W InputDispatcher: Window 5e9b7a4 sample.mapsted.com/sample.mapsted.com.SampleMainLaunchActivity (server) is unresponsive: 5e9b7a4 sample.mapsted.com/sample.mapsted.com.SampleMainLaunchActivity (server) is not responding. Waited 5004ms for FocusEvent(hasFocus=false)
11-25 17:32:42.623  1826  2413 W InputDispatcher: Canceling events for 5e9b7a4 sample.mapsted.com/sample.mapsted.com.SampleMainLaunchActivity (server) because it is unresponsive
11-25 17:32:42.624  1826  2413 I WindowManager: ANR in sample.mapsted.com/sample.mapsted.com.SampleMainLaunchActivity. Reason:5e9b7a4 sample.mapsted.com/sample.mapsted.com.SampleMainLaunchActivity (server) is not responding. Waited 5004ms for FocusEvent(hasFocus=false)
11-25 17:32:42.758  1826  2413 D CompatibilityChangeReporter: Compat change id reported: 174042980; UID 10329; state: DISABLED
11-25 17:32:42.759  1826  2413 D CompatibilityChangeReporter: Compat change id reported: 181136395; UID 10329; state: DISABLED
11-25 17:32:42.760  1826  2413 D CompatibilityChangeReporter: Compat change id reported: 174042936; UID 10329; state: DISABLED
11-25 17:32:42.761  1826  2413 D CompatibilityChangeReporter: Compat change id reported: 184838306; UID 10329; state: DISABLED
11-25 17:32:42.762  1826  2413 D CompatibilityChangeReporter: Compat change id reported: 185004937; UID 10329; state: DISABLED
11-25 17:32:42.801  1826 19016 I ActivityManager: Crashing app skipping ANR: com.android.server.am.ProcessErrorStateRecord@7c358dd Input dispatching timed out (5e9b7a4 sample.mapsted.com/sample.mapsted.com.SampleMainLaunchActivity (server) is not responding. Waited 5004ms for FocusEvent(hasFocus=false))
11-25 17:32:42.801  1826 19016 D ActivityManager: Completed ANR of sample.mapsted.com in 22ms, latency 2ms
11-25 17:32:43.175 29765 23442 V OkHttp  : <-- 500 https://positioning-stage.mapsted.com/v4.5/api//analytics/PostUserLivePosition (2685ms)
11-25 17:32:43.175 29765 23442 V OkHttp  : cache-control: no-cache
11-25 17:32:43.175 29765 23442 V OkHttp  : pragma: no-cache
11-25 17:32:43.175 29765 23442 V OkHttp  : content-type: application/json; charset=utf-8
11-25 17:32:43.175 29765 23442 V OkHttp  : expires: -1
11-25 17:32:43.175 29765 23442 V OkHttp  : server: Microsoft-IIS/10.0
11-25 17:32:43.175 29765 23442 V OkHttp  : x-aspnet-version: 4.0.30319
11-25 17:32:43.175 29765 23442 V OkHttp  : x-powered-by: ASP.NET
11-25 17:32:43.175 29765 23442 V OkHttp  : date: Thu, 25 Nov 2021 12:02:41 GMT
11-25 17:32:43.175 29765 23442 V OkHttp  : content-length: 55
11-25 17:32:43.176 29765 23442 V OkHttp  : 
11-25 17:32:43.176 29765 23442 V OkHttp  : "Object reference not set to an instance of an object."
11-25 17:32:43.176 29765 23442 V OkHttp  : <-- END HTTP (55-byte body)
11-25 17:32:43.177 29765 23442 V LOGMAPSTED:PostUserPosition$1: onResponse: Response{protocol=h2, code=500, message=, url=https://positioning-stage.mapsted.com/v4.5/api//analytics/PostUserLivePosition}
11-25 17:32:43.857  1826  2460 D ConnectivityService: NetReassign [no changes]
11-25 17:32:44.240 18768 18787 I Bugle   : BugleStartup: Registering SIM change receiver...
11-25 17:32:44.242 18768 18787 I Bugle   : BugleStartup: Updating app config...
11-25 17:32:44.250 18768 18787 I Bugle   : BugleStartup: Done with SIM change receiver & app config.
11-25 17:32:44.250 18768 18787 I Bugle   : BugleStartup: Handling shared prefs upgrade & Load MMS Configuration...
11-25 17:32:44.283  1826  3101 W ActivityManager: Background start not allowed: service Intent { cmp=com.google.android.apps.messaging/.shared.datamodel.action.execution.ActionExecutorImpl$EmptyService } to com.google.android.apps.messaging/.shared.datamodel.action.execution.ActionExecutorImpl$EmptyService from pid=18768 uid=10213 pkg=com.google.android.apps.messaging startFg?=false
11-25 17:32:44.286 18768 18785 I BugleAction: ActionSchedulerImpl: class com.google.android.apps.messaging.shared.datamodel.action.CountryCodeDetectorAction-CountryCodeDetectorAction:267663163003 deferred since it was started from unsafe context
11-25 17:32:44.286  6217 19020 I GsaConfigFlagsSyncer: Flags already sync'ed.
11-25 17:32:44.291 18768 19019 I BugleRcsEngine: [65] aqah.c: do not delay first event
11-25 17:32:44.292  6217  6306 I MicroDetectionState: Should stop hotword detection immediately - true
11-25 17:32:44.295  1826  1826 D CompatibilityChangeReporter: Compat change id reported: 168419799; UID 10213; state: DISABLED
11-25 17:32:44.296 18768 18786 I BugleRcsEngine: [36] aokg.l: Reinitialize CSLib Flags: com.google.android.ims.library
11-25 17:32:44.297 18768 18785 I Bugle   : BugleStartup: Initializing RCS availability...
11-25 17:32:44.298 18768 19017 I AssistantConnector: Use gRPC connector
11-25 17:32:44.307  1826  3101 W ActivityManager: Background start not allowed: service Intent { cmp=com.google.android.apps.messaging/.shared.datamodel.action.execution.ActionExecutorImpl$EmptyService } to com.google.android.apps.messaging/.shared.datamodel.action.execution.ActionExecutorImpl$EmptyService from pid=18768 uid=10213 pkg=com.google.android.apps.messaging startFg?=false
11-25 17:32:44.315 18768 18785 I Bugle   : RcsAvailabilityUtilForProvisioningEngineV2: updateAvailabilityAsync, hint: NO_HINT
11-25 17:32:44.316 18768 18785 I Bugle   : BugleStartup: Done with RCS availability.
11-25 17:32:44.316 18768 18785 I Bugle   : BugleStartup: Initializing RBM downloads...
11-25 17:32:44.317 18768 18863 W Bugle   : SubscriptionMetadataUtils get: invalid subId = -1
11-25 17:32:44.318 18768 18863 I Bugle   : CountryCodeDetector: updateMainDeviceCountry from default subscription network country. detected country: in
11-25 17:32:44.318 18768 18785 I Bugle   : BugleDownloadManager: Marking BugleDownloadManager as initialized.
11-25 17:32:44.318 18768 18785 I Bugle   : BugleStartup: Done initializing RBM downloads.
11-25 17:32:44.318 18768 18785 I Bugle   : BugleStartup: Done initializing with enabled individual init failures.
11-25 17:32:44.326 18768 19019 I BugleRcsEngine: [65] aqad.n: (Sim): Processing an intent
11-25 17:32:44.327 18768 19019 I BugleRcsEngine: [65] aqad.S: (Sim): SIM state ABSENT
11-25 17:32:44.333 18768 18785 W BugleRcsEngine: [35] apax.a: [SR]: Single Registration is disabled. Skipping Single Registration capability check for subId: 2
11-25 17:32:44.333 18768 19019 I BugleRcsEngine: [65] aqad.K: (Sim): Broadcasting Intent { act=com.google.android.ims.SIM_ABSENT }
11-25 17:32:44.334 18768 18768 I Bugle   : SimChangeReceiver: action: com.google.android.ims.SIM_ABSENT
11-25 17:32:44.339  6055  6078 I CarrierServices: [34] dbn.d: Received Provisioning Event: [Bugle information (100)]
11-25 17:32:44.339  6055  6078 I CarrierServices: [34] dbn.d: JibeService is running, passing event to provisioning engine.
11-25 17:32:44.340 18768 18786 W Bugle   : SubscriptionMetadataUtils get: invalid subId = -1
11-25 17:32:44.343 18768 18786 W Bugle   : SubscriptionMetadataUtils get: invalid subId = -1
11-25 17:32:44.344 18768 18786 W Bugle   : SubscriptionMetadataUtils get: invalid subId = -1
11-25 17:32:44.345 18768 18787 I BugleRcsEngine: [37] aqah.c: SIM delay is not enabled
11-25 17:32:44.345 18768 18787 W BugleRcsEngine: [37] aqad.a: (Sim): process intent: android.intent.action.SIM_STATE_CHANGED
11-25 17:32:44.346 18768 18786 W Bugle   : SubscriptionMetadataUtils get: invalid subId = -1
11-25 17:32:44.349 18768 18786 W Bugle   : SubscriptionMetadataUtils get: invalid subId = -1
11-25 17:32:44.352 18768 18787 W BugleRcsEngine: [37] aqad.d: (Sim): Unexpected action: android.intent.action.ACTION_DEFAULT_DATA_SUBSCRIPTION_CHANGED
11-25 17:32:44.353 18768 19019 I BugleRcsEngine: [65] aqad.n: (Sim): Processing an intent
11-25 17:32:44.354 18768 19019 I BugleRcsEngine: [65] aqad.x: (Sim): Ignoring duplicate SIM state: ABSENT
11-25 17:32:44.357 18768 18787 W BugleRcsEngine: [37] aqad.d: (Sim): Unexpected action: android.intent.action.ACTION_DEFAULT_VOICE_SUBSCRIPTION_CHANGED
11-25 17:32:44.454 18768 18785 I BugleRcsProvisioning: RcsAvailabilityUpdaterLocal: [SR]: SingleRegistration configuration, singleRegistrationRcsConfigAvailableAndEnabled: false, simId: redacted-pii:sim_id[chars:19]
11-25 17:32:44.465 18768 18786 I BugleJobs: Icing index repair service is not scheduled. [CONTEXT class_name="IcingMonitoringUtils" ]
11-25 17:32:44.505 18768 18796 I BugleJobs: Starts to observe table change.
11-25 17:32:44.507 18768 18785 I BugleRcsProvisioning: RcsAvailabilityUpdaterLocal: updateRcsAvailability, currentAvailability: 9, newAvailability: 9, hint: NO_HINT
11-25 17:32:44.538 18768 18796 V AssistantIntegClient: #getAssistantConfig()
11-25 17:32:44.567 18768 18787 D CompatibilityChangeReporter: Compat change id reported: 147600208; UID 10213; state: ENABLED
11-25 17:32:44.600 18768 18787 I BugleNetwork: FirebaseRegistrationStartupTask: Enabling Firebase component
11-25 17:32:44.694 18768 18787 I FirebaseApp: Device unlocked: initializing all Firebase APIs for app [DEFAULT]
11-25 17:32:44.802 18768 19029 I DynamiteModule: Considering local module com.google.android.gms.measurement.dynamite:55 and remote module com.google.android.gms.measurement.dynamite:54
11-25 17:32:44.802 18768 19029 I DynamiteModule: Selected local version of com.google.android.gms.measurement.dynamite
11-25 17:32:44.876 18768 18796 W Bugle   : SubscriptionMetadataUtils get: invalid subId = -1
11-25 17:32:44.897 18768 18796 I BugleEtouffee: EtouffeeStateMachine: Ensuring state machine consistency
11-25 17:32:44.932 18768 18796 I BugleEtouffee: EtouffeeStateMachine: onRegistrationUpdate from Tachyon, status: REGISTERED_WITH_PREKEYS
11-25 17:32:44.943 18768 18796 I BugleEtouffee: EtouffeeStateMachine: Registration update, Previous Etouffee status: PROVISIONED, New Etouffee status: PROVISIONED
11-25 17:32:44.987 18768 19034 V FA      : App measurement collection enabled
11-25 17:32:44.988  9078  9078 I Wear_Controller: Wearable module requires a companion app to be installed.
11-25 17:32:44.988  9078  9078 I WearableService: onCreate: Wearable Services not starting. Wear is not available on this device.
11-25 17:32:44.991 18768 19034 V FA      : App measurement enabled for app package, google app id: com.google.android.apps.messaging, 1:357317899610:android:4765c0ded882c665
11-25 17:32:44.993 18768 19034 I FA      : App measurement initialized, version: 46003
11-25 17:32:44.993 18768 19034 I FA      : To enable debug logging run: adb shell setprop log.tag.FA VERBOSE
11-25 17:32:44.999  9078  9220 W WearableService: onGetService: Wear is not available on this device.
11-25 17:32:45.000 18768 19034 I FA      : To enable faster debug mode event logging run:
11-25 17:32:45.000 18768 19034 I FA      :   adb shell setprop debug.firebase.analytics.app com.google.android.apps.messaging
11-25 17:32:45.000 18768 19034 D FA      : Debug-level message logging enabled
11-25 17:32:45.025 18768 18787 I BugleRcsProvisioning: RcsProvisioningTrigger: Schedule provisioning on app startup
11-25 17:32:45.030 18768 18787 I BugleRcsProvisioning: RcsProvisioningTrigger: schedule provisioning
11-25 17:32:45.040 18768 18863 D MDD WorkManagerTaskScheduler: Scheduling periodic tasks for MDD lib MDD.CHARGING.PERIODIC.TASK 21600
11-25 17:32:45.042 18768 18863 D MDD WorkManagerTaskScheduler: Scheduling periodic tasks for MDD lib MDD.MAINTENANCE.PERIODIC.GCM.TASK 86400
11-25 17:32:45.043 18768 18863 D MDD WorkManagerTaskScheduler: Scheduling periodic tasks for MDD lib MDD.CELLULAR.CHARGING.PERIODIC.TASK 21600
11-25 17:32:45.044 18768 18863 D MDD WorkManagerTaskScheduler: Scheduling periodic tasks for MDD lib MDD.WIFI.CHARGING.PERIODIC.TASK 3600
11-25 17:32:45.045 18768 18863 I BugleMDD: MddBackgroundStartupTask: Scheduled MDD periodic tasks.
11-25 17:32:45.046 18768 18786 I BugleNetwork: Startup: registering tachyon.
11-25 17:32:45.062 18768 18786 I BugleNetwork: Startup: skip phone registration because of no sim.
11-25 17:32:45.070 18768 19034 V FA      : Connecting to remote service
11-25 17:32:45.087 18768 18785 D MDD WorkManagerTaskScheduler: Successfully updated periodic tasks for MDD lib MDD.MAINTENANCE.PERIODIC.GCM.TASK 86400
11-25 17:32:45.094  9114  9114 D BoundBrokerSvc: onBind: Intent { act=com.google.android.gms.measurement.START pkg=com.google.android.gms }
11-25 17:32:45.094  9114  9114 D BoundBrokerSvc: Loading bound service for intent: Intent { act=com.google.android.gms.measurement.START pkg=com.google.android.gms }
11-25 17:32:45.097 18768 18785 D MDD WorkManagerTaskScheduler: Successfully updated periodic tasks for MDD lib MDD.CELLULAR.CHARGING.PERIODIC.TASK 21600
11-25 17:32:45.098 18768 18785 D MDD WorkManagerTaskScheduler: Successfully updated periodic tasks for MDD lib MDD.WIFI.CHARGING.PERIODIC.TASK 3600
11-25 17:32:45.098 18768 18785 D MDD WorkManagerTaskScheduler: Successfully updated periodic tasks for MDD lib MDD.CHARGING.PERIODIC.TASK 21600
11-25 17:32:45.113 18768 18787 I BugleRcsEngine: [37] nxw.run: Skipping provisioning scheduling since RCS is disabled
11-25 17:32:45.119 18768 18796 I Bugle   : VerifiedSmsStartupTask: Checking if Verified SMS tasks should be enqueued. feature supported: true, feature enabled: true, eligible / has registered key: true, C11N: true
11-25 17:32:45.134 18768 19034 V FA      : Connection attempt already in progress
11-25 17:32:45.143 18768 18868 I Bugle   : VerifiedSmsStartupTask: Verified SMS is enabled.
11-25 17:32:45.143 18768 18868 I Bugle   : VerifiedSmsStartupTask: Not enqueuing Verified SMS key rotation work since interval frequency is unchanged. interval frequency: 1209600000
11-25 17:32:45.147 18768 18868 I Bugle   : VerifiedSmsStartupTask: Calling C11N to get phone numbers...
11-25 17:32:45.155 18768 19034 V FA      : Connection attempt already in progress
11-25 17:32:45.155 18768 19034 D FA      : Connected to remote service
11-25 17:32:45.157 18768 19034 V FA      : Processing queued up service tasks: 3
11-25 17:32:45.168 18768 18867 I Bugle   : VerifiedSmsRegistrationHelper: The device doesn't have a new IMSI not registered with VSMS.
11-25 17:32:45.169 18768 18872 I Bugle   : VerifiedSmsStartupTask: C11N registration didn't update with any new data.
11-25 17:32:45.191  9114 19038 V FA-SVC  : Saving default event parameters, appId, data size: com.google.android.apps.messaging, 2
11-25 17:32:45.452  1826  1826 W JobServiceContext: No response from client for onStartJob df04d54 #u0a329/0 sample.mapsted.com/androidx.work.impl.background.systemjob.SystemJobService
11-25 17:32:45.476 29765 29906 V LOGMAPSTED:MapstedPositioning: onPositionChange: position com.mapsted.corepositioning.cppObjects.swig.Position@cece35b, X=8938018.14567781, Y=3056553.1972195003, Z=0.0, propertyId=-1, buildingId=-1, floorId -1
11-25 17:32:45.477 29765 30001 V LOGMAPSTED:PostUserPosition: post: cppPosition com.mapsted.corepositioning.cppObjects.swig.Position@76014d1, last sent 4988.0 ms ago
11-25 17:32:45.481 18768 18786 I BugleRcsProvisioning: BugleSystemBindingManager: onBuglePhenotypeFlagChanged
11-25 17:32:45.483 18768 18786 I BugleRcsProvisioning: BugleSystemBindingManager: onCsLibPhenotypeUpdated
11-25 17:32:45.483 18768 18786 I BugleRcsEngine: [36] afjk.b: SystemBindingManager: force P/H Flag update scheduled and start updateBinding
11-25 17:32:45.488 18768 18866 I BugleTransport: isChatAvailable: RcsAvailability is DISABLED_SIM_ABSENT (RCS is disabled due to SIM absent)
11-25 17:32:45.489 18768 18785 I BugleRcsEngine: [35] anss.run: SystemBindingManager: SystemBinding enabled: false
11-25 17:32:45.489 18768 18787 I BugleRcsEngine: [37] anst.b: System Binding updated
11-25 17:32:45.490 18768 18813 I BugleRcsEngine: [44] apme.b: Using config server URL from anyq
11-25 17:32:45.521  6055  6078 I CarrierServices: [34] dbn.d: Received Provisioning Event: [Bugle information (100)]
11-25 17:32:45.521  6055  6078 I CarrierServices: [34] dbn.d: JibeService is running, passing event to provisioning engine.
11-25 17:32:45.569 18768 18863 W Bugle   : SubscriptionMetadataUtils get: invalid subId = -1
11-25 17:32:45.589 18768 18785 I BugleTransport: isChatAvailable: false, enabledTransport: 1
11-25 17:32:45.610 18768 18863 I RcsClientLib: Connecting RcsEngineLifecycleService
11-25 17:32:45.614 18768 18863 I RcsClientLib: shouldUseCarrierServicesJibeService: true, CarrierServices rcs service found: true
11-25 17:32:45.625 18768 18768 I RcsClientLib: com.google.android.rcs.client.lifecycle.RcsEngineLifecycleService connected
11-25 17:32:45.628  6055  6113 I CarrierServices: [48] crj.handleMessage: RCS engine STOP RCS stack
11-25 17:32:45.629  2932  2966 E PhoneInterfaceManager: [PhoneIntfMgr] getCarrierPrivilegeStatus: Invalid subId
11-25 17:32:45.629 18768 18866 I RcsClientLib: Disconnecting RcsEngineLifecycleService
11-25 17:32:46.886  1826  2460 D ConnectivityService: NetReassign [no changes]
11-25 17:32:48.185  1826  1950 W ActivityTaskManager: Activity destroy timeout for ActivityRecord{c3e5948 u0 sample.mapsted.com/.SampleMainLaunchActivity t237 f}}
11-25 17:32:48.186  1826  1950 W InputManager-JNI: Input channel object '5e9b7a4 sample.mapsted.com/sample.mapsted.com.SampleMainLaunchActivity (client)' was disposed without first being removed with the input manager!
11-25 17:32:48.202  1826  1952 W ActivityTaskManager: Can't find TaskDisplayArea to determine support for multi window. Task id=237 attached=false
11-25 17:32:48.202  1826  1952 W ActivityTaskManager: Can't find TaskDisplayArea to determine support for multi window. Task id=237 attached=false
11-25 17:32:49.913  1826  2460 D ConnectivityService: NetReassign [no changes]
11-25 17:32:50.205 18768 19034 V FA      : Inactivity, disconnecting from the service
11-25 17:32:50.281  1826  5032 W ActivityManager: Background start not allowed: service Intent { cmp=com.google.android.apps.messaging/.shared.datamodel.action.execution.ActionExecutorImpl$EmptyService } to com.google.android.apps.messaging/.shared.datamodel.action.execution.ActionExecutorImpl$EmptyService from pid=18768 uid=10213 pkg=com.google.android.apps.messaging startFg?=false
11-25 17:32:50.284 18768 18768 W BugleDataModel: ActionExecutorImpl: Action started execution, but we can't guarantee it will complete, the app may be killed. Action: class com.google.android.apps.messaging.shared.datamodel.action.FixupMessageStatusOnStartupAction-FixupMessageStatusOnStartupAction:267663163001
11-25 17:32:50.284 18768 18768 W BugleDataModel: android.app.BackgroundServiceStartNotAllowedException: Not allowed to start service Intent { cmp=com.google.android.apps.messaging/.shared.datamodel.action.execution.ActionExecutorImpl$EmptyService }: app is in background uid UidRecord{faab749 u0a213 LAST idle change:cached procs:0 seq(0,0,0)}
11-25 17:32:50.284 18768 18768 W BugleDataModel: 	at android.app.ContextImpl.startServiceCommon(ContextImpl.java:1861)
11-25 17:32:50.284 18768 18768 W BugleDataModel: 	at android.app.ContextImpl.startService(ContextImpl.java:1817)
11-25 17:32:50.284 18768 18768 W BugleDataModel: 	at android.content.ContextWrapper.startService(ContextWrapper.java:774)
11-25 17:32:50.284 18768 18768 W BugleDataModel: 	at com.google.android.apps.messaging.shared.datamodel.action.execution.ActionExecutorImpl.i(PG:1)
11-25 17:32:50.284 18768 18768 W BugleDataModel: 	at com.google.android.apps.messaging.shared.datamodel.action.execution.ActionExecutorImpl.a(PG:1)
11-25 17:32:50.284 18768 18768 W BugleDataModel: 	at rrt.j(PG:3)
11-25 17:32:50.284 18768 18768 W BugleDataModel: 	at rrs.run(Unknown Source:4)
11-25 17:32:50.284 18768 18768 W BugleDataModel: 	at bdpp.run(PG:2)
11-25 17:32:50.284 18768 18768 W BugleDataModel: 	at android.os.Handler.handleCallback(Handler.java:938)
11-25 17:32:50.284 18768 18768 W BugleDataModel: 	at android.os.Handler.dispatchMessage(Handler.java:99)
11-25 17:32:50.284 18768 18768 W BugleDataModel: 	at android.os.Looper.loopOnce(Looper.java:201)
11-25 17:32:50.284 18768 18768 W BugleDataModel: 	at android.os.Looper.loop(Looper.java:288)
11-25 17:32:50.284 18768 18768 W BugleDataModel: 	at android.app.ActivityThread.main(ActivityThread.java:7838)
11-25 17:32:50.284 18768 18768 W BugleDataModel: 	at java.lang.reflect.Method.invoke(Native Method)
11-25 17:32:50.284 18768 18768 W BugleDataModel: 	at com.android.internal.os.RuntimeInit$MethodAndArgsCaller.run(RuntimeInit.java:548)
11-25 17:32:50.284 18768 18768 W BugleDataModel: 	at com.android.internal.os.ZygoteInit.main(ZygoteInit.java:1003)
11-25 17:32:50.288  1826  5032 W ActivityManager: Background start not allowed: service Intent { cmp=com.google.android.apps.messaging/.shared.datamodel.action.execution.ActionExecutorImpl$EmptyService } to com.google.android.apps.messaging/.shared.datamodel.action.execution.ActionExecutorImpl$EmptyService from pid=18768 uid=10213 pkg=com.google.android.apps.messaging startFg?=false
11-25 17:32:50.290 18768 18768 W BugleDataModel: ActionExecutorImpl: Action started execution, but we can't guarantee it will complete, the app may be killed. Action: class com.google.android.apps.messaging.shared.datamodel.action.ProcessPendingMessagesAction-ProcessPendingMessagesAction:267663163002
11-25 17:32:50.290 18768 18768 W BugleDataModel: android.app.BackgroundServiceStartNotAllowedException: Not allowed to start service Intent { cmp=com.google.android.apps.messaging/.shared.datamodel.action.execution.ActionExecutorImpl$EmptyService }: app is in background uid UidRecord{faab749 u0a213 LAST idle change:cached procs:0 seq(0,0,0)}
11-25 17:32:50.290 18768 18768 W BugleDataModel: 	at android.app.ContextImpl.startServiceCommon(ContextImpl.java:1861)
11-25 17:32:50.290 18768 18768 W BugleDataModel: 	at android.app.ContextImpl.startService(ContextImpl.java:1817)
11-25 17:32:50.290 18768 18768 W BugleDataModel: 	at android.content.ContextWrapper.startService(ContextWrapper.java:774)
11-25 17:32:50.290 18768 18768 W BugleDataModel: 	at com.google.android.apps.messaging.shared.datamodel.action.execution.ActionExecutorImpl.i(PG:1)
11-25 17:32:50.290 18768 18768 W BugleDataModel: 	at com.google.android.apps.messaging.shared.datamodel.action.execution.ActionExecutorImpl.a(PG:1)
11-25 17:32:50.290 18768 18768 W BugleDataModel: 	at rrt.j(PG:3)
11-25 17:32:50.290 18768 18768 W BugleDataModel: 	at rrs.run(Unknown Source:4)
11-25 17:32:50.290 18768 18768 W BugleDataModel: 	at bdpp.run(PG:2)
11-25 17:32:50.290 18768 18768 W BugleDataModel: 	at android.os.Handler.handleCallback(Handler.java:938)
11-25 17:32:50.290 18768 18768 W BugleDataModel: 	at android.os.Handler.dispatchMessage(Handler.java:99)
11-25 17:32:50.290 18768 18768 W BugleDataModel: 	at android.os.Looper.loopOnce(Looper.java:201)
11-25 17:32:50.290 18768 18768 W BugleDataModel: 	at android.os.Looper.loop(Looper.java:288)
11-25 17:32:50.290 18768 18768 W BugleDataModel: 	at android.app.ActivityThread.main(ActivityThread.java:7838)
11-25 17:32:50.290 18768 18768 W BugleDataModel: 	at java.lang.reflect.Method.invoke(Native Method)
11-25 17:32:50.290 18768 18768 W BugleDataModel: 	at com.android.internal.os.RuntimeInit$MethodAndArgsCaller.run(RuntimeInit.java:548)
11-25 17:32:50.290 18768 18768 W BugleDataModel: 	at com.android.internal.os.ZygoteInit.main(ZygoteInit.java:1003)
11-25 17:32:50.362 18768 18863 I BugleDataModel: FixupMessageStatusOnStartupAction: sendFailedCnt: 0, downloadFailedCnt: 0, partsProcessingFailedCnt: 0
11-25 17:32:50.477 29765 29906 V LOGMAPSTED:MapstedPositioning: onPositionChange: position com.mapsted.corepositioning.cppObjects.swig.Position@4e6bb36, X=8938018.14567781, Y=3056553.1972195003, Z=0.0, propertyId=-1, buildingId=-1, floorId -1
11-25 17:32:50.477 29765 30001 V LOGMAPSTED:PostUserPosition: post: cppPosition com.mapsted.corepositioning.cppObjects.swig.Position@7495ba4, last sent 9988.0 ms ago
11-25 17:32:50.479 29765 30001 V LOGMAPSTED:PostUserPosition: doPost: userLivePositionPackageJson = {"Position":{"buildingId":-1,"covXY":0.0,"floorId":-1,"propertyId":-1,"unixTimestampMs":1.6378417704756138E12,"varX":89.22751,"varY":89.22751,"x":8938018.14567781,"y":3056553.1972195003},"UserUID":"910c108e-0889-4713-84d4-5c97ca54a764"}
11-25 17:32:50.480 29765 23442 V OkHttp  : --> POST https://positioning-stage.mapsted.com/v4.5/api//analytics/PostUserLivePosition
11-25 17:32:50.480 29765 23442 V OkHttp  : Content-Type: application/json; charset=utf-8
11-25 17:32:50.480 29765 23442 V OkHttp  : Content-Length: 236
11-25 17:32:50.480 29765 23442 V OkHttp  : 
11-25 17:32:50.480 29765 23442 V OkHttp  : {"Position":{"buildingId":-1,"covXY":0.0,"floorId":-1,"propertyId":-1,"unixTimestampMs":1.6378417704756138E12,"varX":89.22751,"varY":89.22751,"x":8938018.14567781,"y":3056553.1972195003},"UserUID":"910c108e-0889-4713-84d4-5c97ca54a764"}
11-25 17:32:50.480 29765 23442 V OkHttp  : --> END POST (236-byte body)
11-25 17:32:50.535  1826  5032 W ActivityManager: Background start not allowed: service Intent { cmp=com.google.android.apps.messaging/.shared.datamodel.action.execution.ActionExecutorImpl$EmptyService } to com.google.android.apps.messaging/.shared.datamodel.action.execution.ActionExecutorImpl$EmptyService from pid=18768 uid=10213 pkg=com.google.android.apps.messaging startFg?=false
11-25 17:32:50.536 18768 18768 W BugleDataModel: ActionExecutorImpl: Action started execution, but we can't guarantee it will complete, the app may be killed. Action: class com.google.android.apps.messaging.shared.datamodel.action.GenericWorkerQueueAction-GenericWorkerQueueAction:267663163006
11-25 17:32:50.536 18768 18768 W BugleDataModel: android.app.BackgroundServiceStartNotAllowedException: Not allowed to start service Intent { cmp=com.google.android.apps.messaging/.shared.datamodel.action.execution.ActionExecutorImpl$EmptyService }: app is in background uid UidRecord{faab749 u0a213 LAST idle change:cached procs:0 seq(0,0,0)}
11-25 17:32:50.536 18768 18768 W BugleDataModel: 	at android.app.ContextImpl.startServiceCommon(ContextImpl.java:1861)
11-25 17:32:50.536 18768 18768 W BugleDataModel: 	at android.app.ContextImpl.startService(ContextImpl.java:1817)
11-25 17:32:50.536 18768 18768 W BugleDataModel: 	at android.content.ContextWrapper.startService(ContextWrapper.java:774)
11-25 17:32:50.536 18768 18768 W BugleDataModel: 	at com.google.android.apps.messaging.shared.datamodel.action.execution.ActionExecutorImpl.i(PG:1)
11-25 17:32:50.536 18768 18768 W BugleDataModel: 	at com.google.android.apps.messaging.shared.datamodel.action.execution.ActionExecutorImpl.a(PG:1)
11-25 17:32:50.536 18768 18768 W BugleDataModel: 	at rrt.j(PG:3)
11-25 17:32:50.536 18768 18768 W BugleDataModel: 	at rrs.run(Unknown Source:4)
11-25 17:32:50.536 18768 18768 W BugleDataModel: 	at bdpp.run(PG:2)
11-25 17:32:50.536 18768 18768 W BugleDataModel: 	at android.os.Handler.handleCallback(Handler.java:938)
11-25 17:32:50.536 18768 18768 W BugleDataModel: 	at android.os.Handler.dispatchMessage(Handler.java:99)
11-25 17:32:50.536 18768 18768 W BugleDataModel: 	at android.os.Looper.loopOnce(Looper.java:201)
11-25 17:32:50.536 18768 18768 W BugleDataModel: 	at android.os.Looper.loop(Looper.java:288)
11-25 17:32:50.536 18768 18768 W BugleDataModel: 	at android.app.ActivityThread.main(ActivityThread.java:7838)
11-25 17:32:50.536 18768 18768 W BugleDataModel: 	at java.lang.reflect.Method.invoke(Native Method)
11-25 17:32:50.536 18768 18768 W BugleDataModel: 	at com.android.internal.os.RuntimeInit$MethodAndArgsCaller.run(RuntimeInit.java:548)
11-25 17:32:50.536 18768 18768 W BugleDataModel: 	at com.android.internal.os.ZygoteInit.main(ZygoteInit.java:1003)
11-25 17:32:50.736 18768 18863 I BugleDataModel: PendingMessagesProcessor: process from FixupMessageStatusOnStartupAction due to connectivity changed with delay 0 with queues:
11-25 17:32:50.737 18768 18863 I BugleDataModel: ProcessPendingMessagesTimers: cleared next retry time for channel sms_send 
11-25 17:32:50.737 18768 18863 I BugleDataModel: ProcessPendingMessagesTimers: cleared next retry time for channel mms_send 
11-25 17:32:50.737 18768 18863 I BugleDataModel: ProcessPendingMessagesTimers: cleared next retry time for channel mms_download 
11-25 17:32:50.737 18768 18863 I BugleDataModel: ProcessPendingMessagesTimers: cleared next retry time for channel rcs_send 
11-25 17:32:50.737 18768 18863 I BugleDataModel: ProcessPendingMessagesTimers: cleared next retry time for channel rcs_ft_upload 
11-25 17:32:50.738 18768 18863 I BugleDataModel: ProcessPendingMessagesTimers: cleared next retry time for channel rcs_ft_download 
11-25 17:32:50.738 18768 18863 I BugleDataModel: ProcessPendingMessagesTimers: cleared next retry time for channel cloud_sync_send 
11-25 17:32:50.738 18768 18863 I BugleDataModel: ProcessPendingMessagesTimers: cleared next retry time for channel cloud_sync_attachment_download 
11-25 17:32:50.762 18768 18863 I BugleDataModel: PendingMessagesProcessor: process from ProcessPendingMessagesAction due to scheduled processing with delay 0 with queues:
11-25 17:32:50.785 18768 18870 I BugleJobs: GenericWorkerQueueAction: Bailing early, no work found, no failed work found
11-25 17:32:51.777 29765 23442 V OkHttp  : <-- 500 https://positioning-stage.mapsted.com/v4.5/api//analytics/PostUserLivePosition (1296ms)
11-25 17:32:51.777 29765 23442 V OkHttp  : cache-control: no-cache
11-25 17:32:51.777 29765 23442 V OkHttp  : pragma: no-cache
11-25 17:32:51.777 29765 23442 V OkHttp  : content-type: application/json; charset=utf-8
11-25 17:32:51.777 29765 23442 V OkHttp  : expires: -1
11-25 17:32:51.777 29765 23442 V OkHttp  : server: Microsoft-IIS/10.0
11-25 17:32:51.778 29765 23442 V OkHttp  : x-aspnet-version: 4.0.30319
11-25 17:32:51.778 29765 23442 V OkHttp  : x-powered-by: ASP.NET
11-25 17:32:51.778 29765 23442 V OkHttp  : date: Thu, 25 Nov 2021 12:02:50 GMT
11-25 17:32:51.778 29765 23442 V OkHttp  : content-length: 55
11-25 17:32:51.778 29765 23442 V OkHttp  : 
11-25 17:32:51.778 29765 23442 V OkHttp  : "Object reference not set to an instance of an object."
11-25 17:32:51.778 29765 23442 V OkHttp  : <-- END HTTP (55-byte body)
11-25 17:32:51.779 29765 23442 V LOGMAPSTED:PostUserPosition$1: onResponse: Response{protocol=h2, code=500, message=, url=https://positioning-stage.mapsted.com/v4.5/api//analytics/PostUserLivePosition}
11-25 17:32:52.936  1826  2460 D ConnectivityService: NetReassign [no changes]
11-25 17:32:55.248  9114  9114 D BoundBrokerSvc: onUnbind: Intent { act=com.google.android.gms.measurement.START pkg=com.google.android.gms }
11-25 17:32:55.478 29765 29906 V LOGMAPSTED:MapstedPositioning: onPositionChange: position com.mapsted.corepositioning.cppObjects.swig.Position@9002d0d, X=8938018.14567781, Y=3056553.1972195003, Z=0.0, propertyId=-1, buildingId=-1, floorId -1
11-25 17:32:55.479 29765 30001 V LOGMAPSTED:PostUserPosition: post: cppPosition com.mapsted.corepositioning.cppObjects.swig.Position@c4262d3, last sent 4999.0 ms ago
11-25 17:32:55.973  1826  2460 D ConnectivityService: NetReassign [no changes]
11-25 17:32:56.179 29765 30000 V LOGMAPSTED:MetadataRemoteApi: getLatestSyncIdFromServer: 97
11-25 17:32:56.180 29765 30000 V OkHttp  : --> POST https://public.mapsted.com/api/v1/cms/property/97/sync
11-25 17:32:56.180 29765 30000 V OkHttp  : Content-Type: application/json; charset=utf-8
11-25 17:32:56.180 29765 30000 V OkHttp  : Content-Length: 102
11-25 17:32:56.181 29765 30000 V OkHttp  : 
11-25 17:32:56.181 29765 30000 V OkHttp  : {"deviceId":"910c108e-0889-4713-84d4-5c97ca54a764","licenceId":"1f35fc97-63ea-4ce4-ae15-10e764675998"}
11-25 17:32:56.181 29765 30000 V OkHttp  : --> END POST (102-byte body)
11-25 17:32:56.486 29765 30000 V OkHttp  : <-- 200 https://public.mapsted.com/api/v1/cms/property/97/sync (304ms)
11-25 17:32:56.486 29765 30000 V OkHttp  : content-type: application/json; charset=utf-8
11-25 17:32:56.486 29765 30000 V OkHttp  : etag: W/"25-wUBzdPaVnpnB2rs8YGLKdkE6Gxs"
11-25 17:32:56.486 29765 30000 V OkHttp  : vary: Accept-Encoding
11-25 17:32:56.486 29765 30000 V OkHttp  : server: Microsoft-IIS/10.0
11-25 17:32:56.486 29765 30000 V OkHttp  : access-control-allow-origin: *
11-25 17:32:56.486 29765 30000 V OkHttp  : content-security-policy: default-src 'self';base-uri 'self';block-all-mixed-content;font-src 'self' https: data:;frame-ancestors 'self';img-src 'self' data:;object-src 'none';script-src 'self';script-src-attr 'none';style-src 'self' https: 'unsafe-inline';upgrade-insecure-requests
11-25 17:32:56.486 29765 30000 V OkHttp  : x-dns-prefetch-control: off
11-25 17:32:56.486 29765 30000 V OkHttp  : expect-ct: max-age=0
11-25 17:32:56.486 29765 30000 V OkHttp  : x-frame-options: SAMEORIGIN
11-25 17:32:56.486 29765 30000 V OkHttp  : strict-transport-security: max-age=15552000; includeSubDomains
11-25 17:32:56.486 29765 30000 V OkHttp  : x-download-options: noopen
11-25 17:32:56.486 29765 30000 V OkHttp  : x-content-type-options: nosniff
11-25 17:32:56.486 29765 30000 V OkHttp  : x-permitted-cross-domain-policies: none
11-25 17:32:56.486 29765 30000 V OkHttp  : referrer-policy: no-referrer
