11-25 17:34:45.731  1179  3593 I msm8974_platform: platform_set_codec_backend_cfg:becf: afe: bitwidth 24, samplerate 48000 channels 2 format 1, backend_idx 0 device (speaker)
11-25 17:34:45.731  1179  3593 E msm8974_platform: platform_set_codec_backend_cfg:becf: afe: Could not get ctl for mixer command - SLIM_0_RX Format
11-25 17:34:45.731  1179  3593 D audio_hw_primary: check_usecases_codec_backend:becf: force routing 0
11-25 17:34:45.731  1179  3593 D audio_hw_primary: check_usecases_codec_backend:becf: (78) check_usecases curr device: speaker, usecase device: backends match 0
11-25 17:34:45.731  1179  3593 D audio_hw_primary: check_usecases_codec_backend:becf: check_usecases num.of Usecases to switch 0
11-25 17:34:45.731  1179  3593 D hardware_info: hw_info_append_hw_type : device_name = speaker
11-25 17:34:45.731  1179  3593 D audio_route: Apply path: speaker
11-25 17:34:45.733  1826  2136 D CompatibilityChangeReporter: Compat change id reported: 174042980; UID 1000; state: DISABLED
11-25 17:34:45.753  1179  3593 D hardware_info: hw_info_append_hw_type : device_name = vi-feedback
11-25 17:34:45.753  1179  3593 D audio_hw_primary: enable_snd_device: snd_device(222: vi-feedback)
11-25 17:34:45.753  1179  3593 D msm8974_platform: platform_get_island_cfg_on_device:island cfg status on snd_device = (vi-feedback 0)
11-25 17:34:45.753  1179  3593 I soundtrigger: audio_extn_sound_trigger_update_device_status: device 0xde of type 1 for Event 1, with Raise=0
11-25 17:34:45.753  1179  3593 D audio_route: Apply path: vi-feedback
11-25 17:34:45.753  1179  3593 D soundtrigger: audio_extn_sound_trigger_update_stream_status: uc_info->id 53 of type 1 for Event 3, with Raise=0
11-25 17:34:45.753  1179  3593 D audio_hw_utils: audio_extn_utils_send_app_type_cfg: usecase->in_snd_device vi-feedback
11-25 17:34:45.753  1179  3593 E audio_hw_utils: send_app_type_cfg_for_device: Could not get ctl for mixer cmd - Audio Stream Capture 103 App Type Cfg
11-25 17:34:45.753  1179  3593 D audio_hw_waves: ma_set_device: 53 is not supported usecase
11-25 17:34:45.753  1179  3593 D ACDB-LOADER: ACDB -> send_audio_cal, acdb_id = 512, path = 1, app id = 0x11132, sample rate = 8000, afe_sample_rate = 8000
11-25 17:34:45.753  1179  3593 D ACDB-LOADER: ACDB -> send_asm_topology
11-25 17:34:45.753  1179  3593 D ACDB-LOADER: ACDB -> ACDB_CMD_GET_AUDPROC_STREAM_TOPOLOGY_ID
11-25 17:34:45.753  1179  3593 D ACDB-LOADER: ACDB -> send_adm_topology
11-25 17:34:45.753  1179  3593 D ACDB-LOADER: ACDB -> ACDB_CMD_GET_AUDPROC_COMMON_TOPOLOGY_ID
11-25 17:34:45.753  1179  3593 D ACDB-LOADER: ACDB -> send_audtable
11-25 17:34:45.753  1179  3593 D ACDB-LOADER: ACDB -> ACDB_CMD_GET_AUDPROC_INSTANCE_COMMON_TABLE_SIZE
11-25 17:34:45.753  1179  3593 D android.hardware.audio.service: Failed to fetch the lookup information of the device 00000200 
11-25 17:34:45.753  1179  3593 D ACDB-LOADER: Error: ACDB_CMD_GET_AUDPROC_INSTANCE_COMMON_TABLE_SIZE Returned = -19
11-25 17:34:45.753  1179  3593 D ACDB-LOADER: ACDB -> ACDB_CMD_GET_AUDPROC_INSTANCE_COMMON_TABLE
11-25 17:34:45.753  1179  3593 D android.hardware.audio.service: Failed to fetch the lookup information of the device 00000200 
11-25 17:34:45.753  1179  3593 D ACDB-LOADER: Error: ACDB audproc returned = -19
11-25 17:34:45.753  1179  3593 D ACDB-LOADER: ACDB -> AUDIO_SET_AUDPROC_CAL cal_type[11] acdb_id[512] app_type[69938]
11-25 17:34:45.753  1179  3593 D ACDB-LOADER: ACDB -> ACDB_CMD_GET_AUDPROC_INSTANCE_STREAM_TABLE_SIZE
11-25 17:34:45.753  1179  3593 D ACDB-LOADER: ACDB -> send_audstrmtable
11-25 17:34:45.753  1179  3593 D ACDB-LOADER: ACDB -> ACDB_CMD_GET_AUDPROC_INSTANCE_STREAM_TABLE
11-25 17:34:45.753  1179  3593 D ACDB-LOADER: ACDB -> audstrm_cal->cal_type.cal_data.cal_size = 20
11-25 17:34:45.753  1179  3593 D ACDB-LOADER: ACDB -> send_afe_topology
11-25 17:34:45.753  1179  3593 D ACDB-LOADER: ACDB -> ACDB_CMD_GET_AFE_TOPOLOGY_ID
11-25 17:34:45.753  1179  3593 D ACDB-LOADER: ACDB -> GET_AFE_TOPOLOGY_ID for adcd_id 512, Topology Id 112fb
11-25 17:34:45.753  1179  3593 D ACDB-LOADER: ACDB -> send_afe_cal
11-25 17:34:45.753  1179  3593 D ACDB-LOADER: ACDB -> ACDB_CMD_GET_AFE_INSTANCE_COMMON_TABLE_SIZE
11-25 17:34:45.753  1179  3593 D android.hardware.audio.service: Failed to fetch the lookup information of the device 00000200 
11-25 17:34:45.753  1179  3593 D ACDB-LOADER: Error: ACDB_CMD_GET_AFE_INSTANCE_COMMON_TABLE_SIZE Returned = -19
11-25 17:34:45.753  1179  3593 D ACDB-LOADER: ACDB -> ACDB_CMD_GET_AFE_INSTANCE_COMMON_TABLE
11-25 17:34:45.753  1179  3593 D android.hardware.audio.service: Failed to fetch the lookup information of the device 00000200 
11-25 17:34:45.753  1179  3593 D ACDB-LOADER: Error: ACDB AFE returned = -19
11-25 17:34:45.753  1179  3593 D ACDB-LOADER: ACDB -> AUDIO_SET_AFE_CAL cal_type[17] acdb_id[512]
11-25 17:34:45.753  1179  3593 D ACDB-LOADER: ACDB -> send_hw_delay : acdb_id = 512 path = 1
11-25 17:34:45.753  1179  3593 D ACDB-LOADER: ACDB -> ACDB_AVSYNC_INFO: ACDB_CMD_GET_DEVICE_PROPERTY
11-25 17:34:45.753  1179  3593 D audio_hw_primary: enable_audio_route: apply mixer and update path: spkr-vi-record vi-feedback
11-25 17:34:45.754  1179  3593 D audio_route: Apply path: spkr-vi-record vi-feedback
11-25 17:34:45.756  1826  2136 D CompatibilityChangeReporter: Compat change id reported: 181136395; UID 1000; state: DISABLED
11-25 17:34:45.757  1826  2136 D CompatibilityChangeReporter: Compat change id reported: 174042936; UID 1000; state: DISABLED
11-25 17:34:45.774  1179  3593 W audio_hw_cirrus_playback: spkr_prot_start_processing: ret: 0, state: 3, snd_device: 2
11-25 17:34:45.774  1179  3593 D soundtrigger: audio_extn_sound_trigger_update_stream_status: uc_info->id 1 of type 0 for Event 3, with Raise=0
11-25 17:34:45.774  1179  3593 D audio_hw_utils: audio_extn_utils_send_app_type_cfg: usecase->out_snd_device speaker
11-25 17:34:45.774  1179  3593 I audio_hw_utils: send_app_type_cfg_for_device PLAYBACK app_type 69936, acdb_dev_id 513, sample_rate 48000, snd_device_be_idx 71
11-25 17:34:45.776  1179  3593 E ACDB-LOADER: [acdb_loader_adsp_set_audio_cal] active device/stream not found (result=-100) for topology 0x1000dffb and apptype 0x11130
11-25 17:34:45.776  1179  3593 E ACDB-LOADER: [acdb_loader_adsp_set_audio_cal] set parameters failed with status -100
11-25 17:34:45.777  1179  3593 D ACDB-LOADER: ACDB -> send_audio_cal, acdb_id = 513, path = 0, app id = 0x11130, sample rate = 48000, afe_sample_rate = 48000
11-25 17:34:45.777  1179  3593 D ACDB-LOADER: ACDB -> send_asm_topology
11-25 17:34:45.777  1179  3593 D ACDB-LOADER: ACDB -> ACDB_CMD_GET_AUDPROC_STREAM_TOPOLOGY_ID
11-25 17:34:45.777  1179  3593 D ACDB-LOADER: ACDB -> send_adm_topology
11-25 17:34:45.777  1179  3593 D ACDB-LOADER: ACDB -> ACDB_CMD_GET_AUDPROC_COMMON_TOPOLOGY_ID
11-25 17:34:45.777  1179  3593 D ACDB-LOADER: ACDB -> send_audtable
11-25 17:34:45.777  1179  3593 D ACDB-LOADER: ACDB -> ACDB_CMD_GET_AUDPROC_INSTANCE_COMMON_TABLE_SIZE
11-25 17:34:45.777  1179  3593 D ACDB-LOADER: ACDB -> ACDB_CMD_GET_AUDPROC_INSTANCE_COMMON_TABLE
11-25 17:34:45.777  1179  3593 D ACDB-LOADER: ACDB -> AUDIO_SET_AUDPROC_CAL cal_type[11] acdb_id[513] app_type[69936]
11-25 17:34:45.777  1179  3593 D ACDB-LOADER: ACDB -> send_audvoltable
11-25 17:34:45.777  1179  3593 D ACDB-LOADER: ACDB -> ACDB_CMD_GET_AUDPROC_INSTANCE_GAIN_DEP_STEP_TABLE_SIZE
11-25 17:34:45.777  1179  3593 D android.hardware.audio.service: Failed to fetch the lookup information of the device 00000201 
11-25 17:34:45.777  1179  3593 D ACDB-LOADER: Error: ACDB_CMD_GET_AUDPROC_INSTANCE_GAIN_DEP_STEP_TABLE_SIZE Returned = -19
11-25 17:34:45.777  1179  3593 D ACDB-LOADER: ACDB -> ACDB_CMD_GET_AUDPROC_INSTANCE_GAIN_DEP_STEP_TABLE, vol index 0
11-25 17:34:45.777  1179  3593 D android.hardware.audio.service: Failed to fetch the lookup information of the device 00000201 
11-25 17:34:45.777  1179  3593 D ACDB-LOADER: Error: ACDB AudProc vol returned = -19
11-25 17:34:45.777  1179  3593 D ACDB-LOADER: ACDB -> AUDIO_SET_VOL_CAL cal type = 12
11-25 17:34:45.777  1179  3593 D ACDB-LOADER: ACDB -> ACDB_CMD_GET_AUDPROC_INSTANCE_STREAM_TABLE_SIZE
11-25 17:34:45.777  1179  3593 D ACDB-LOADER: ACDB -> send_audstrmtable
11-25 17:34:45.777  1179  3593 D ACDB-LOADER: ACDB -> ACDB_CMD_GET_AUDPROC_INSTANCE_STREAM_TABLE
11-25 17:34:45.777  1179  3593 D ACDB-LOADER: ACDB -> audstrm_cal->cal_type.cal_data.cal_size = 536
11-25 17:34:45.777  1179  3593 D ACDB-LOADER: ACDB -> send_afe_topology
11-25 17:34:45.777  1179  3593 D ACDB-LOADER: ACDB -> ACDB_CMD_GET_AFE_TOPOLOGY_ID
11-25 17:34:45.777  1179  3593 D ACDB-LOADER: ACDB -> GET_AFE_TOPOLOGY_ID for adcd_id 513, Topology Id 112fc
11-25 17:34:45.777  1179  3593 D ACDB-LOADER: ACDB -> send_afe_cal
11-25 17:34:45.777  1179  3593 D ACDB-LOADER: ACDB -> ACDB_CMD_GET_AFE_INSTANCE_COMMON_TABLE_SIZE
11-25 17:34:45.777  1179  3593 D android.hardware.audio.service: Failed to fetch the lookup information of the device 00000201 
11-25 17:34:45.777  1179  3593 D ACDB-LOADER: Error: ACDB_CMD_GET_AFE_INSTANCE_COMMON_TABLE_SIZE Returned = -19
11-25 17:34:45.777  1179  3593 D ACDB-LOADER: ACDB -> ACDB_CMD_GET_AFE_INSTANCE_COMMON_TABLE
11-25 17:34:45.777  1179  3593 D android.hardware.audio.service: Failed to fetch the lookup information of the device 00000201 
11-25 17:34:45.777  1179  3593 D ACDB-LOADER: Error: ACDB AFE returned = -19
11-25 17:34:45.777  1179  3593 D ACDB-LOADER: ACDB -> AUDIO_SET_AFE_CAL cal_type[16] acdb_id[513]
11-25 17:34:45.777  1179  3593 D ACDB-LOADER: ACDB -> send_hw_delay : acdb_id = 513 path = 0
11-25 17:34:45.777  1179  3593 D ACDB-LOADER: ACDB -> ACDB_AVSYNC_INFO: ACDB_CMD_GET_DEVICE_PROPERTY
11-25 17:34:45.777  1179  3593 D audio_hw_primary: enable_audio_route: apply mixer and update path: low-latency-playback speaker
11-25 17:34:45.777  1179  3593 D audio_route: Apply path: low-latency-playback speaker
11-25 17:34:45.788  1179  3593 D msm8974_platform: platform_set_channel_map mixer_ctl_name:Playback Channel Map13
11-25 17:34:45.788  1179  3593 D msm8974_platform: platform_set_channel_map: set mapping(1 2 0 0 0 0 0 0) for channel:2
11-25 17:34:45.834 18624 18624 D SettingsActivity: Starting onCreate
11-25 17:34:45.849 18624 18624 D SettingsActivity: Starting to set activity title
11-25 17:34:45.849 18624 18624 D SettingsActivity: Done setting title
11-25 17:34:45.849 18624 18624 D SettingsActivity: Switching to fragment com.android.settings.applications.appinfo.AppInfoDashboardFragment
11-25 17:34:45.853  6264  6264 I GsaVoiceInteractionSrv: Handling ACTION_STOP_HOTWORD
11-25 17:34:45.875 18624 18624 D PrefCtrlListHelper: Could not find Context-only controller for pref: com.android.settings.applications.appinfo.AppSettingPreferenceController
11-25 17:34:45.876 18624 18624 D PrefCtrlListHelper: Could not find Context-only controller for pref: com.android.settings.applications.appinfo.AppNotificationPreferenceController
11-25 17:34:45.877 18624 18624 D PrefCtrlListHelper: Could not find Context-only controller for pref: com.android.settings.applications.appinfo.AppPermissionPreferenceController
11-25 17:34:45.877 18624 18624 D PrefCtrlListHelper: Could not find Context-only controller for pref: com.android.settings.applications.appinfo.AppStoragePreferenceController
11-25 17:34:45.878 18624 18624 D PrefCtrlListHelper: Could not find Context-only controller for pref: com.android.settings.applications.appinfo.InstantAppDomainsPreferenceController
11-25 17:34:45.878 18624 18624 D PrefCtrlListHelper: Could not find Context-only controller for pref: com.android.settings.applications.appinfo.AppDataUsagePreferenceController
11-25 17:34:45.879 18624 18624 D PrefCtrlListHelper: Could not find Context-only controller for pref: com.android.settings.applications.appinfo.ExtraAppInfoPreferenceController
11-25 17:34:45.879 18624 18624 D PrefCtrlListHelper: Could not find Context-only controller for pref: com.android.settings.applications.appinfo.TimeSpentInAppPreferenceController
11-25 17:34:45.879 18624 18624 D PrefCtrlListHelper: Could not find Context-only controller for pref: com.android.settings.applications.appinfo.AppOpenByDefaultPreferenceController
11-25 17:34:45.880 18624 18624 D PrefCtrlListHelper: Could not find Context-only controller for pref: com.android.settings.applications.appinfo.AppHibernationPreferenceCategoryController
11-25 17:34:45.881 18624 18624 D PrefCtrlListHelper: Could not find Context-only controller for pref: com.android.settings.applications.appinfo.HibernationSwitchPreferenceController
11-25 17:34:45.881 18624 18624 D PrefCtrlListHelper: Could not find Context-only controller for pref: com.android.settings.applications.appinfo.AdvancedAppInfoPreferenceCategoryController
11-25 17:34:45.881 18624 18624 D PrefCtrlListHelper: Could not find Context-only controller for pref: com.android.settings.applications.appinfo.DrawOverlayDetailPreferenceController
11-25 17:34:45.882 18624 18624 D PrefCtrlListHelper: Could not find Context-only controller for pref: com.android.settings.applications.appinfo.WriteSystemSettingsPreferenceController
11-25 17:34:45.882 18624 18624 D PrefCtrlListHelper: Could not find Context-only controller for pref: com.android.settings.applications.specialaccess.pictureinpicture.PictureInPictureDetailPreferenceController
11-25 17:34:45.882 18624 18624 D PrefCtrlListHelper: Could not find Context-only controller for pref: com.android.settings.applications.appinfo.ExternalSourceDetailPreferenceController
11-25 17:34:45.883 18624 18624 D PrefCtrlListHelper: Could not find Context-only controller for pref: com.android.settings.applications.specialaccess.interactacrossprofiles.InteractAcrossProfilesDetailsPreferenceController
11-25 17:34:45.883 18624 18624 D PrefCtrlListHelper: Could not find Context-only controller for pref: com.android.settings.applications.appinfo.AlarmsAndRemindersDetailPreferenceController
11-25 17:34:45.883 18624 18624 D PrefCtrlListHelper: Could not find Context-only controller for pref: com.android.settings.applications.appinfo.AppInstallerPreferenceCategoryController
11-25 17:34:45.883 18624 18624 D PrefCtrlListHelper: Could not find Context-only controller for pref: com.android.settings.applications.appinfo.AppInstallerInfoPreferenceController
11-25 17:34:45.883 18624 18624 D PrefCtrlListHelper: Could not find Context-only controller for pref: com.android.settings.applications.appinfo.AppVersionPreferenceController
11-25 17:34:45.886 18624 18624 E Settings: Unable to find info for package: null
11-25 17:34:45.891  1826  1863 D CompatibilityChangeReporter: Compat change id reported: 135634846; UID 10173; state: DISABLED
11-25 17:34:45.891  1826  1863 D CompatibilityChangeReporter: Compat change id reported: 177438394; UID 10173; state: DISABLED
11-25 17:34:45.891  1826  1863 D CompatibilityChangeReporter: Compat change id reported: 135772972; UID 10173; state: DISABLED
11-25 17:34:45.891  1826  1863 D CompatibilityChangeReporter: Compat change id reported: 135754954; UID 10173; state: ENABLED
11-25 17:34:45.892  1826  2015 D CompatibilityChangeReporter: Compat change id reported: 143937733; UID 10173; state: ENABLED
11-25 17:34:45.898  1159  1159 D Zygote  : Forked child process 19169
11-25 17:34:45.899  1826  2015 I ActivityManager: Start proc 19169:com.google.android.apps.wellbeing/u0a173 for content provider {com.google.android.apps.wellbeing/com.google.android.apps.wellbeing.api.impl.WellbeingSettingsProvider}
11-25 17:34:45.906 18624 18624 W InstrumentedPrefFrag: Screen title missing for fragment com.android.settings.applications.appinfo.AppInfoDashboardFragment
11-25 17:34:45.907 19169 19169 E .apps.wellbein: Not starting debugger since process cannot load the jdwp agent.
11-25 17:34:45.910 19169 19169 D ProcessState: Binder ioctl to enable oneway spam detection failed: Invalid argument
11-25 17:34:45.915 18624 18641 D DatabaseUtils: getHistoryMap() isWorkProfileUser:false
11-25 17:34:45.929 19169 19169 D CompatibilityChangeReporter: Compat change id reported: 171979766; UID 10173; state: DISABLED
11-25 17:34:45.929 17458 18833 W BatterySettingsContentProvider: query battery states in 4/ms
11-25 17:34:45.931  6264  6366 I AssistantForeground: Get launcher package: com.google.android.apps.nexuslauncher
11-25 17:34:45.938 17458 17458 W BootBroadcastReceiver: refresh periodic job from action=settings.intelligence.battery.action.PERIODIC_JOB_RECHECK
11-25 17:34:45.950 17458 17458 W PeriodicJobManager: schedule next alarm job at Nov 25,2021 18:30:00
11-25 17:34:45.955 18624 18624 D AppInfoDashboard: NO dashboard tiles for AppInfoDashboard
11-25 17:34:45.955 18624 18624 D AppInfoDashboard: All preferences added, reporting fully drawn
11-25 17:34:45.960 18624 18624 D SettingsActivity: Executed frag manager pendingTransactions
11-25 17:34:45.963 19169 19169 V GraphicsEnvironment: ANGLE Developer option for 'com.google.android.apps.wellbeing' set to: 'default'
11-25 17:34:45.965 19169 19169 D NetworkSecurityConfig: No Network Security Config specified, using platform default
11-25 17:34:45.965 19169 19169 D NetworkSecurityConfig: No Network Security Config specified, using platform default
11-25 17:34:45.968 18624 18624 D CompatibilityChangeReporter: Compat change id reported: 171228096; UID 1000; state: ENABLED
11-25 17:34:45.976 19169 19169 I MultiDex: VM with version 2.1.0 has multidex support
11-25 17:34:45.976 19169 19169 I MultiDex: install
11-25 17:34:45.976 19169 19169 I MultiDex: VM has multidex support, MultiDex support library is disabled.
11-25 17:34:45.994  1179  2005 D audio_hw_waves: ma_set_source_metadata_l: All tracks was removed from app_type(69936) device_type(2)
11-25 17:34:46.012 18624 18624 W AppButtonsPrefCtl: App is not explicitly stopped
11-25 17:34:46.031 18624 18641 D DatabaseUtils: getHistoryMap() size=28 in 116/ms
11-25 17:34:46.033 18624 18641 D DatabaseUtils: interpolateHistory() size=25 in 118/ms
11-25 17:34:46.033 18624 18641 D BatteryChartPreferenceController: getBatteryLast24HrData() size=25 time=&d/ms
11-25 17:34:46.071  1826  3101 D IntervalStats: Unable to parse usage stats packages: [368]
11-25 17:34:46.076 18624 19190 D SettingsActivity: No enabled state changed, skipping updateCategory call
11-25 17:34:46.077  1826  3101 D IntervalStats: Unable to parse usage stats packages: [457, 458]
11-25 17:34:46.077  1826  3101 D IntervalStats: Unable to parse event packages: [457]
11-25 17:34:46.078  1826  3101 D IntervalStats: Unable to parse usage stats packages: [457, 459]
11-25 17:34:46.079  1826  3101 D IntervalStats: Unable to parse event packages: [457]
11-25 17:34:46.087 16835 16835 I WallpaperService: engine paused
11-25 17:34:46.088  1211  1211 I sensors-hal: [hal]activate_physical_sensor:256, android.sensor.gyroscope/41 en=0
11-25 17:34:46.088  1211  1211 E QMI_FW  : qmi_cci_get_ref: ref count increased 2
11-25 17:34:46.088  1211  1211 E QMI_FW  : qmi_cci_get_ref: ref count increased 2
11-25 17:34:46.089  1211  1211 E QMI_FW  : qmi_cci_get_ref: ref count increased 2
11-25 17:34:46.089  1211  1211 E QMI_FW  : qmi_cci_get_ref: ref count increased 2
11-25 17:34:46.090  1211  1211 D Diag_Lib: diag: Diag_LSM_DeInit done for pid: 1211
11-25 17:34:46.090  1211  1211 E QMI_FW  : qmi_cci_get_ref: ref count increased 2
11-25 17:34:46.090  1211  1211 E QMI_FW  : qmi_cci_get_ref: ref count increased 2
11-25 17:34:46.090  1211  1211 D Diag_Lib: diag: Diag_LSM_DeInit done for pid: 1211
11-25 17:34:46.091  1211  1211 I sensors-hal: [hal]activate_physical_sensor:267, android.sensor.gyroscope/41 en=0 completed
11-25 17:34:46.104  3081  4462 D OpenGLRenderer: endAllActiveAnimators on 0xb4000075e9900af0 (RippleDrawable) with handle 0xb4000074f98b4b00
11-25 17:34:46.112  6217  6217 I A       : onApplyWindowInsets: systemWindowInsets=Insets{left=0, top=136, right=0, bottom=44}
11-25 17:34:46.112  6217  6217 I A       : onApplyWindowInsets: systemWindowInsets=Insets{left=0, top=136, right=0, bottom=44}
11-25 17:34:46.117  1826  3101 D IntervalStats: Unable to parse usage stats packages: [368]
11-25 17:34:46.124  1826  3101 D IntervalStats: Unable to parse usage stats packages: [457, 458]
11-25 17:34:46.124  1826  3101 D IntervalStats: Unable to parse event packages: [457]
11-25 17:34:46.125  1826  3101 D IntervalStats: Unable to parse usage stats packages: [457, 459]
11-25 17:34:46.125  1826  3101 D IntervalStats: Unable to parse event packages: [457]
11-25 17:34:46.178 18624 18624 W AppButtonsPrefCtl: App is not explicitly stopped
11-25 17:34:46.178 19169 19200 W .apps.wellbein: Accessing hidden field Ljava/util/Collections$SynchronizedCollection;->mutex:Ljava/lang/Object; (max-target-o, reflection, denied)
11-25 17:34:46.179 19169 19200 W .apps.wellbein: Accessing hidden method Ljava/util/Collections$SynchronizedSet;-><init>(Ljava/util/Set;Ljava/lang/Object;)V (max-target-o, reflection, denied)
11-25 17:34:46.179 19169 19200 W .apps.wellbein: Accessing hidden method Ljava/util/Collections$SynchronizedCollection;-><init>(Ljava/util/Collection;Ljava/lang/Object;)V (max-target-o, reflection, denied)
11-25 17:34:46.217 19169 19169 I juj     : SslGuard completed installation.
11-25 17:34:46.301 18624 19162 I AdrenoGLES-0: QUALCOMM build                   : 85da404, I46ff5fc46f
11-25 17:34:46.301 18624 19162 I AdrenoGLES-0: Build Date                       : 11/30/20
11-25 17:34:46.301 18624 19162 I AdrenoGLES-0: OpenGL ES Shader Compiler Version: EV031.31.04.01
11-25 17:34:46.301 18624 19162 I AdrenoGLES-0: Local Branch                     : promo490_3_Google
11-25 17:34:46.301 18624 19162 I AdrenoGLES-0: Remote Branch                    : 
11-25 17:34:46.301 18624 19162 I AdrenoGLES-0: Remote Branch                    : 
11-25 17:34:46.301 18624 19162 I AdrenoGLES-0: Reconstruct Branch               : 
11-25 17:34:46.301 18624 19162 I AdrenoGLES-0: Build Config                     : S P 10.0.4 AArch64
11-25 17:34:46.301 18624 19162 I AdrenoGLES-0: Driver Path                      : /vendor/lib64/egl/libGLESv2_adreno.so
11-25 17:34:46.304 18624 19162 D hw-ProcessState: Binder ioctl to enable oneway spam detection failed: Invalid argument
11-25 17:34:46.309 18624 19162 I AdrenoGLES-0: PFP: 0x016ee190, ME: 0x00000000
11-25 17:34:46.310 18624 19162 W AdrenoUtils: <ReadGpuID_from_sysfs:197>: Failed to open /sys/class/kgsl/kgsl-3d0/gpu_model
11-25 17:34:46.310 18624 19162 W AdrenoUtils: <ReadGpuID:221>: Failed to read chip ID from gpu_model. Fallback to use the GSL path
11-25 17:34:46.316   674   721 I SDM     : HWCDisplay::GetColorModeCount: Supported color mode count = 3
11-25 17:34:46.317 18624 19162 D hw-ProcessState: Binder ioctl to enable oneway spam detection failed: Invalid argument
11-25 17:34:46.348  8570  8906 I Role    : sample.mapsted.com not qualified for android.app.role.HOME due to missing RequiredComponent{mIntentFilterData=IntentFilterData{mAction='android.intent.action.MAIN', mCategories='[android.intent.category.HOME]', mDataScheme='null', mDataType='null'}, mPermission='null'}
11-25 17:34:46.355  8570 13263 I Role    : sample.mapsted.com not qualified for android.app.role.DIALER due to missing RequiredComponent{mIntentFilterData=IntentFilterData{mAction='android.intent.action.DIAL', mCategories='[]', mDataScheme='null', mDataType='null'}, mPermission='null'}
11-25 17:34:46.360  8570 13263 I Role    : sample.mapsted.com not qualified for android.app.role.SMS due to missing RequiredComponent{mIntentFilterData=IntentFilterData{mAction='android.provider.Telephony.SMS_DELIVER', mCategories='[]', mDataScheme='null', mDataType='null'}, mPermission='android.permission.BROADCAST_SMS'}
11-25 17:34:46.368  1826  1943 I ActivityTaskManager: Displayed com.android.settings/.applications.InstalledAppDetails: +631ms
11-25 17:34:46.368  1826  1943 I ActivityTaskManager: Fully drawn com.android.settings/.applications.InstalledAppDetails: +631ms
11-25 17:34:46.371  1826  1950 W ProcessStats: Tracking association SourceState{64abe07 com.google.android.googlequicksearchbox:search/10189 BTopFgs #283315} whose proc state 2 is better than process ProcessState{5d02a49 com.google.android.gms/10183 pkg=com.google.android.gms} proc state 3 (54 skipped)
11-25 17:34:46.398  4146  4146 I GoogleInputMethodService: GoogleInputMethodService.onFinishInput():3293 
11-25 17:34:46.405  4146  4146 I GoogleInputMethodService: GoogleInputMethodService.onStartInput():1981 
11-25 17:34:46.407  4146  4146 I DeviceUnlockedTag: DeviceUnlockedTag.notifyDeviceLockStatusChanged():79 Notify device unlocked.
11-25 17:34:46.609 19169 19218 W DynamiteModule: Local module descriptor class for com.google.android.gms.googlecertificates not found.
11-25 17:34:46.626 19169 19218 D StrictMode: StrictMode policy violation: android.os.strictmode.CustomViolation: gcore.dynamite
11-25 17:34:46.626 19169 19218 D StrictMode: 	at android.os.StrictMode$AndroidBlockGuardPolicy.onCustomSlowCall(StrictMode.java:1626)
11-25 17:34:46.626 19169 19218 D StrictMode: 	at android.os.StrictMode.noteSlowCall(StrictMode.java:2694)
11-25 17:34:46.626 19169 19218 D StrictMode: 	at qff.H(:com.google.android.gms@214218053@21.42.18 (190400-410302452):0)
11-25 17:34:46.626 19169 19218 D StrictMode: 	at com.google.android.gms.chimera.container.GmsModuleChimeraProvider.query(:com.google.android.gms@214218053@21.42.18 (190400-410302452):10)
11-25 17:34:46.626 19169 19218 D StrictMode: 	at ocm.query(:com.google.android.gms@214218053@21.42.18 (190400-410302452):3)
11-25 17:34:46.626 19169 19218 D StrictMode: 	at android.content.ContentProvider.query(ContentProvider.java:1408)
11-25 17:34:46.626 19169 19218 D StrictMode: 	at dqc.superQuery(:com.google.android.gms@214218053@21.42.18 (190400-410302452):2)
11-25 17:34:46.626 19169 19218 D StrictMode: 	at com.google.android.chimera.ContentProvider.query(:com.google.android.gms@214218053@21.42.18 (190400-410302452):2)
11-25 17:34:46.626 19169 19218 D StrictMode: 	at ocm.query(:com.google.android.gms@214218053@21.42.18 (190400-410302452):8)
11-25 17:34:46.626 19169 19218 D StrictMode: 	at android.content.ContentProvider.query(ContentProvider.java:1504)
11-25 17:34:46.626 19169 19218 D StrictMode: 	at dqc.superQuery(:com.google.android.gms@214218053@21.42.18 (190400-410302452):1)
11-25 17:34:46.626 19169 19218 D StrictMode: 	at com.google.android.chimera.ContentProvider.query(:com.google.android.gms@214218053@21.42.18 (190400-410302452):1)
11-25 17:34:46.626 19169 19218 D StrictMode: 	at dqc.query(:com.google.android.gms@214218053@21.42.18 (190400-410302452):2)
11-25 17:34:46.626 19169 19218 D StrictMode: 	at android.content.ContentProvider$Transport.query(ContentProvider.java:272)
11-25 17:34:46.626 19169 19218 D StrictMode: 	at android.content.ContentProviderNative.onTransact(ContentProviderNative.java:107)
11-25 17:34:46.626 19169 19218 D StrictMode: 	at android.os.Binder.execTransactInternal(Binder.java:1179)
11-25 17:34:46.626 19169 19218 D StrictMode: 	at android.os.Binder.execTransact(Binder.java:1143)
11-25 17:34:46.626 19169 19218 D StrictMode: # via Binder call with stack:
11-25 17:34:46.626 19169 19218 D StrictMode: 	at android.os.StrictMode.readAndHandleBinderCallViolations(StrictMode.java:2497)
11-25 17:34:46.626 19169 19218 D StrictMode: 	at android.os.Parcel.readExceptionCode(Parcel.java:2370)
11-25 17:34:46.626 19169 19218 D StrictMode: 	at android.database.DatabaseUtils.readExceptionFromParcel(DatabaseUtils.java:139)
11-25 17:34:46.626 19169 19218 D StrictMode: 	at android.content.ContentProviderProxy.query(ContentProviderNative.java:481)
11-25 17:34:46.626 19169 19218 D StrictMode: 	at android.content.ContentResolver.query(ContentResolver.java:1219)
11-25 17:34:46.626 19169 19218 D StrictMode: 	at android.content.ContentResolver.query(ContentResolver.java:1151)
11-25 17:34:46.626 19169 19218 D StrictMode: 	at android.content.ContentResolver.query(ContentResolver.java:1107)
11-25 17:34:46.626 19169 19218 D StrictMode: 	at ibh.e(PG:10)
11-25 17:34:46.626 19169 19218 D StrictMode: 	at ibh.b(PG:10)
11-25 17:34:46.626 19169 19218 D StrictMode: 	at iaz.b(PG:1)
11-25 17:34:46.626 19169 19218 D StrictMode: 	at iba.a(PG:4)
11-25 17:34:46.626 19169 19218 D StrictMode: 	at ibh.c(PG:5)
11-25 17:34:46.626 19169 19218 D StrictMode: 	at hrl.f(PG:4)
11-25 17:34:46.626 19169 19218 D StrictMode: 	at hrl.b(PG:2)
11-25 17:34:46.626 19169 19218 D StrictMode: 	at hrt.b(PG:2)
11-25 17:34:46.626 19169 19218 D StrictMode: 	at grj.a(PG:15)
11-25 17:34:46.626 19169 19218 D StrictMode: 	at lux.a(PG:2)
11-25 17:34:46.626 19169 19218 D StrictMode: 	at mmm.f(PG:2)
11-25 17:34:46.626 19169 19218 D StrictMode: 	at mmn.run(PG:9)
11-25 17:34:46.626 19169 19218 D StrictMode: 	at iuz.run(PG:5)
11-25 17:34:46.626 19169 19218 D StrictMode: 	at java.util.concurrent.ThreadPoolExecutor.runWorker(ThreadPoolExecutor.java:1167)
11-25 17:34:46.626 19169 19218 D StrictMode: 	at java.util.concurrent.ThreadPoolExecutor$Worker.run(ThreadPoolExecutor.java:641)
11-25 17:34:46.626 19169 19218 D StrictMode: 	at iuk.run(PG:2)
11-25 17:34:46.626 19169 19218 D StrictMode: 	at iuc.run(PG:2)
11-25 17:34:46.626 19169 19218 D StrictMode: 	at java.lang.Thread.run(Thread.java:920)
11-25 17:34:46.637  1826  3101 W InputManager-JNI: Input channel object '5eef7ab Splash Screen com.android.settings (client)' was disposed without first being removed with the input manager!
11-25 17:34:46.642 19169 19218 I DynamiteModule: Considering local module com.google.android.gms.googlecertificates:0 and remote module com.google.android.gms.googlecertificates:6
11-25 17:34:46.643 19169 19218 I DynamiteModule: Selected remote version of com.google.android.gms.googlecertificates, version >= 6
11-25 17:34:46.663 18624 18632 I ndroid.setting: NativeAlloc concurrent copying GC freed 55089(3722KB) AllocSpace objects, 13(272KB) LOS objects, 80% free, 6048KB/29MB, paused 68us,1.156ms total 401.207ms
11-25 17:34:46.786  1826  5032 D CompatibilityChangeReporter: Compat change id reported: 168419799; UID 10190; state: DISABLED
11-25 17:34:46.827 19169 19222 W BrowserUsageLoader: Failed to query website usage
11-25 17:34:46.827 19169 19222 W BrowserUsageLoader: gqo: Service rejected request (status=5)
11-25 17:34:46.827 19169 19222 W BrowserUsageLoader: 	at dqg.a(PG:6)
11-25 17:34:46.827 19169 19222 W BrowserUsageLoader: 	at luy.a(PG:2)
11-25 17:34:46.827 19169 19222 W BrowserUsageLoader: 	at mml.f(PG:2)
11-25 17:34:46.827 19169 19222 W BrowserUsageLoader: 	at mmn.run(PG:9)
11-25 17:34:46.827 19169 19222 W BrowserUsageLoader: 	at iuz.run(PG:5)
11-25 17:34:46.827 19169 19222 W BrowserUsageLoader: 	at java.util.concurrent.ThreadPoolExecutor.runWorker(ThreadPoolExecutor.java:1167)
11-25 17:34:46.827 19169 19222 W BrowserUsageLoader: 	at java.util.concurrent.ThreadPoolExecutor$Worker.run(ThreadPoolExecutor.java:641)
11-25 17:34:46.827 19169 19222 W BrowserUsageLoader: 	at iuk.run(PG:2)
11-25 17:34:46.827 19169 19222 W BrowserUsageLoader: 	at iuc.run(PG:2)
11-25 17:34:46.827 19169 19222 W BrowserUsageLoader: 	at java.lang.Thread.run(Thread.java:920)
11-25 17:34:47.196  1826  1863 E UserRestrictionsUtils: Unknown restriction queried by uid 1000 (com.android.server.telecom et al): sample.mapsted.com
11-25 17:34:47.198  1826  2014 I DropBoxManagerService: add tag=system_server_wtf isTagEnabled=true flags=0x2
11-25 17:34:47.198 18624 18624 W SettingsMetricsFeature: action(Pair<Integer, Object>... taggedData) is deprecated, Use action(int, int, int, String, int) instead.
11-25 17:34:47.201  1826  3101 I ActivityTaskManager: START u0 {act=android.intent.action.UNINSTALL_PACKAGE dat=package:sample.mapsted.com cmp=com.google.android.packageinstaller/com.android.packageinstaller.UninstallerActivity (has extras)} from uid 1000
11-25 17:34:47.226  1826  1950 I ActivityManager: com.google.android.packageinstaller is exempt from freezer
11-25 17:34:47.227  1826  1950 D CompatibilityChangeReporter: Compat change id reported: 135634846; UID 10114; state: DISABLED
11-25 17:34:47.227  1826  1950 D CompatibilityChangeReporter: Compat change id reported: 177438394; UID 10114; state: DISABLED
11-25 17:34:47.227  1826  1950 D CompatibilityChangeReporter: Compat change id reported: 135772972; UID 10114; state: DISABLED
11-25 17:34:47.227  1826  1950 D CompatibilityChangeReporter: Compat change id reported: 135754954; UID 10114; state: ENABLED
11-25 17:34:47.229  1826  2015 D CompatibilityChangeReporter: Compat change id reported: 143937733; UID 10114; state: ENABLED
11-25 17:34:47.243  1159  1159 D Zygote  : Forked child process 19226
11-25 17:34:47.244  1826  2015 I ActivityManager: Start proc 19226:com.google.android.packageinstaller/u0a114 for pre-top-activity {com.google.android.packageinstaller/com.android.packageinstaller.UninstallerActivity}
11-25 17:34:47.264 19226 19226 E ackageinstalle: Not starting debugger since process cannot load the jdwp agent.
11-25 17:34:47.270 19226 19226 D ProcessState: Binder ioctl to enable oneway spam detection failed: Invalid argument
11-25 17:34:47.284 19226 19226 D CompatibilityChangeReporter: Compat change id reported: 171979766; UID 10114; state: ENABLED
11-25 17:34:47.289  6264  6375 I AssistantForeground: Get launcher package: com.google.android.apps.nexuslauncher
11-25 17:34:47.302 19226 19226 V GraphicsEnvironment: ANGLE Developer option for 'com.google.android.packageinstaller' set to: 'default'
11-25 17:34:47.303 19226 19226 D NetworkSecurityConfig: No Network Security Config specified, using platform default
11-25 17:34:47.303 19226 19226 D NetworkSecurityConfig: No Network Security Config specified, using platform default
11-25 17:34:47.329  1179  2005 D audio_hw_waves: ma_set_source_metadata_l: All tracks was removed from app_type(69936) device_type(2)
11-25 17:34:47.337 19226 19226 D CompatibilityChangeReporter: Compat change id reported: 171228096; UID 10114; state: ENABLED
11-25 17:34:47.396  1826  1952 D CompatibilityChangeReporter: Compat change id reported: 158002302; UID 10114; state: ENABLED
11-25 17:34:47.398 19226 19242 I AdrenoGLES-0: QUALCOMM build                   : 85da404, I46ff5fc46f
11-25 17:34:47.398 19226 19242 I AdrenoGLES-0: Build Date                       : 11/30/20
11-25 17:34:47.398 19226 19242 I AdrenoGLES-0: OpenGL ES Shader Compiler Version: EV031.31.04.01
11-25 17:34:47.398 19226 19242 I AdrenoGLES-0: Local Branch                     : promo490_3_Google
11-25 17:34:47.398 19226 19242 I AdrenoGLES-0: Remote Branch                    : 
11-25 17:34:47.398 19226 19242 I AdrenoGLES-0: Remote Branch                    : 
11-25 17:34:47.398 19226 19242 I AdrenoGLES-0: Reconstruct Branch               : 
11-25 17:34:47.398 19226 19242 I AdrenoGLES-0: Build Config                     : S P 10.0.4 AArch64
11-25 17:34:47.398 19226 19242 I AdrenoGLES-0: Driver Path                      : /vendor/lib64/egl/libGLESv2_adreno.so
11-25 17:34:47.401 19226 19242 D hw-ProcessState: Binder ioctl to enable oneway spam detection failed: Invalid argument
11-25 17:34:47.408 19226 19242 I AdrenoGLES-0: PFP: 0x016ee190, ME: 0x00000000
11-25 17:34:47.412 19226 19242 W AdrenoUtils: <ReadGpuID_from_sysfs:197>: Failed to open /sys/class/kgsl/kgsl-3d0/gpu_model
11-25 17:34:47.412 19226 19242 W AdrenoUtils: <ReadGpuID:221>: Failed to read chip ID from gpu_model. Fallback to use the GSL path
11-25 17:34:47.424   674   721 I SDM     : HWCDisplay::GetColorModeCount: Supported color mode count = 3
11-25 17:34:47.424 19226 19242 D hw-ProcessState: Binder ioctl to enable oneway spam detection failed: Invalid argument
11-25 17:34:47.466  1826  1943 I ActivityTaskManager: Displayed com.google.android.packageinstaller/com.android.packageinstaller.UninstallerActivity: +254ms
11-25 17:34:47.937  1826  2460 D ConnectivityService: NetReassign [no changes]
11-25 17:34:48.308  1826  8168 I ActivityTaskManager: START u0 {flg=0x2000000 cmp=com.google.android.packageinstaller/com.android.packageinstaller.UninstallUninstalling (has extras)} from uid 10114
11-25 17:34:48.318 19226 19242 D OpenGLRenderer: endAllActiveAnimators on 0xb4000075e9848690 (RippleDrawable) with handle 0xb4000074f9878c80
11-25 17:34:48.318  1826  8168 W InputManager-JNI: Input channel object '14aefa9 com.google.android.packageinstaller/com.android.packageinstaller.UninstallerActivity (client)' was disposed without first being removed with the input manager!
11-25 17:34:48.332  1826  3101 W ActivityTaskManager: Tried to set launchTime (0) < mLastActivityLaunchTime (138551131)
11-25 17:34:48.353 19226 19226 D CompatibilityChangeReporter: Compat change id reported: 160794467; UID 10114; state: ENABLED
11-25 17:34:48.355  1826  2014 I ActivityManager: Force stopping sample.mapsted.com appid=10329 user=0: deletePackageX
11-25 17:34:48.496  1826  1943 W Looper  : Slow dispatch took 129ms android.fg h=android.os.Handler c=<recycled PooledLambda@831ac20> m=0
11-25 17:34:48.498  1826  3101 D CompatibilityChangeReporter: Compat change id reported: 168419799; UID 10114; state: DISABLED
11-25 17:34:48.499  1179  2005 D audio_hw_waves: ma_set_source_metadata_l: All tracks was removed from app_type(69936) device_type(2)
11-25 17:34:48.503   629   852 D libnos_transport: Calling App 2 with params 0x0000
11-25 17:34:48.504   629   852 E libnos_datagram: can't send spi message: Try again
11-25 17:34:48.510   629   852 E libnos_datagram: can't send spi message: Try again
11-25 17:34:48.516   629   852 E libnos_datagram: can't send spi message: Try again
11-25 17:34:48.521   629   852 E libnos_datagram: can't send spi message: Try again
11-25 17:34:48.527   629   852 E libnos_datagram: can't send spi message: Try again
11-25 17:34:48.537   629   852 D libnos_transport: App 2 inspection status=0x00000000 reply_len=0 protocol=1 flags=0x0000
11-25 17:34:48.537   629   852 D libnos_transport: Send app 2 command data (66 bytes)
11-25 17:34:48.540   629   852 D libnos_transport: Send app 2 go command 0x00020000
11-25 17:34:48.540   629   852 D libnos_transport: Polling app 2
11-25 17:34:48.570  1826  3101 D CompatibilityChangeReporter: Compat change id reported: 181136395; UID 10114; state: DISABLED
11-25 17:34:48.571  1826  3101 D CompatibilityChangeReporter: Compat change id reported: 174042936; UID 10114; state: DISABLED
11-25 17:34:48.575   629   852 D libnos_transport: App 2 poll=16 status=0x80000000 reply_len=0 flags=0x0000
11-25 17:34:48.575   629   852 D libnos_transport: App 2 polled=16 status=0x80000000 reply_len=0 flags=0x0000
11-25 17:34:48.575  1826  3101 W InputManager-JNI: Input channel object '1d4dc48 com.google.android.packageinstaller/com.android.packageinstaller.UninstallerActivity (client)' was disposed without first being removed with the input manager!
11-25 17:34:48.576   629   852 D libnos_transport: App 2 returning 0x0
11-25 17:34:48.688  1826  1943 I ActivityTaskManager: Displayed com.google.android.packageinstaller/com.android.packageinstaller.UninstallUninstalling: +231ms
11-25 17:34:48.816  1826  2154 I system_server: Explicit concurrent copying GC freed 1548049(57MB) AllocSpace objects, 50(3572KB) LOS objects, 64% free, 52MB/148MB, paused 339us,90us total 302.860ms
11-25 17:34:48.822  1826  2154 I ActivityManager: Force stopping sample.mapsted.com appid=10329 user=0: pkg removed
11-25 17:34:48.836  1826  1861 W System  : A resource failed to call close. 
11-25 17:34:48.837  1826  1861 W System  : A resource failed to call release. 
11-25 17:34:48.838  1826  1861 W System  : A resource failed to call close. 
11-25 17:34:48.846  1826  1861 W System  : A resource failed to call close. 
11-25 17:34:48.853 18624 18624 E AppButtonsPrefCtl: Exception when retrieving package:sample.mapsted.com
11-25 17:34:48.853 18624 18624 E AppButtonsPrefCtl: android.content.pm.PackageManager$NameNotFoundException: sample.mapsted.com
11-25 17:34:48.853 18624 18624 E AppButtonsPrefCtl: 	at android.app.ApplicationPackageManager.getPackageInfoAsUser(ApplicationPackageManager.java:241)
11-25 17:34:48.853 18624 18624 E AppButtonsPrefCtl: 	at android.app.ApplicationPackageManager.getPackageInfo(ApplicationPackageManager.java:213)
11-25 17:34:48.853 18624 18624 E AppButtonsPrefCtl: 	at com.android.settings.applications.appinfo.AppButtonsPreferenceController.retrieveAppEntry(AppButtonsPreferenceController.java:368)
11-25 17:34:48.853 18624 18624 E AppButtonsPrefCtl: 	at com.android.settings.applications.appinfo.AppButtonsPreferenceController.refreshUi(AppButtonsPreferenceController.java:656)
11-25 17:34:48.853 18624 18624 E AppButtonsPrefCtl: 	at com.android.settings.applications.appinfo.AppButtonsPreferenceController.refreshAndFinishIfPossible(AppButtonsPreferenceController.java:504)
11-25 17:34:48.853 18624 18624 E AppButtonsPrefCtl: 	at com.android.settings.applications.appinfo.AppButtonsPreferenceController.handleActivityResult(AppButtonsPreferenceController.java:296)
11-25 17:34:48.853 18624 18624 E AppButtonsPrefCtl: 	at com.android.settings.applications.appinfo.AppInfoDashboardFragment.onActivityResult(AppInfoDashboardFragment.java:424)
11-25 17:34:48.853 18624 18624 E AppButtonsPrefCtl: 	at androidx.fragment.app.FragmentManager$9.onActivityResult(FragmentManager.java:3011)
11-25 17:34:48.853 18624 18624 E AppButtonsPrefCtl: 	at androidx.fragment.app.FragmentManager$9.onActivityResult(FragmentManager.java:2991)
11-25 17:34:48.853 18624 18624 E AppButtonsPrefCtl: 	at androidx.activity.result.ActivityResultRegistry.doDispatch(ActivityResultRegistry.java:362)
11-25 17:34:48.853 18624 18624 E AppButtonsPrefCtl: 	at androidx.activity.result.ActivityResultRegistry.dispatchResult(ActivityResultRegistry.java:322)
11-25 17:34:48.853 18624 18624 E AppButtonsPrefCtl: 	at androidx.activity.ComponentActivity.onActivityResult(ComponentActivity.java:634)
11-25 17:34:48.853 18624 18624 E AppButtonsPrefCtl: 	at androidx.fragment.app.FragmentActivity.onActivityResult(FragmentActivity.java:164)
11-25 17:34:48.853 18624 18624 E AppButtonsPrefCtl: 	at com.android.settings.SettingsActivity.onActivityResult(SettingsActivity.java:364)
11-25 17:34:48.853 18624 18624 E AppButtonsPrefCtl: 	at android.app.Activity.dispatchActivityResult(Activity.java:8382)
11-25 17:34:48.853 18624 18624 E AppButtonsPrefCtl: 	at android.app.ActivityThread.deliverResults(ActivityThread.java:5293)
11-25 17:34:48.853 18624 18624 E AppButtonsPrefCtl: 	at android.app.ActivityThread.handleSendResult(ActivityThread.java:5339)
11-25 17:34:48.853 18624 18624 E AppButtonsPrefCtl: 	at android.app.servertransaction.ActivityResultItem.execute(ActivityResultItem.java:54)
11-25 17:34:48.853 18624 18624 E AppButtonsPrefCtl: 	at android.app.servertransaction.ActivityTransactionItem.execute(ActivityTransactionItem.java:45)
11-25 17:34:48.853 18624 18624 E AppButtonsPrefCtl: 	at android.app.servertransaction.TransactionExecutor.executeCallbacks(TransactionExecutor.java:135)
11-25 17:34:48.853 18624 18624 E AppButtonsPrefCtl: 	at android.app.servertransaction.TransactionExecutor.execute(TransactionExecutor.java:95)
11-25 17:34:48.853 18624 18624 E AppButtonsPrefCtl: 	at android.app.ActivityThread$H.handleMessage(ActivityThread.java:2210)
11-25 17:34:48.853 18624 18624 E AppButtonsPrefCtl: 	at android.os.Handler.dispatchMessage(Handler.java:106)
11-25 17:34:48.853 18624 18624 E AppButtonsPrefCtl: 	at android.os.Looper.loopOnce(Looper.java:201)
11-25 17:34:48.853 18624 18624 E AppButtonsPrefCtl: 	at android.os.Looper.loop(Looper.java:288)
11-25 17:34:48.853 18624 18624 E AppButtonsPrefCtl: 	at android.app.ActivityThread.main(ActivityThread.java:7838)
11-25 17:34:48.853 18624 18624 E AppButtonsPrefCtl: 	at java.lang.reflect.Method.invoke(Native Method)
11-25 17:34:48.853 18624 18624 E AppButtonsPrefCtl: 	at com.android.internal.os.RuntimeInit$MethodAndArgsCaller.run(RuntimeInit.java:548)
11-25 17:34:48.853 18624 18624 E AppButtonsPrefCtl: 	at com.android.internal.os.ZygoteInit.main(ZygoteInit.java:1003)
11-25 17:34:48.890  6264  6374 I AssistantForeground: Get launcher package: com.google.android.apps.nexuslauncher
11-25 17:34:48.917  3081  3090 W s.nexuslaunche: Reducing the number of considered missed Gc histogram windows from 113 to 100
11-25 17:34:48.927  6217  6217 I A       : onApplyWindowInsets: systemWindowInsets=Insets{left=0, top=136, right=0, bottom=44}
11-25 17:34:48.927  6217  6217 I A       : onApplyWindowInsets: systemWindowInsets=Insets{left=0, top=136, right=0, bottom=44}
11-25 17:34:48.946  1826  1861 W System  : A resource failed to call close. 
11-25 17:34:48.949  1826  1861 W System  : A resource failed to call release. 
11-25 17:34:48.950  1826  1861 W System  : A resource failed to call close. 
11-25 17:34:48.952  6217 18696 I OpenGLRenderer: Davey! duration=558102ms; Flags=1, FrameTimelineVsyncId=10003529, IntendedVsync=137994695429001, Vsync=137994695429001, InputEventId=0, HandleInputStart=137994695894127, AnimationStart=137994695896106, PerformTraversalsStart=137994695896783, DrawStart=137994723571005, FrameDeadline=137994732595667, FrameInterval=137994695889595, FrameStartTime=16666666, SyncQueued=137994729414599, SyncStart=137994729912359, IssueDrawCommandsStart=137994730898557, SwapBuffers=137994733946891, FrameCompleted=138552798882901, DequeueBufferDuration=18229, QueueBufferDuration=633802, GpuCompleted=138552798882901, SwapBuffersCompleted=137994735306787, DisplayPresentTime=0, 
11-25 17:34:48.962  4263  4263 I MediaProvider: Invalidating LocalCallingIdentity cache for package sample.mapsted.com. Reason: package android.intent.action.PACKAGE_REMOVED
11-25 17:34:48.963  1826  1943 D CompanionDeviceManagerService: onPackageRemoved(packageName = sample.mapsted.com, uid = 10329)
11-25 17:34:48.963  1826  1943 I CompanionDeviceManagerService: Updating associations: []  -->  []
11-25 17:34:48.966  2584  2584 V MediaPlayerList: mPackageChangedBroadcastReceiver: action: android.intent.action.PACKAGE_REMOVED
11-25 17:34:48.968  8297  8297 I Finsky  : [2] ngb.i(0): PackageMonitorReceiverImpl - Received: android.intent.action.PACKAGE_REMOVED, [21P-ZAZsUcoDvTcxXcyAi-rnZOqYHvkIFzmYwN45VCo]
11-25 17:34:48.969  6264  6264 I GsaVoiceInteractionSrv: O received Intent { act=android.intent.action.PACKAGE_REMOVED dat=package:sample.mapsted.com flg=0x4000010 (has extras) }
11-25 17:34:48.970  8297  8297 I Finsky  : [2] ngp.n(8): Invalidating cached PackageState for sample.mapsted.com
11-25 17:34:48.970  1826  2428 V StorageManagerService: Package sample.mapsted.com does not have legacy storage
11-25 17:34:48.971  8297  8297 I Finsky  : [2] ngp.s(3): Package no longer installed: sample.mapsted.com
11-25 17:34:48.980  8297  8297 I Finsky  : [2] qnr.a(8): Clearing split related stale data.
11-25 17:34:48.984  1826  2471 W ActivityTaskManager: Finishing task with all activities already finished
11-25 17:34:48.984  1826  2471 W ActivityTaskManager: Duplicate finish request for r=ActivityRecord{16cd18f u0 com.android.settings/.applications.InstalledAppDetails t238 f}}
11-25 17:34:48.985 16835 16867 W OpenGLRenderer: Surface doesn't have any previously queued frames, nothing to readback from
11-25 17:34:49.019  1211  1211 W sensors@2.0-ser: type=1400 audit(0.0:9722): avc: denied { read write } for name="diag" dev="tmpfs" ino=17926 scontext=u:r:hal_sensors_default:s0 tcontext=u:object_r:diag_device:s0 tclass=chr_file permissive=0
11-25 17:34:49.023  1211  1211 W sensors@2.0-ser: type=1400 audit(0.0:9723): avc: denied { read write } for name="diag" dev="tmpfs" ino=17926 scontext=u:r:hal_sensors_default:s0 tcontext=u:object_r:diag_device:s0 tclass=chr_file permissive=0
11-25 17:34:48.988  8570  8616 W LightPackageInfoLiveData: Package "sample.mapsted.com" not found
11-25 17:34:48.988  1826  2407 I RoleService: Granting default roles...
11-25 17:34:48.989  1826  2014 W BroadcastQueue: Background execution not allowed: receiving Intent { act=android.intent.action.PACKAGE_REMOVED dat=package:sample.mapsted.com flg=0x4000010 (has extras) } to com.android.vending/com.google.android.finsky.packagemanager.impl.PackageMonitorReceiverImpl$RegisteredReceiver
11-25 17:34:48.989  1826  2014 W BroadcastQueue: Background execution not allowed: receiving Intent { act=android.intent.action.PACKAGE_REMOVED dat=package:sample.mapsted.com flg=0x4000010 (has extras) } to com.android.vending/com.google.android.finsky.instantapps.appmanagement.InstantAppRemoveMonitor
11-25 17:34:48.989  1826  2014 W BroadcastQueue: Background execution not allowed: receiving Intent { act=android.intent.action.PACKAGE_REMOVED dat=package:sample.mapsted.com flg=0x4000010 (has extras) } to com.google.android.gms/.games.chimera.GamesSystemBroadcastReceiverProxy
11-25 17:34:48.989  1826  2014 W BroadcastQueue: Background execution not allowed: receiving Intent { act=android.intent.action.PACKAGE_REMOVED dat=package:sample.mapsted.com flg=0x4000010 (has extras) } to com.google.android.gms/.chimera.GmsIntentOperationService$PersistentTrustedReceiver
11-25 17:34:48.989  1826  2014 W BroadcastQueue: Background execution not allowed: receiving Intent { act=android.intent.action.PACKAGE_REMOVED dat=package:sample.mapsted.com flg=0x4000010 (has extras) } to com.google.android.googlequicksearchbox/com.google.android.apps.gsa.googlequicksearchbox.GelStubAppWatcher
11-25 17:34:48.989  2932  3350 D TelephonyProvider: Using old permission behavior for telephony provider compat
11-25 17:34:48.999 16835 16835 I WallpaperService: engine resumed
11-25 17:34:49.002  8297  8297 I Finsky  : [2] wbm.c(3): Do not start WearSupportService due to Wear service optimization
11-25 17:34:49.006  1826  2471 W ServiceManager: Permission failure: android.permission.HIGH_SAMPLING_RATE_SENSORS from uid=10151 pid=16835
11-25 17:34:49.011  4146  4146 I GoogleInputMethodService: GoogleInputMethodService.onFinishInput():3293 
11-25 17:34:49.012  4146  4146 I GoogleInputMethodService: GoogleInputMethodService.onStartInput():1981 
11-25 17:34:49.012  1826  5029 W ServiceManager: Permission failure: android.permission.HIGH_SAMPLING_RATE_SENSORS from uid=10151 pid=16835
