11-25 17:34:56.514 18768 18768 W BugleDataModel: 	at rrt.j(PG:3)
11-25 17:34:56.514 18768 18768 W BugleDataModel: 	at rrs.run(Unknown Source:4)
11-25 17:34:56.514 18768 18768 W BugleDataModel: 	at bdpp.run(PG:2)
11-25 17:34:56.514 18768 18768 W BugleDataModel: 	at android.os.Handler.handleCallback(Handler.java:938)
11-25 17:34:56.514 18768 18768 W BugleDataModel: 	at android.os.Handler.dispatchMessage(Handler.java:99)
11-25 17:34:56.514 18768 18768 W BugleDataModel: 	at android.os.Looper.loopOnce(Looper.java:201)
11-25 17:34:56.514 18768 18768 W BugleDataModel: 	at android.os.Looper.loop(Looper.java:288)
11-25 17:34:56.514 18768 18768 W BugleDataModel: 	at android.app.ActivityThread.main(ActivityThread.java:7838)
11-25 17:34:56.514 18768 18768 W BugleDataModel: 	at java.lang.reflect.Method.invoke(Native Method)
11-25 17:34:56.514 18768 18768 W BugleDataModel: 	at com.android.internal.os.RuntimeInit$MethodAndArgsCaller.run(RuntimeInit.java:548)
11-25 17:34:56.514 18768 18768 W BugleDataModel: 	at com.android.internal.os.ZygoteInit.main(ZygoteInit.java:1003)
11-25 17:34:56.534 18768 19159 I BugleJobs: GenericWorkerQueueAction: Bailing early, no work found, no failed work found
11-25 17:34:57.020  2846  3703 D QCNEJ/WlanStaInfoRelay: Received action: android.net.wifi.RSSI_CHANGED
11-25 17:34:57.047  2932  3350 E PhoneInterfaceManager: [PhoneIntfMgr] getCarrierPrivilegeStatus: Invalid subId
11-25 17:34:57.048  6055  6115 I CarrierServices: [49] byk.c: Connected state: [1], networkType: [WIFI]
11-25 17:34:57.072  1826  2460 D ConnectivityService: NetReassign [no changes]
11-25 17:34:57.363 19413 19413 D ProcessState: Binder ioctl to enable oneway spam detection failed: Invalid argument
11-25 17:34:57.550  8297  8297 I Finsky  : [2] vjy.c(7): Install-time verification requested for package sample.mapsted.com, id = 87
11-25 17:34:57.564  8297  8297 E Finsky  : [2] VerifyPerSourceInstallationConsentInstallTask.d(2): Package name null is not an installed package
11-25 17:34:57.565  1826  2154 I PackageManager: Integrity check passed for file:///data/app/vmdl1821829923.tmp
11-25 17:34:57.574  8297 19303 I Finsky  : [286] vkl.a(7): Single user settings service is not running, bind it now
11-25 17:34:57.587  8297  8297 I Finsky  : [2] jns.onServiceConnected(5): Single user settings service is connected
11-25 17:34:57.598  8297 19303 W Settings: Setting install_non_market_apps has moved from android.provider.Settings.Global to android.provider.Settings.Secure, returning read-only value.
11-25 17:34:58.220 20581 19417 I agma    : Launching job OfflineSearchIndexingJob
11-25 17:34:58.220 20581 19417 I aglq    : Starting Job(OfflineSearchIndexingJob#1.1167) (priority=3, jobType=ROOT)
11-25 17:34:58.223 20581 19417 I agxg    : Job(OfflineSearchIndexingJob#1.1167) Started new READ_ONLY transaction readtx1826 [readSequenceIdAndDatabaseResultsToIndex]
11-25 17:34:58.230 20581 19417 I yra     : Job(OfflineSearchIndexingJob#1.1167) existingWriteSequenceId=213
11-25 17:34:58.230 20581 20903 I agxg    : Closing transaction readtx1826 [readSequenceIdAndDatabaseResultsToIndex]: Stats[1 Reads (rows: 1)] after 8 ms
11-25 17:34:58.232 20581 19420 I xml     : Job(OfflineSearchIndexingJob#1.1167) readSequenceIdAndDatabaseResultsToIndex(): resultHasSomethingToIndex: false hasReachedMaxWriteSequenceId: true
11-25 17:34:58.233 20581 19420 I xml     : Job(OfflineSearchIndexingJob#1.1167) Already caught up to the current max write_sequence_id
11-25 17:34:58.233 20581 19420 I xml     : Job(OfflineSearchIndexingJob#1.1167) Scheduling next offline search indexing in 60000 ms
11-25 17:34:58.233 20581 19420 I aglq    : Job(OfflineSearchIndexingJob#1.1167) Finished Job(OfflineSearchIndexingJob#1.1167) (13 ms)
11-25 17:34:58.246  8297 19303 I Finsky  : [286] iiy.e(3): Task 7 requested foreground
11-25 17:34:58.248  8297 19303 I Finsky  : [286] iiy.e(8): Not entering foreground
11-25 17:34:58.562  2600  2600 D PowerNotificationWarningsGoogleImpl: isPlugged: true | isOverheated: false | defenderEnabled: false
11-25 17:34:58.564  2600  3864 D PowerUI : can't show warning due to - plugged: true status unknown: false
11-25 17:34:58.767  8297 19427 I Finsky  : [289] vmu.c(3): Verify: Verification package=sample.mapsted.com, id=87 response=0
11-25 17:34:58.906  8297 19303 I Finsky  : [286] VerifyPerSourceInstallationConsentInstallTask.mv(2): PSIC verification started with installer uid: 2000 package name: null, originating uid: -1
11-25 17:34:58.909  8297  8297 I Finsky  : [2] VerifyInstallTask.j(1): Returning package verification result id=87, result=1
11-25 17:34:58.998   663 19253 I keystore2: keystore2::watchdog: Watchdog thread idle -> terminating. Have a great day.
11-25 17:34:59.026  1826  1943 V StorageManagerService: Package null does not have legacy storage
11-25 17:34:59.026  4263 17821 I MediaProvider: Invalidating LocalCallingIdentity cache for package sample.mapsted.com. Reason: op android:read_external_storage
11-25 17:34:59.026  4263 17821 I MediaProvider: Invalidating LocalCallingIdentity cache for package sample.mapsted.com. Reason: op android:read_external_storage
11-25 17:34:59.027  4263 17821 I MediaProvider: Invalidating LocalCallingIdentity cache for package sample.mapsted.com. Reason: op android:read_external_storage
11-25 17:34:59.031  1826  2154 V BackupManagerService: [UserID:0] restoreAtInstall pkg=sample.mapsted.com token=5d restoreSet=0
11-25 17:34:59.031  1826  2154 V BackupManagerService: [UserID:0] Finishing install immediately
11-25 17:34:59.035  1428 14033 E installd: Couldn't opendir /data/app/vmdl1821829923.tmp: No such file or directory
11-25 17:34:59.036  1428 14033 E installd: Failed to delete /data/app/vmdl1821829923.tmp: No such file or directory
11-25 17:34:59.046  1826  2154 D CompatibilityChangeReporter: Compat change id reported: 168419799; UID 10330; state: DISABLED
11-25 17:34:59.050  4263  4263 I MediaProvider: Invalidating LocalCallingIdentity cache for package sample.mapsted.com. Reason: package android.intent.action.PACKAGE_ADDED
11-25 17:34:59.058  6264  6264 I GsaVoiceInteractionSrv: O received Intent { act=android.intent.action.PACKAGE_ADDED dat=package:sample.mapsted.com flg=0x4000010 (has extras) }
11-25 17:34:59.058  1826  2407 I RoleService: Granting default roles...
11-25 17:34:59.058  1826  2014 W BroadcastQueue: Background execution not allowed: receiving Intent { act=android.intent.action.PACKAGE_ADDED dat=package:sample.mapsted.com flg=0x4000010 (has extras) } to com.google.android.packageinstaller/com.android.packageinstaller.PackageInstalledReceiver
11-25 17:34:59.059  1826  2014 W BroadcastQueue: Background execution not allowed: receiving Intent { act=android.intent.action.PACKAGE_ADDED dat=package:sample.mapsted.com flg=0x4000010 (has extras) } to com.android.vending/com.google.android.finsky.packagemanager.impl.PackageMonitorReceiverImpl$RegisteredReceiver
11-25 17:34:59.059  1826  2014 W BroadcastQueue: Background execution not allowed: receiving Intent { act=android.intent.action.PACKAGE_ADDED dat=package:sample.mapsted.com flg=0x4000010 (has extras) } to com.google.android.gms/.games.chimera.GamesSystemBroadcastReceiverProxy
11-25 17:34:59.059  8297  8297 I Finsky  : [2] ngb.i(0): PackageMonitorReceiverImpl - Received: android.intent.action.PACKAGE_ADDED, [21P-ZAZsUcoDvTcxXcyAi-rnZOqYHvkIFzmYwN45VCo]
11-25 17:34:59.059  1826  2014 W BroadcastQueue: Background execution not allowed: receiving Intent { act=android.intent.action.PACKAGE_ADDED dat=package:sample.mapsted.com flg=0x4000010 (has extras) } to com.google.android.gms/.gass.chimera.PackageChangeBroadcastReceiver
11-25 17:34:59.059  1826  2014 W BroadcastQueue: Background execution not allowed: receiving Intent { act=android.intent.action.PACKAGE_ADDED dat=package:sample.mapsted.com flg=0x4000010 (has extras) } to com.google.android.gms/.chimera.GmsIntentOperationService$PersistentTrustedReceiver
11-25 17:34:59.059  1826  2014 W BroadcastQueue: Background execution not allowed: receiving Intent { act=android.intent.action.PACKAGE_ADDED dat=package:sample.mapsted.com flg=0x4000010 (has extras) } to com.google.android.googlequicksearchbox/com.google.android.apps.gsa.googlequicksearchbox.GelStubAppWatcher
11-25 17:34:59.060  8297  8297 I Finsky  : [2] ngp.n(8): Invalidating cached PackageState for sample.mapsted.com
11-25 17:34:59.063  2584  2584 V MediaPlayerList: mPackageChangedBroadcastReceiver: action: android.intent.action.PACKAGE_ADDED
11-25 17:34:59.063  2584  2584 D MediaPlayerList: Name of package changed: sample.mapsted.com
11-25 17:34:59.064  1826  2414 I InputReader: Reconfiguring input devices, changes=KEYBOARD_LAYOUTS | 
11-25 17:34:59.076  8297 19265 I Finsky  : [275] ihu.run(9): Wrote row to frosting DB: 5367
11-25 17:34:59.084  2932  2960 D TelephonyProvider: Using old permission behavior for telephony provider compat
11-25 17:34:59.091  1826  1826 I Telecom : DefaultDialerCache: Refreshing default dialer for user 0: now com.google.android.dialer: DDC.oR@ctM
11-25 17:34:59.096  8297  8297 I Finsky  : [2] qnr.a(8): Clearing split related stale data.
11-25 17:34:59.098  8297  8297 I Finsky  : [2] wbm.c(3): Do not start WearSupportService due to Wear service optimization
11-25 17:34:59.100  1826  1826 V BackupManagerConstants: getFullBackupIntervalMilliseconds(...) returns 86400000
11-25 17:34:59.100  1826  1826 V BackupManagerConstants: getFullBackupRequiredNetworkType(...) returns 2
11-25 17:34:59.101  1826  1826 V BackupManagerConstants: getFullBackupRequireCharging(...) returns true
11-25 17:34:59.103  8297 19272 I Finsky  : [281] fag.accept(34): Asset module storage cleared for package sample.mapsted.com.
11-25 17:34:59.111 19437 19437 D ProcessState: Binder ioctl to enable oneway spam detection failed: Invalid argument
11-25 17:34:59.112  8297  8330 I Finsky  : [41] esh.a(5): AIM: AppInfoManager-Perf > OnDeviceAppInfo > cacheHitCount=0, cacheMissCount=1. Missed  in cache (limit 10) : [sample.mapsted.com]
11-25 17:34:59.127  1826  5030 I ActivityManager: Force stopping sample.mapsted.com appid=10330 user=0: from pid 19437
11-25 17:34:59.127  8570 17003 I PermissionControllerServiceImpl: Updating user sensitive for uid 10330
11-25 17:34:59.136  4290  4290 D RegisteredNfcFServicesCache: Service unchanged, not updating
11-25 17:34:59.143  2932  2932 E PhoneInterfaceManager: [PhoneIntfMgr] getCarrierPackageNamesForIntentAndPhone: No UICC
11-25 17:34:59.143  2932  2932 D CarrierSvcBindHelper: No carrier app for: 0
11-25 17:34:59.144  8297  8340 I Finsky  : [48] esh.a(5): AIM: AppInfoManager-Perf > OnDeviceAppInfo > cacheHitCount=0, cacheMissCount=1. Missed  in cache (limit 10) : [sample.mapsted.com]
11-25 17:34:59.152  2932  2932 E VvmPkgInstalledRcvr: cannot create TelephonyManager from ComponentInfo{com.android.phone/com.android.services.telephony.TelephonyConnectionService}, ***, UserHandle{0}
11-25 17:34:59.152  2932  2932 D ImsResolver: maybeAddedImsService, packageName: sample.mapsted.com
11-25 17:34:59.155  8297 19291 I Finsky  : [285] ffa.b(32): [ContentSync] finished, scheduled=false
11-25 17:34:59.156  8297 19265 I Finsky  : [275] ihu.run(9): Wrote row to frosting DB: 5368
11-25 17:34:59.156  2932  2932 D CarrierConfigLoader: mHandler: EVENT_PACKAGE_CHANGED phoneId: 0
11-25 17:34:59.157  1826  2133 E VerityUtils: Failed to measure fs-verity, errno 1: /data/app/~~Dg9fKUAQ7--X3HndERKokA==/sample.mapsted.com-DkdSYrAvV6e36VeDayyC9A==/base.apk
11-25 17:34:59.159  1826  2414 I InputReader: Reconfiguring input devices, changes=KEYBOARD_LAYOUTS | 
11-25 17:34:59.160  1826  1826 I Telecom : DefaultDialerCache: Refreshing default dialer for user 0: now com.google.android.dialer: DDC.oR@ctY
11-25 17:34:59.164  2584  2584 V MediaPlayerList: mPackageChangedBroadcastReceiver: action: android.intent.action.PACKAGE_CHANGED
11-25 17:34:59.164  2584  2584 D MediaPlayerList: Name of package changed: sample.mapsted.com
11-25 17:34:59.174  2932  2932 E PhoneInterfaceManager: [PhoneIntfMgr] getCarrierPackageNamesForIntentAndPhone: No UICC
11-25 17:34:59.174  2932  2932 D CarrierSvcBindHelper: No carrier app for: 0
11-25 17:34:59.180  8297  8297 I Finsky  : [2] ngb.i(0): PackageMonitorReceiverImpl - Received: android.intent.action.PACKAGE_CHANGED, [21P-ZAZsUcoDvTcxXcyAi-rnZOqYHvkIFzmYwN45VCo]
11-25 17:34:59.180  8297  8297 I Finsky  : [2] ngp.n(8): Invalidating cached PackageState for sample.mapsted.com
11-25 17:34:59.183  4290  4290 D RegisteredNfcFServicesCache: Service unchanged, not updating
11-25 17:34:59.193  4290  4290 D RegisteredNfcFServicesCache: Service unchanged, not updating
11-25 17:34:59.203  8297 19265 I Finsky  : [275] ihu.run(9): Wrote row to frosting DB: 5369
11-25 17:34:59.204  8297  8340 I Finsky  : [48] esh.a(5): AIM: AppInfoManager-Perf > OnDeviceAppInfo > cacheHitCount=0, cacheMissCount=1. Missed  in cache (limit 10) : [sample.mapsted.com]
11-25 17:34:59.208  8297  8330 I Finsky  : [41] esh.a(5): AIM: AppInfoManager-Perf > OnDeviceAppInfo > cacheHitCount=0, cacheMissCount=1. Missed  in cache (limit 10) : [sample.mapsted.com]
11-25 17:34:59.212 19458 19458 D ProcessState: Binder ioctl to enable oneway spam detection failed: Invalid argument
11-25 17:34:59.217  8297 19265 I Finsky  : [275] ihu.run(9): Wrote row to frosting DB: 5370
11-25 17:34:59.220  1826  3101 I ActivityTaskManager: START u0 {act=android.intent.action.MAIN cat=[android.intent.category.LAUNCHER] flg=0x10000000 cmp=sample.mapsted.com/.SampleMainLaunchActivity} from uid 2000
11-25 17:34:59.226  1826  3101 W ActivityTaskManager: Can't find TaskDisplayArea to determine support for multi window. Task id=239 attached=false
11-25 17:34:59.237  2932  2932 E PhoneInterfaceManager: [PhoneIntfMgr] getCarrierPackageNamesForIntentAndPhone: No UICC
11-25 17:34:59.237  2932  2932 D CarrierSvcBindHelper: No carrier app for: 0
11-25 17:34:59.237  2932  2932 D ImsResolver: maybeAddedImsService, packageName: sample.mapsted.com
11-25 17:34:59.238  1826  3101 D CompatibilityChangeReporter: Compat change id reported: 174042980; UID 10330; state: DISABLED
11-25 17:34:59.247  1826  3101 D CompatibilityChangeReporter: Compat change id reported: 184838306; UID 10330; state: DISABLED
11-25 17:34:59.248  1826  3101 D CompatibilityChangeReporter: Compat change id reported: 185004937; UID 10330; state: DISABLED
11-25 17:34:59.249  8297  8297 I Finsky  : [2] VerifyInstallTask.mu(6): Verification complete: id=87, package_name=sample.mapsted.com
11-25 17:34:59.250  1826  3101 D CompatibilityChangeReporter: Compat change id reported: 181136395; UID 10330; state: DISABLED
11-25 17:34:59.252  1826  3101 D CompatibilityChangeReporter: Compat change id reported: 174042936; UID 10330; state: DISABLED
11-25 17:34:59.254  9114 19443 I Auth    : [SupervisedAccountIntentOperation] onHandleIntent(): android.intent.action.PACKAGE_ADDED
11-25 17:34:59.258  9078 19462 W GCM     : Unexpected forwarded intent: Intent { act=android.intent.action.PACKAGE_ADDED dat=package:sample.mapsted.com flg=0x4000010 pkg=com.google.android.gms cmp=com.google.android.gms/.chimera.PersistentIntentOperationService (has extras) }
11-25 17:34:59.267  9078 19462 W GCM     : Unexpected forwarded intent: Intent { act=android.intent.action.PACKAGE_ADDED dat=package:sample.mapsted.com flg=0x4000010 pkg=com.google.android.gms cmp=com.google.android.gms/.chimera.PersistentIntentOperationService (has extras) }
11-25 17:34:59.276  9114 19443 I Dck     : doesDeviceHaveSupportedWirelessCapabilities: wccSysProp:0, wccMendel:1, deviceWccOverride:false [CONTEXT service_id=289 ]
11-25 17:34:59.277  9114 19443 I Dck     : isDckModuleEligible: isAtLeastR:true, hasWccSupport:false, downloadAllowed:false, featureEnabled:true [CONTEXT service_id=289 ]
11-25 17:34:59.278  9114 19443 W Dck     : Dck module not eligible for asynchronous downloading [CONTEXT service_id=289 ]
11-25 17:34:59.287  9114  9114 D BoundBrokerSvc: onBind: Intent { act=com.google.android.gms.common.BIND_SHARED_PREFS pkg=com.google.android.gms }
11-25 17:34:59.287  9114  9114 D BoundBrokerSvc: Loading bound service for intent: Intent { act=com.google.android.gms.common.BIND_SHARED_PREFS pkg=com.google.android.gms }
11-25 17:34:59.314  1826  1950 D CompatibilityChangeReporter: Compat change id reported: 135634846; UID 10330; state: DISABLED
11-25 17:34:59.315  1826  1950 D CompatibilityChangeReporter: Compat change id reported: 177438394; UID 10330; state: DISABLED
11-25 17:34:59.315  1826  1950 D CompatibilityChangeReporter: Compat change id reported: 135772972; UID 10330; state: DISABLED
11-25 17:34:59.315  1826  1950 D CompatibilityChangeReporter: Compat change id reported: 135754954; UID 10330; state: ENABLED
11-25 17:34:59.317  1826  2015 D CompatibilityChangeReporter: Compat change id reported: 143937733; UID 10330; state: ENABLED
11-25 17:34:59.327  1159  1159 D Zygote  : Forked child process 19474
11-25 17:34:59.335  1826  2015 I ActivityManager: Start proc 19474:sample.mapsted.com/u0a330 for pre-top-activity {sample.mapsted.com/sample.mapsted.com.SampleMainLaunchActivity}
11-25 17:34:59.340  6264  6365 I AssistantForeground: Get launcher package: com.google.android.apps.nexuslauncher
11-25 17:34:59.360 19474 19474 I ple.mapsted.co: Late-enabling -Xcheck:jni
11-25 17:34:59.361  1826  1943 W Looper  : Slow delivery took 220ms android.fg h=android.os.Handler c=<recycled PooledLambda@86fb5d3> m=0
11-25 17:34:59.363  8297  8340 I Finsky  : [48] esc.a(11): AIM: AppInfoManager-Perf > ItemModel > CacheSize=66, cacheHitCount=0, cacheMissCount=0, total appsWithNoServerDataCount=4. Missed  in cache (limit 10) : []
11-25 17:34:59.388  9114  9114 D BoundBrokerSvc: onUnbind: Intent { act=com.google.android.gms.common.BIND_SHARED_PREFS pkg=com.google.android.gms }
11-25 17:34:59.390  1541  1648 I adbd    : jdwp connection from 19474
11-25 17:34:59.394 19474 19474 D ProcessState: Binder ioctl to enable oneway spam detection failed: Invalid argument
11-25 17:34:59.406  6217 19068 I A       : Writing data of size=333 bytes with N=1 keys to Geller corpus DEVICE_INSTALLED_APPS at ts=1637841899403000
11-25 17:34:59.410  1826  2010 W PackageManager: Failed registering loading progress callback. Package is fully loaded.
11-25 17:34:59.421  6264  6264 I GsaVoiceInteractionSrv: Handling ACTION_STOP_HOTWORD
11-25 17:34:59.428  8297  8340 I Finsky  : [48] esc.a(11): AIM: AppInfoManager-Perf > ItemModel > CacheSize=66, cacheHitCount=0, cacheMissCount=0, total appsWithNoServerDataCount=4. Missed  in cache (limit 10) : []
11-25 17:34:59.437  8297  8340 I Finsky  : [48] elv.accept(24): AIM: AppInfoManager-Perf > getApps > data collection finished
11-25 17:34:59.445 19474 19474 D CompatibilityChangeReporter: Compat change id reported: 171979766; UID 10330; state: ENABLED
11-25 17:34:59.450  6217  6288 I DeviceAppInfoWork: refreshDeviceAppInfoForAccount done.
11-25 17:34:59.466  1826  1943 D CompanionDeviceManagerService: onPackageModified(packageName = sample.mapsted.com)
11-25 17:34:59.469  8570 17003 I PermissionControllerServiceImpl: Updating user sensitive for uid 10330
11-25 17:34:59.477  9078 19456 I Fitness : OnPackageChangedOperation got intent: Intent { act=android.intent.action.PACKAGE_CHANGED dat=package:sample.mapsted.com flg=0x5000010 pkg=com.google.android.gms cmp=com.google.android.gms/.chimera.PersistentIntentOperationService (has extras) } [CONTEXT service_id=17 ]
11-25 17:34:59.491  8297  8340 I Finsky  : [48] esc.a(11): AIM: AppInfoManager-Perf > ItemModel > CacheSize=66, cacheHitCount=0, cacheMissCount=0, total appsWithNoServerDataCount=4. Missed  in cache (limit 10) : []
11-25 17:34:59.508  4249  4249 I AiAiEcho: EchoSearch: WidgetFetcherImpl is initialized with [25] widgets [reason=package added for userId: 0]
11-25 17:34:59.509  9078 19456 I Fitness : OnPackageChangedOperation got intent: Intent { act=android.intent.action.PACKAGE_CHANGED dat=package:sample.mapsted.com flg=0x5000010 pkg=com.google.android.gms cmp=com.google.android.gms/.chimera.PersistentIntentOperationService (has extras) } [CONTEXT service_id=17 ]
11-25 17:34:59.533  4249  4249 I AiAiEcho: EchoSearch: AppFetcherImpl is initialized with [37] apps [time=25, reason=sample.mapsted.com is added]
11-25 17:34:59.549  9078 19456 I Fitness : FitCleanupIntentOperation received Intent android.intent.action.PACKAGE_CHANGED [CONTEXT service_id=17 ]
11-25 17:34:59.563  9078 19456 I Fitness : FitCleanupIntentOperation received Intent android.intent.action.PACKAGE_CHANGED [CONTEXT service_id=17 ]
11-25 17:34:59.566  9078 16805 W ChimeraUtils: Module com.google.android.gms.nearby_en has empty metadata display_name_string_id
11-25 17:34:59.571  8297  8344 I Finsky  : [51] esc.a(11): AIM: AppInfoManager-Perf > ItemModel > CacheSize=66, cacheHitCount=0, cacheMissCount=0, total appsWithNoServerDataCount=4. Missed  in cache (limit 10) : []
11-25 17:34:59.587  8297  8344 I Finsky  : [51] elv.accept(24): AIM: AppInfoManager-Perf > getApps > data collection finished
11-25 17:34:59.634 16835 16835 I WallpaperService: engine paused
11-25 17:34:59.636  1211  1211 I sensors-hal: [hal]activate_physical_sensor:256, android.sensor.gyroscope/41 en=0
11-25 17:34:59.636  1211  1211 E QMI_FW  : qmi_cci_get_ref: ref count increased 2
11-25 17:34:59.636  1211  1211 E QMI_FW  : qmi_cci_get_ref: ref count increased 2
11-25 17:34:59.638  1211  1211 E QMI_FW  : qmi_cci_get_ref: ref count increased 2
11-25 17:34:59.638  1211  1211 E QMI_FW  : qmi_cci_get_ref: ref count increased 2
11-25 17:34:59.639  1211  1211 D Diag_Lib: diag: Diag_LSM_DeInit done for pid: 1211
11-25 17:34:59.639  1211  1211 E QMI_FW  : qmi_cci_get_ref: ref count increased 2
11-25 17:34:59.639  1211  1211 E QMI_FW  : qmi_cci_get_ref: ref count increased 2
11-25 17:34:59.640  1211  1211 D Diag_Lib: diag: Diag_LSM_DeInit done for pid: 1211
11-25 17:34:59.640  1211  1211 I sensors-hal: [hal]activate_physical_sensor:267, android.sensor.gyroscope/41 en=0 completed
11-25 17:34:59.652  9078 16805 W ChimeraUtils: Module com.google.android.gms.nearby_en has empty metadata display_name_string_id
11-25 17:34:59.671  6217  6217 I A       : onApplyWindowInsets: systemWindowInsets=Insets{left=0, top=136, right=0, bottom=44}
11-25 17:34:59.671  6217  6217 I A       : onApplyWindowInsets: systemWindowInsets=Insets{left=0, top=136, right=0, bottom=44}
11-25 17:34:59.697  9114  9263 I Icing   : IndexChimeraService.getServiceInterface callingPackage=com.google.android.gms componentName=AppsCorpus serviceId=36
11-25 17:34:59.726  9078 16805 W ChimeraUtils: Module com.google.android.gms.nearby_en has empty metadata display_name_string_id
11-25 17:34:59.769  9114 19328 I GmsCoreXrpcWrapper: Returning a channel provider with trafficStatsTag=12803 trafficStatsUid=-1
11-25 17:34:59.790  9078 20147 W ChimeraUtils: Module com.google.android.gms.nearby_en has empty metadata display_name_string_id
11-25 17:34:59.793  9114  9263 I Icing   : IndexChimeraService.getServiceInterface callingPackage=com.google.android.gms componentName=null serviceId=30
11-25 17:34:59.804  9078 20147 W ChimeraUtils: Module com.google.android.gms.nearby_en has empty metadata display_name_string_id
11-25 17:34:59.806  9078 20147 W ChimeraUtils: Module com.google.android.gms.nearby_en has empty metadata display_name_string_id
11-25 17:34:59.823  9114 19328 I Icing   : Usage reports ok 1, Failed Usage reports 0, indexed 0, rejected 0
11-25 17:34:59.833  1826  1859 I system_server: Background concurrent copying GC freed 497149(25MB) AllocSpace objects, 72(4068KB) LOS objects, 66% free, 49MB/145MB, paused 485us,361us total 798.889ms
11-25 17:34:59.847  1826  1861 W System  : A resource failed to call release. 
11-25 17:34:59.863  1826  1861 W System  : A resource failed to call close. 
11-25 17:34:59.864  1826  1861 W System  : A resource failed to call close. 
11-25 17:34:59.884  9078 23248 W ChimeraUtils: Module com.google.android.gms.nearby_en has empty metadata display_name_string_id
11-25 17:34:59.884 19474 19474 V GraphicsEnvironment: ANGLE Developer option for 'sample.mapsted.com' set to: 'default'
11-25 17:34:59.884 19474 19474 V GraphicsEnvironment: Updatable production driver is not supported on the device.
11-25 17:34:59.887 19474 19474 D NetworkSecurityConfig: No Network Security Config specified, using platform default
11-25 17:34:59.887 19474 19474 D NetworkSecurityConfig: No Network Security Config specified, using platform default
11-25 17:34:59.892 19474 19474 D WM-WrkMgrInitializer: Initializing WorkManager with default configuration.
11-25 17:34:59.893  9114 19328 I GmsCoreXrpcWrapper: Returning a channel provider with trafficStatsTag=12803 trafficStatsUid=-1
11-25 17:34:59.901  9078 23248 W ChimeraUtils: Module com.google.android.gms.nearby_en has empty metadata display_name_string_id
11-25 17:34:59.910  9078 23248 W ChimeraUtils: Module com.google.android.gms.nearby_en has empty metadata display_name_string_id
11-25 17:34:59.915  9114 19328 I Icing   : Usage reports ok 0, Failed Usage reports 0, indexed 0, rejected 0
11-25 17:34:59.934  9114 19328 I Icing   : Indexing com.google.android.gms-apps from com.google.android.gms
11-25 17:34:59.963  9114 19328 I Icing   : Indexing done com.google.android.gms-apps
11-25 17:34:59.966  9114 19328 I Icing   : Indexing com.google.android.gms-apps from com.google.android.gms
11-25 17:34:59.970  9114 19328 I Icing   : Indexing done com.google.android.gms-apps
11-25 17:34:59.979 19474 19499 D CompatibilityChangeReporter: Compat change id reported: 160794467; UID 10330; state: ENABLED
11-25 17:35:00.009  4249  4477 I AiAiEcho: Predicting[1]: { Feature:WEATHER, creation:2021-11-25T11:46:11.088Z, expiry:2021-11-25T17:46:11.088Z, isExpired: false}
11-25 17:35:00.010  4249  4477 I AiAiEcho: Ranked targets strategy: SORT, count: 1, ranking metadata: { cardId: WEATHER-1905757503, card type: WEATHER, update time: 2021-11-25T11:46:11.088Z, expiration time: 2021-11-25T17:46:11.088Z, ranking metadata: RankingMetaData(urgency=0.0, priority=0.0, recency=0.0, rankScore=0.0, importantTimePoints=# ipz@7bca4) }
11-25 17:35:00.013  3081  3081 W BcSmartspaceCard: No title view to update
11-25 17:35:00.028  4249  4477 I AiAiEcho: Predicting[1]: { Feature:WEATHER, creation:2021-11-25T11:46:11.088Z, expiry:2021-11-25T17:46:11.088Z, isExpired: false}
11-25 17:35:00.028  2600  2600 W BcSmartspaceCard: No title view to update
11-25 17:35:00.029  4249  4477 I AiAiEcho: Ranked targets strategy: SORT, count: 1, ranking metadata: { cardId: WEATHER-1905757503, card type: WEATHER, update time: 2021-11-25T11:46:11.088Z, expiration time: 2021-11-25T17:46:11.088Z, ranking metadata: RankingMetaData(urgency=0.0, priority=0.0, recency=0.0, rankScore=0.0, importantTimePoints=# ipz@7bca4) }
11-25 17:35:00.033  3081  3081 W BcSmartspaceCard: No title view to update
11-25 17:35:00.036  2600  2600 W BcSmartspaceCard: No title view to update
11-25 17:35:00.038  1826  2460 D ConnectivityService: NetReassign [no changes]
11-25 17:35:00.048 19474 19474 W ple.mapsted.co: Accessing hidden method Landroid/view/View;->computeFitSystemWindows(Landroid/graphics/Rect;Landroid/graphics/Rect;)Z (unsupported, reflection, allowed)
11-25 17:35:00.048 19474 19474 W ple.mapsted.co: Accessing hidden method Landroid/view/ViewGroup;->makeOptionalFitsSystemWindows()V (unsupported, reflection, allowed)
11-25 17:35:00.055  1826  2407 I RoleService: Granting default roles...
11-25 17:35:00.189  1826  1952 D CompatibilityChangeReporter: Compat change id reported: 158002302; UID 10330; state: ENABLED
11-25 17:35:00.190   671   713 W ServiceManager: Permission failure: android.permission.ACCESS_SURFACE_FLINGER from uid=10330 pid=19474
11-25 17:35:00.190   671   713 D PermissionCache: checking android.permission.ACCESS_SURFACE_FLINGER for uid=10330 => denied (429 us)
11-25 17:35:00.190   671   713 W ServiceManager: Permission failure: android.permission.ROTATE_SURFACE_FLINGER from uid=10330 pid=19474
11-25 17:35:00.190   671   713 D PermissionCache: checking android.permission.ROTATE_SURFACE_FLINGER for uid=10330 => denied (112 us)
11-25 17:35:00.192 19474 19500 I AdrenoGLES-0: QUALCOMM build                   : 85da404, I46ff5fc46f
11-25 17:35:00.192 19474 19500 I AdrenoGLES-0: Build Date                       : 11/30/20
11-25 17:35:00.192 19474 19500 I AdrenoGLES-0: OpenGL ES Shader Compiler Version: EV031.31.04.01
11-25 17:35:00.192 19474 19500 I AdrenoGLES-0: Local Branch                     : promo490_3_Google
11-25 17:35:00.192 19474 19500 I AdrenoGLES-0: Remote Branch                    : 
11-25 17:35:00.192 19474 19500 I AdrenoGLES-0: Remote Branch                    : 
11-25 17:35:00.192 19474 19500 I AdrenoGLES-0: Reconstruct Branch               : 
11-25 17:35:00.192 19474 19500 I AdrenoGLES-0: Build Config                     : S P 10.0.4 AArch64
11-25 17:35:00.192 19474 19500 I AdrenoGLES-0: Driver Path                      : /vendor/lib64/egl/libGLESv2_adreno.so
11-25 17:35:00.193 19474 19500 D hw-ProcessState: Binder ioctl to enable oneway spam detection failed: Invalid argument
11-25 17:35:00.198 19474 19500 I AdrenoGLES-0: PFP: 0x016ee190, ME: 0x00000000
11-25 17:35:00.199 19474 19500 W AdrenoUtils: <ReadGpuID_from_sysfs:197>: Failed to open /sys/class/kgsl/kgsl-3d0/gpu_model
11-25 17:35:00.199 19474 19500 W AdrenoUtils: <ReadGpuID:221>: Failed to read chip ID from gpu_model. Fallback to use the GSL path
11-25 17:35:00.204   674   721 I SDM     : HWCDisplay::GetColorModeCount: Supported color mode count = 3
11-25 17:35:00.204 19474 19500 D hw-ProcessState: Binder ioctl to enable oneway spam detection failed: Invalid argument
11-25 17:35:00.251 19169 19225 D CompatibilityChangeReporter: Compat change id reported: 160794467; UID 10173; state: DISABLED
11-25 17:35:00.255  1826  2525 I ActivityManager: Background started FGS: Allowed [callingPackage: com.google.android.apps.wellbeing; callingUid: 10173; uidState: BTOP; intent: Intent { cmp=com.google.android.apps.wellbeing/com.google.apps.tiktok.concurrent.InternalForegroundService (has extras) }; code:BACKGROUND_ACTIVITY_PERMISSION; tempAllowListReason:<null>; targetSdkVersion:30; callerTargetSdkVersion:30; startForegroundCount:0; bindFromPackage:null]
11-25 17:35:00.257  1826  2014 I DropBoxManagerService: add tag=system_server_wtf isTagEnabled=true flags=0x2
11-25 17:35:00.263  1826  2014 I ActivityManager: Deferring FGS notification in legacy app com.google.android.apps.wellbeing/u0a173 : Notification(channel=app_limit_updates shortcut=null contentView=null vibrate=null sound=null defaults=0x0 flags=0x162 color=0xff934c00 category=service vis=PRIVATE)
11-25 17:35:00.270  1826  1943 W Looper  : Drained
11-25 17:35:00.271  1826  1943 I ActivityTaskManager: Displayed sample.mapsted.com/.SampleMainLaunchActivity: +1s48ms
11-25 17:35:00.294  4146  4146 I GoogleInputMethodService: GoogleInputMethodService.onFinishInput():3293 
11-25 17:35:00.295  4146  4146 I GoogleInputMethodService: GoogleInputMethodService.onStartInput():1981 
11-25 17:35:00.297  4146  4146 I DeviceUnlockedTag: DeviceUnlockedTag.notifyDeviceLockStatusChanged():79 Notify device unlocked.
11-25 17:35:00.307  1826  1950 W ProcessStats: Tracking association SourceState{d36d0c com.google.android.gms/10183 BTopFgs #283618} whose proc state 2 is better than process ProcessState{a841e78 com.google.android.gms.persistent/10183 pkg=com.google.android.gms} proc state 3 (2 skipped)
11-25 17:35:00.481 29765 29906 V LOGMAPSTED:MapstedPositioning: onPositionChange: position com.mapsted.corepositioning.cppObjects.swig.Position@2af5dfd, X=8938018.14567781, Y=3056553.1972195003, Z=0.0, propertyId=-1, buildingId=-1, floorId -1
11-25 17:35:00.481 29765 30001 V LOGMAPSTED:PostUserPosition: post: cppPosition com.mapsted.corepositioning.cppObjects.swig.Position@1fc4af2, last sent 9995.0 ms ago
11-25 17:35:00.482 29765 30001 V LOGMAPSTED:PostUserPosition: doPost: userLivePositionPackageJson = {"Position":{"buildingId":-1,"covXY":0.0,"floorId":-1,"propertyId":-1,"unixTimestampMs":1.6378419004801382E12,"varX":89.22751,"varY":89.22751,"x":8938018.14567781,"y":3056553.1972195003},"UserUID":"910c108e-0889-4713-84d4-5c97ca54a764"}
11-25 17:35:00.483 29765 23442 V OkHttp  : --> POST https://positioning-stage.mapsted.com/v4.5/api//analytics/PostUserLivePosition
11-25 17:35:00.483 29765 23442 V OkHttp  : Content-Type: application/json; charset=utf-8
11-25 17:35:00.484 29765 23442 V OkHttp  : Content-Length: 236
11-25 17:35:00.484 29765 23442 V OkHttp  : 
11-25 17:35:00.484 29765 23442 V OkHttp  : {"Position":{"buildingId":-1,"covXY":0.0,"floorId":-1,"propertyId":-1,"unixTimestampMs":1.6378419004801382E12,"varX":89.22751,"varY":89.22751,"x":8938018.14567781,"y":3056553.1972195003},"UserUID":"910c108e-0889-4713-84d4-5c97ca54a764"}
11-25 17:35:00.484 29765 23442 V OkHttp  : --> END POST (236-byte body)
11-25 17:35:00.558  1826  3095 W InputManager-JNI: Input channel object '886abdd Splash Screen sample.mapsted.com (client)' was disposed without first being removed with the input manager!
11-25 17:35:00.648  9078  9091 I FontLog : Received query Noto Color Emoji Compat, URI content://com.google.android.gms.fonts [CONTEXT service_id=132 ]
11-25 17:35:00.648  9078  9091 I FontLog : Query [emojicompat-emoji-font] resolved to {Noto Color Emoji Compat, wdth 100.0, wght 400, ital 0.0, bestEffort false} [CONTEXT service_id=132 ]
11-25 17:35:00.650  9078  9091 I FontLog : Fetch {Noto Color Emoji Compat, wdth 100.0, wght 400, ital 0.0, bestEffort false} end status Status{statusCode=SUCCESS, resolution=null} [CONTEXT service_id=132 ]
11-25 17:35:00.657  9078  9091 I FontLog : Pulling font file for id = 27, cache size = 5 [CONTEXT service_id=132 ]
11-25 17:35:00.661  9078  9091 I FontLog : Pulling font file for id = 27, cache size = 5 [CONTEXT service_id=132 ]
11-25 17:35:00.931  1826  1826 I Telecom : DefaultDialerCache: Refreshing default dialer for user 0: now com.google.android.dialer: DDC.oR@ctc
11-25 17:35:00.932  1826  1943 D CompanionDeviceManagerService: onPackageModified(packageName = sample.mapsted.com)
11-25 17:35:00.934  2584  2584 V MediaPlayerList: mPackageChangedBroadcastReceiver: action: android.intent.action.PACKAGE_CHANGED
11-25 17:35:00.934  2584  2584 D MediaPlayerList: Name of package changed: sample.mapsted.com
11-25 17:35:00.936  8570 17003 I PermissionControllerServiceImpl: Updating user sensitive for uid 10330
11-25 17:35:00.943  1826  2414 I InputReader: Reconfiguring input devices, changes=KEYBOARD_LAYOUTS | 
11-25 17:35:00.960  4290  4290 D RegisteredNfcFServicesCache: Service unchanged, not updating
11-25 17:35:00.978  9078 19457 I Fitness : OnPackageChangedOperation got intent: Intent { act=android.intent.action.PACKAGE_CHANGED dat=package:sample.mapsted.com flg=0x45000010 pkg=com.google.android.gms cmp=com.google.android.gms/.chimera.PersistentIntentOperationService (has extras) } [CONTEXT service_id=17 ]
11-25 17:35:00.980  2932  2932 E PhoneInterfaceManager: [PhoneIntfMgr] getCarrierPackageNamesForIntentAndPhone: No UICC
11-25 17:35:00.981  2932  2932 D CarrierSvcBindHelper: No carrier app for: 0
11-25 17:35:00.981  2932  2932 D ImsResolver: maybeAddedImsService, packageName: sample.mapsted.com
11-25 17:35:00.993  9078 19457 I Fitness : FitCleanupIntentOperation received Intent android.intent.action.PACKAGE_CHANGED [CONTEXT service_id=17 ]
11-25 17:35:01.022  9078 20147 W ChimeraUtils: Module com.google.android.gms.nearby_en has empty metadata display_name_string_id
11-25 17:35:01.030  9078 20147 W ChimeraUtils: Module com.google.android.gms.nearby_en has empty metadata display_name_string_id
11-25 17:35:01.037  9114 13297 I Icing   : Indexing com.google.android.gms-apps from com.google.android.gms
11-25 17:35:01.040  9078 20147 W ChimeraUtils: Module com.google.android.gms.nearby_en has empty metadata display_name_string_id
11-25 17:35:01.056  9114 13297 I Icing   : Indexing done com.google.android.gms-apps
11-25 17:35:02.263  1826  2014 W BroadcastQueue: Background execution not allowed: receiving Intent { act=android.intent.action.DROPBOX_ENTRY_ADDED flg=0x10 (has extras) } to com.google.android.gms/.stats.service.DropBoxEntryAddedReceiver
11-25 17:35:02.263  1826  2014 W BroadcastQueue: Background execution not allowed: receiving Intent { act=android.intent.action.DROPBOX_ENTRY_ADDED flg=0x10 (has extras) } to com.google.android.gms/.chimera.GmsIntentOperationService$PersistentTrustedReceiver
11-25 17:35:02.349  1826  2525 I DropBoxManagerService: add tag=platform_stats_bookmark isTagEnabled=true flags=0x2
11-25 17:35:02.352  1826  2014 W BroadcastQueue: Background execution not allowed: receiving Intent { act=android.intent.action.DROPBOX_ENTRY_ADDED flg=0x10 (has extras) } to com.google.android.gms/.stats.service.DropBoxEntryAddedReceiver
11-25 17:35:02.352  1826  2014 W BroadcastQueue: Background execution not allowed: receiving Intent { act=android.intent.action.DROPBOX_ENTRY_ADDED flg=0x10 (has extras) } to com.google.android.gms/.chimera.GmsIntentOperationService$PersistentTrustedReceiver
11-25 17:35:02.409  1826  2525 I ActivityTaskManager: START u0 {cmp=sample.mapsted.com/.activities.SampleMapWithUiToolsActivity} from uid 10330
11-25 17:35:02.415  1179  3593 D audio_hw_primary: start_output_stream: enter: stream(0xf24c4330)usecase(1: low-latency-playback)  devices(0x2) is_haptic_usecase(0)
11-25 17:35:02.415  1179  3593 D audio_hw_primary: select_devices for use case (low-latency-playback)
11-25 17:35:02.415  1179  3593 I msm8974_platform: platform_check_and_set_codec_backend_cfg:becf: afe: bitwidth 24, samplerate 48000 channels 2, backend_idx 0 usecase = 1 device (speaker)
11-25 17:35:02.415  1179  3593 I msm8974_platform: platform_check_and_set_codec_backend_cfg: new_snd_devices[0] is 2
11-25 17:35:02.415  1179  3593 I msm8974_platform: platform_check_codec_backend_cfg:becf: afe: bitwidth 24, samplerate 48000 channels 2, backend_idx 0 usecase = 1 device (speaker)
11-25 17:35:02.417  1179  3593 D msm8974_platform: platform_check_codec_backend_cfg:becf: updated afe: bitwidth 24, samplerate 48000 channels 2,backend_idx 0 usecase = 1 device (speaker)
11-25 17:35:02.417  1179  3593 I msm8974_platform: platform_check_codec_backend_cfg:becf: afe: Codec selected backend: 0 updated bit width: 24 and sample rate: 48000
11-25 17:35:02.417  1179  3593 I msm8974_platform: platform_check_codec_backend_cfg:becf: afe: Codec backend needs to be updated. new bit width: 24new sample rate: 48000 new channels: 2
11-25 17:35:02.417  1179  3593 I msm8974_platform: platform_set_codec_backend_cfg:becf: afe: bitwidth 24, samplerate 48000 channels 2 format 1, backend_idx 0 device (speaker)
11-25 17:35:02.417  1179  3593 E msm8974_platform: platform_set_codec_backend_cfg:becf: afe: Could not get ctl for mixer command - SLIM_0_RX Format
11-25 17:35:02.417  1179  3593 D audio_hw_primary: check_usecases_codec_backend:becf: force routing 0
11-25 17:35:02.417  1179  3593 D audio_hw_primary: check_usecases_codec_backend:becf: (78) check_usecases curr device: speaker, usecase device: backends match 0
11-25 17:35:02.417  1179  3593 D audio_hw_primary: check_usecases_codec_backend:becf: check_usecases num.of Usecases to switch 0
11-25 17:35:02.417  1179  3593 D hardware_info: hw_info_append_hw_type : device_name = speaker
11-25 17:35:02.417  1179  3593 D audio_route: Apply path: speaker
11-25 17:35:02.424  1826  5027 W ActivityTaskManager: Tried to set launchTime (0) < mLastActivityLaunchTime (138563283)
11-25 17:35:02.438  1179  3593 D hardware_info: hw_info_append_hw_type : device_name = vi-feedback
11-25 17:35:02.438  1179  3593 D audio_hw_primary: enable_snd_device: snd_device(222: vi-feedback)
11-25 17:35:02.438  1179  3593 D msm8974_platform: platform_get_island_cfg_on_device:island cfg status on snd_device = (vi-feedback 0)
11-25 17:35:02.438  1179  3593 I soundtrigger: audio_extn_sound_trigger_update_device_status: device 0xde of type 1 for Event 1, with Raise=0
11-25 17:35:02.438  1179  3593 D audio_route: Apply path: vi-feedback
11-25 17:35:02.438  1179  3593 D soundtrigger: audio_extn_sound_trigger_update_stream_status: uc_info->id 53 of type 1 for Event 3, with Raise=0
11-25 17:35:02.438  1179  3593 D audio_hw_utils: audio_extn_utils_send_app_type_cfg: usecase->in_snd_device vi-feedback
11-25 17:35:02.439  1179  3593 E audio_hw_utils: send_app_type_cfg_for_device: Could not get ctl for mixer cmd - Audio Stream Capture 103 App Type Cfg
11-25 17:35:02.439  1179  3593 D audio_hw_waves: ma_set_device: 53 is not supported usecase
11-25 17:35:02.439  1179  3593 D ACDB-LOADER: ACDB -> send_audio_cal, acdb_id = 512, path = 1, app id = 0x11132, sample rate = 8000, afe_sample_rate = 8000
11-25 17:35:02.439  1179  3593 D ACDB-LOADER: ACDB -> send_asm_topology
11-25 17:35:02.439  1179  3593 D ACDB-LOADER: ACDB -> ACDB_CMD_GET_AUDPROC_STREAM_TOPOLOGY_ID
11-25 17:35:02.439  1179  3593 D ACDB-LOADER: ACDB -> send_adm_topology
11-25 17:35:02.439  1179  3593 D ACDB-LOADER: ACDB -> ACDB_CMD_GET_AUDPROC_COMMON_TOPOLOGY_ID
11-25 17:35:02.439  1179  3593 D ACDB-LOADER: ACDB -> send_audtable
11-25 17:35:02.439  1179  3593 D ACDB-LOADER: ACDB -> ACDB_CMD_GET_AUDPROC_INSTANCE_COMMON_TABLE_SIZE
11-25 17:35:02.439  1179  3593 D android.hardware.audio.service: Failed to fetch the lookup information of the device 00000200 
11-25 17:35:02.439  1179  3593 D ACDB-LOADER: Error: ACDB_CMD_GET_AUDPROC_INSTANCE_COMMON_TABLE_SIZE Returned = -19
11-25 17:35:02.439  1179  3593 D ACDB-LOADER: ACDB -> ACDB_CMD_GET_AUDPROC_INSTANCE_COMMON_TABLE
11-25 17:35:02.439  1179  3593 D android.hardware.audio.service: Failed to fetch the lookup information of the device 00000200 
11-25 17:35:02.439  1179  3593 D ACDB-LOADER: Error: ACDB audproc returned = -19
11-25 17:35:02.439  1179  3593 D ACDB-LOADER: ACDB -> AUDIO_SET_AUDPROC_CAL cal_type[11] acdb_id[512] app_type[69938]
11-25 17:35:02.439  1179  3593 D ACDB-LOADER: ACDB -> ACDB_CMD_GET_AUDPROC_INSTANCE_STREAM_TABLE_SIZE
11-25 17:35:02.439  1179  3593 D ACDB-LOADER: ACDB -> send_audstrmtable
11-25 17:35:02.439  1179  3593 D ACDB-LOADER: ACDB -> ACDB_CMD_GET_AUDPROC_INSTANCE_STREAM_TABLE
11-25 17:35:02.439  1179  3593 D ACDB-LOADER: ACDB -> audstrm_cal->cal_type.cal_data.cal_size = 20
11-25 17:35:02.439  1179  3593 D ACDB-LOADER: ACDB -> send_afe_topology
11-25 17:35:02.439  1179  3593 D ACDB-LOADER: ACDB -> ACDB_CMD_GET_AFE_TOPOLOGY_ID
11-25 17:35:02.439  1179  3593 D ACDB-LOADER: ACDB -> GET_AFE_TOPOLOGY_ID for adcd_id 512, Topology Id 112fb
11-25 17:35:02.439  1179  3593 D ACDB-LOADER: ACDB -> send_afe_cal
11-25 17:35:02.439  1179  3593 D ACDB-LOADER: ACDB -> ACDB_CMD_GET_AFE_INSTANCE_COMMON_TABLE_SIZE
11-25 17:35:02.439  1179  3593 D android.hardware.audio.service: Failed to fetch the lookup information of the device 00000200 
11-25 17:35:02.439  1179  3593 D ACDB-LOADER: Error: ACDB_CMD_GET_AFE_INSTANCE_COMMON_TABLE_SIZE Returned = -19
11-25 17:35:02.439  1179  3593 D ACDB-LOADER: ACDB -> ACDB_CMD_GET_AFE_INSTANCE_COMMON_TABLE
11-25 17:35:02.439  1179  3593 D android.hardware.audio.service: Failed to fetch the lookup information of the device 00000200 
11-25 17:35:02.439  1179  3593 D ACDB-LOADER: Error: ACDB AFE returned = -19
11-25 17:35:02.439  1179  3593 D ACDB-LOADER: ACDB -> AUDIO_SET_AFE_CAL cal_type[17] acdb_id[512]
11-25 17:35:02.439  1179  3593 D ACDB-LOADER: ACDB -> send_hw_delay : acdb_id = 512 path = 1
11-25 17:35:02.439  1179  3593 D ACDB-LOADER: ACDB -> ACDB_AVSYNC_INFO: ACDB_CMD_GET_DEVICE_PROPERTY
11-25 17:35:02.439  1179  3593 D audio_hw_primary: enable_audio_route: apply mixer and update path: spkr-vi-record vi-feedback
11-25 17:35:02.439  1179  3593 D audio_route: Apply path: spkr-vi-record vi-feedback
11-25 17:35:02.454  1179  3593 W audio_hw_cirrus_playback: spkr_prot_start_processing: ret: 0, state: 3, snd_device: 2
11-25 17:35:02.454  1179  3593 D soundtrigger: audio_extn_sound_trigger_update_stream_status: uc_info->id 1 of type 0 for Event 3, with Raise=0
11-25 17:35:02.454  1179  3593 D audio_hw_utils: audio_extn_utils_send_app_type_cfg: usecase->out_snd_device speaker
11-25 17:35:02.454  1179  3593 I audio_hw_utils: send_app_type_cfg_for_device PLAYBACK app_type 69936, acdb_dev_id 513, sample_rate 48000, snd_device_be_idx 71
11-25 17:35:02.455  1179  3593 E ACDB-LOADER: [acdb_loader_adsp_set_audio_cal] active device/stream not found (result=-100) for topology 0x1000dffb and apptype 0x11130
11-25 17:35:02.455  1179  3593 E ACDB-LOADER: [acdb_loader_adsp_set_audio_cal] set parameters failed with status -100
11-25 17:35:02.456  1179  3593 D ACDB-LOADER: ACDB -> send_audio_cal, acdb_id = 513, path = 0, app id = 0x11130, sample rate = 48000, afe_sample_rate = 48000
11-25 17:35:02.456  1179  3593 D ACDB-LOADER: ACDB -> send_asm_topology
11-25 17:35:02.456  1179  3593 D ACDB-LOADER: ACDB -> ACDB_CMD_GET_AUDPROC_STREAM_TOPOLOGY_ID
11-25 17:35:02.456  1179  3593 D ACDB-LOADER: ACDB -> send_adm_topology
11-25 17:35:02.456  1179  3593 D ACDB-LOADER: ACDB -> ACDB_CMD_GET_AUDPROC_COMMON_TOPOLOGY_ID
11-25 17:35:02.456  1179  3593 D ACDB-LOADER: ACDB -> send_audtable
11-25 17:35:02.456  1179  3593 D ACDB-LOADER: ACDB -> ACDB_CMD_GET_AUDPROC_INSTANCE_COMMON_TABLE_SIZE
11-25 17:35:02.456  1179  3593 D ACDB-LOADER: ACDB -> ACDB_CMD_GET_AUDPROC_INSTANCE_COMMON_TABLE
11-25 17:35:02.456  1179  3593 D ACDB-LOADER: ACDB -> AUDIO_SET_AUDPROC_CAL cal_type[11] acdb_id[513] app_type[69936]
11-25 17:35:02.456  1179  3593 D ACDB-LOADER: ACDB -> send_audvoltable
11-25 17:35:02.456  1179  3593 D ACDB-LOADER: ACDB -> ACDB_CMD_GET_AUDPROC_INSTANCE_GAIN_DEP_STEP_TABLE_SIZE
11-25 17:35:02.456  1179  3593 D android.hardware.audio.service: Failed to fetch the lookup information of the device 00000201 
11-25 17:35:02.456  1179  3593 D ACDB-LOADER: Error: ACDB_CMD_GET_AUDPROC_INSTANCE_GAIN_DEP_STEP_TABLE_SIZE Returned = -19
11-25 17:35:02.456  1179  3593 D ACDB-LOADER: ACDB -> ACDB_CMD_GET_AUDPROC_INSTANCE_GAIN_DEP_STEP_TABLE, vol index 0
11-25 17:35:02.456  1179  3593 D android.hardware.audio.service: Failed to fetch the lookup information of the device 00000201 
11-25 17:35:02.456  1179  3593 D ACDB-LOADER: Error: ACDB AudProc vol returned = -19
11-25 17:35:02.456  1179  3593 D ACDB-LOADER: ACDB -> AUDIO_SET_VOL_CAL cal type = 12
11-25 17:35:02.456  1179  3593 D ACDB-LOADER: ACDB -> ACDB_CMD_GET_AUDPROC_INSTANCE_STREAM_TABLE_SIZE
11-25 17:35:02.456  1179  3593 D ACDB-LOADER: ACDB -> send_audstrmtable
11-25 17:35:02.456  1179  3593 D ACDB-LOADER: ACDB -> ACDB_CMD_GET_AUDPROC_INSTANCE_STREAM_TABLE
11-25 17:35:02.456  1179  3593 D ACDB-LOADER: ACDB -> audstrm_cal->cal_type.cal_data.cal_size = 536
11-25 17:35:02.456  1179  3593 D ACDB-LOADER: ACDB -> send_afe_topology
11-25 17:35:02.456  1179  3593 D ACDB-LOADER: ACDB -> ACDB_CMD_GET_AFE_TOPOLOGY_ID
11-25 17:35:02.456  1179  3593 D ACDB-LOADER: ACDB -> GET_AFE_TOPOLOGY_ID for adcd_id 513, Topology Id 112fc
11-25 17:35:02.456  1179  3593 D ACDB-LOADER: ACDB -> send_afe_cal
11-25 17:35:02.456  1179  3593 D ACDB-LOADER: ACDB -> ACDB_CMD_GET_AFE_INSTANCE_COMMON_TABLE_SIZE
11-25 17:35:02.456  1179  3593 D android.hardware.audio.service: Failed to fetch the lookup information of the device 00000201 
11-25 17:35:02.456  1179  3593 D ACDB-LOADER: Error: ACDB_CMD_GET_AFE_INSTANCE_COMMON_TABLE_SIZE Returned = -19
11-25 17:35:02.456  1179  3593 D ACDB-LOADER: ACDB -> ACDB_CMD_GET_AFE_INSTANCE_COMMON_TABLE
11-25 17:35:02.456  1179  3593 D android.hardware.audio.service: Failed to fetch the lookup information of the device 00000201 
11-25 17:35:02.456  1179  3593 D ACDB-LOADER: Error: ACDB AFE returned = -19
11-25 17:35:02.456  1179  3593 D ACDB-LOADER: ACDB -> AUDIO_SET_AFE_CAL cal_type[16] acdb_id[513]
11-25 17:35:02.456  1179  3593 D ACDB-LOADER: ACDB -> send_hw_delay : acdb_id = 513 path = 0
11-25 17:35:02.456  1179  3593 D ACDB-LOADER: ACDB -> ACDB_AVSYNC_INFO: ACDB_CMD_GET_DEVICE_PROPERTY
11-25 17:35:02.456  1179  3593 D audio_hw_primary: enable_audio_route: apply mixer and update path: low-latency-playback speaker
11-25 17:35:02.456  1179  3593 D audio_route: Apply path: low-latency-playback speaker
11-25 17:35:02.468  1179  3593 D msm8974_platform: platform_set_channel_map mixer_ctl_name:Playback Channel Map13
11-25 17:35:02.468  1179  3593 D msm8974_platform: platform_set_channel_map: set mapping(1 2 0 0 0 0 0 0) for channel:2
11-25 17:35:02.528 19474 19474 I SampleMapWithUiToolsActivity: ::setupMapstedSdk
11-25 17:35:02.668  1179  2005 D audio_hw_waves: ma_set_source_metadata_l: All tracks was removed from app_type(69936) device_type(2)
11-25 17:35:02.759  1826  1943 I ActivityTaskManager: Displayed sample.mapsted.com/.activities.SampleMapWithUiToolsActivity: +346ms
11-25 17:35:02.782  4146  4146 I GoogleInputMethodService: GoogleInputMethodService.onFinishInput():3293 
11-25 17:35:02.783  4146  4146 I GoogleInputMethodService: GoogleInputMethodService.onStartInput():1981 
11-25 17:35:02.784  4146  4146 I DeviceUnlockedTag: DeviceUnlockedTag.notifyDeviceLockStatusChanged():79 Notify device unlocked.
11-25 17:35:02.949 29765 23442 V OkHttp  : <-- 500 https://positioning-stage.mapsted.com/v4.5/api//analytics/PostUserLivePosition (2465ms)
11-25 17:35:02.949 29765 23442 V OkHttp  : cache-control: no-cache
11-25 17:35:02.949 29765 23442 V OkHttp  : pragma: no-cache
11-25 17:35:02.950 29765 23442 V OkHttp  : content-type: application/json; charset=utf-8
11-25 17:35:02.950 29765 23442 V OkHttp  : expires: -1
11-25 17:35:02.950 29765 23442 V OkHttp  : server: Microsoft-IIS/10.0
11-25 17:35:02.950 29765 23442 V OkHttp  : x-aspnet-version: 4.0.30319
11-25 17:35:02.950 29765 23442 V OkHttp  : x-powered-by: ASP.NET
11-25 17:35:02.950 29765 23442 V OkHttp  : date: Thu, 25 Nov 2021 12:05:02 GMT
11-25 17:35:02.950 29765 23442 V OkHttp  : content-length: 55
11-25 17:35:02.950 29765 23442 V OkHttp  : 
11-25 17:35:02.950 29765 23442 V OkHttp  : "Object reference not set to an instance of an object."
11-25 17:35:02.950 29765 23442 V OkHttp  : <-- END HTTP (55-byte body)
